Archive member included to satisfy reference by file (symbol)

../../../LEAF/leaf/build/libleaf.a(leaf-mempool.o)
                              build/MyProj.o (tMempool_init)
../../../LEAF/leaf/build/libleaf.a(leaf-sampling.o)
                              build/MyProj.o (tBuffer_initToPool)
../../../LEAF/leaf/build/libleaf.a(leaf.o)
                              build/MyProj.o (LEAF_init)
../../../LEAF/leaf/build/libleaf.a(leaf-analysis.o)
                              ../../../LEAF/leaf/build/libleaf.a(leaf-sampling.o) (tEnvelopeFollower_initToPool)
../../../LEAF/leaf/build/libleaf.a(leaf-envelopes.o)
                              ../../../LEAF/leaf/build/libleaf.a(leaf-sampling.o) (tRamp_initToPool)
../../../LEAF/leaf/build/libleaf.a(leaf-math.o)
                              ../../../LEAF/leaf/build/libleaf.a(leaf-analysis.o) (interpolate3max)
../../../LEAF/leaf/build/libleaf.a(leaf-tables.o)
                              ../../../LEAF/leaf/build/libleaf.a(leaf-math.o) (slope_dd_table)
../../../LEAF/leaf/build/libleaf.a(d_fft_mayer.o)
                              ../../../LEAF/leaf/build/libleaf.a(leaf-analysis.o) (mayer_realfft)
../../libDaisy//build/libdaisy.a(daisy_pod.o)
                              build/MyProj.o (daisy::DaisyPod::StartAudio(void (*)(float const* const*, float**, unsigned int)))
../../libDaisy//build/libdaisy.a(daisy_seed.o)
                              ../../libDaisy//build/libdaisy.a(daisy_pod.o) (daisy::DaisySeed::Configure())
../../libDaisy//build/libdaisy.a(codec_ak4556.o)
                              ../../libDaisy//build/libdaisy.a(daisy_seed.o) (daisy::Ak4556::Init(dsy_gpio_pin))
../../libDaisy//build/libdaisy.a(codec_wm8731.o)
                              ../../libDaisy//build/libdaisy.a(daisy_seed.o) (daisy::Wm8731::Init(daisy::Wm8731::Config const&, daisy::I2CHandle))
../../libDaisy//build/libdaisy.a(sdram.o)
                              ../../libDaisy//build/libdaisy.a(daisy_seed.o) (SdramHandle::Init())
../../libDaisy//build/libdaisy.a(audio.o)
                              ../../libDaisy//build/libdaisy.a(daisy_seed.o) (daisy::AudioHandle::Init(daisy::AudioHandle::Config const&, daisy::SaiHandle))
../../libDaisy//build/libdaisy.a(ctrl.o)
                              ../../libDaisy//build/libdaisy.a(daisy_pod.o) (daisy::AnalogControl::Init(unsigned short*, float, bool, bool, float))
../../libDaisy//build/libdaisy.a(encoder.o)
                              ../../libDaisy//build/libdaisy.a(daisy_pod.o) (daisy::Encoder::Init(dsy_gpio_pin, dsy_gpio_pin, dsy_gpio_pin, float))
../../libDaisy//build/libdaisy.a(rgb_led.o)
                              ../../libDaisy//build/libdaisy.a(daisy_pod.o) (daisy::RgbLed::Init(dsy_gpio_pin, dsy_gpio_pin, dsy_gpio_pin, bool))
../../libDaisy//build/libdaisy.a(switch.o)
                              ../../libDaisy//build/libdaisy.a(daisy_pod.o) (daisy::Switch::Init(dsy_gpio_pin, float))
../../libDaisy//build/libdaisy.a(adc.o)
                              ../../libDaisy//build/libdaisy.a(daisy_pod.o) (daisy::AdcChannelConfig::InitSingle(dsy_gpio_pin))
../../libDaisy//build/libdaisy.a(gpio.o)
                              ../../libDaisy//build/libdaisy.a(daisy_seed.o) (dsy_gpio_init)
../../libDaisy//build/libdaisy.a(i2c.o)
                              ../../libDaisy//build/libdaisy.a(daisy_seed.o) (daisy::I2CHandle::Init(daisy::I2CHandle::Config const&))
../../libDaisy//build/libdaisy.a(qspi.o)
                              ../../libDaisy//build/libdaisy.a(daisy_seed.o) (daisy::QSPIHandle::Init(daisy::QSPIHandle::Config const&))
../../libDaisy//build/libdaisy.a(rng.o)
                              build/MyProj.o (daisy::Random::Init())
../../libDaisy//build/libdaisy.a(sai.o)
                              ../../libDaisy//build/libdaisy.a(daisy_seed.o) (daisy::SaiHandle::Init(daisy::SaiHandle::Config const&))
../../libDaisy//build/libdaisy.a(uart.o)
                              ../../libDaisy//build/libdaisy.a(daisy_pod.o) (daisy::UartHandler::Init(daisy::UartHandler::Config const&))
../../libDaisy//build/libdaisy.a(system.o)
                              ../../libDaisy//build/libdaisy.a(daisy_seed.o) (daisy::System::DeInit())
../../libDaisy//build/libdaisy.a(system_stm32h7xx.o)
                              build/startup_stm32h750xx.o (SystemInit)
../../libDaisy//build/libdaisy.a(usbd_conf.o)
                              ../../libDaisy//build/libdaisy.a(system.o) (hpcd_USB_OTG_HS)
../../libDaisy//build/libdaisy.a(usbh_conf.o)
                              ../../libDaisy//build/libdaisy.a(system.o) (hhcd_USB_OTG_HS)
../../libDaisy//build/libdaisy.a(color.o)
                              ../../libDaisy//build/libdaisy.a(daisy_pod.o) (daisy::Color::Init(daisy::Color::PresetColor))
../../libDaisy//build/libdaisy.a(hal_map.o)
                              ../../libDaisy//build/libdaisy.a(gpio.o) (dsy_hal_map_get_port)
../../libDaisy//build/libdaisy.a(stm32h7xx_hal.o)
[...]
Memory Configuration

Name             Origin             Length             Attributes
FLASH            0x0000000008000000 0x0000000000020000 xr
DTCMRAM          0x0000000020000000 0x0000000000020000 xrw
SRAM             0x0000000024000000 0x0000000000080000 xrw
RAM_D2           0x0000000030000000 0x0000000000048000 xrw
RAM_D3           0x0000000038000000 0x0000000000010000 xrw
ITCMRAM          0x0000000000000000 0x0000000000010000 xrw
SDRAM            0x00000000c0000000 0x0000000004000000 xrw
QSPIFLASH        0x0000000090000000 0x0000000000800000 xr
*default*        0x0000000000000000 0xffffffffffffffff

Linker script and memory map

LOAD /Library/DaisyToolchain/0.2.0/arm/bin/../lib/gcc/arm-none-eabi/10.3.1/thumb/v7e-m+dp/hard/crti.o
LOAD /Library/DaisyToolchain/0.2.0/arm/bin/../lib/gcc/arm-none-eabi/10.3.1/thumb/v7e-m+dp/hard/crtbegin.o
LOAD /Library/DaisyToolchain/0.2.0/arm/bin/../lib/gcc/arm-none-eabi/10.3.1/../../../../arm-none-eabi/lib/thumb/v7e-m+dp/hard/crt0.o
LOAD build/startup_stm32h750xx.o
LOAD build/MyProj.o
LOAD ../../../LEAF/leaf/build/libleaf.a
LOAD ../../libDaisy//build/libdaisy.a
LOAD /Library/DaisyToolchain/0.2.0/arm/bin/../lib/gcc/arm-none-eabi/10.3.1/../../../../arm-none-eabi/lib/thumb/v7e-m+dp/hard/libnosys.a
LOAD /Library/DaisyToolchain/0.2.0/arm/bin/../lib/gcc/arm-none-eabi/10.3.1/../../../../arm-none-eabi/lib/thumb/v7e-m+dp/hard/libstdc++_nano.a
LOAD /Library/DaisyToolchain/0.2.0/arm/bin/../lib/gcc/arm-none-eabi/10.3.1/../../../../arm-none-eabi/lib/thumb/v7e-m+dp/hard/libm.a
LOAD /Library/DaisyToolchain/0.2.0/arm/bin/../lib/gcc/arm-none-eabi/10.3.1/../../../../arm-none-eabi/lib/thumb/v7e-m+dp/hard/libc_nano.a
START GROUP
LOAD /Library/DaisyToolchain/0.2.0/arm/bin/../lib/gcc/arm-none-eabi/10.3.1/thumb/v7e-m+dp/hard/libgcc.a
LOAD /Library/DaisyToolchain/0.2.0/arm/bin/../lib/gcc/arm-none-eabi/10.3.1/../../../../arm-none-eabi/lib/thumb/v7e-m+dp/hard/libc_nano.a
END GROUP
START GROUP
LOAD /Library/DaisyToolchain/0.2.0/arm/bin/../lib/gcc/arm-none-eabi/10.3.1/thumb/v7e-m+dp/hard/libgcc.a
LOAD /Library/DaisyToolchain/0.2.0/arm/bin/../lib/gcc/arm-none-eabi/10.3.1/../../../../arm-none-eabi/lib/thumb/v7e-m+dp/hard/libc_nano.a
LOAD /Library/DaisyToolchain/0.2.0/arm/bin/../lib/gcc/arm-none-eabi/10.3.1/../../../../arm-none-eabi/lib/thumb/v7e-m+dp/hard/libnosys.a
END GROUP
START GROUP
LOAD /Library/DaisyToolchain/0.2.0/arm/bin/../lib/gcc/arm-none-eabi/10.3.1/thumb/v7e-m+dp/hard/libgcc.a
LOAD /Library/DaisyToolchain/0.2.0/arm/bin/../lib/gcc/arm-none-eabi/10.3.1/../../../../arm-none-eabi/lib/thumb/v7e-m+dp/hard/libc_nano.a
LOAD /Library/DaisyToolchain/0.2.0/arm/bin/../lib/gcc/arm-none-eabi/10.3.1/../../../../arm-none-eabi/lib/thumb/v7e-m+dp/hard/libnosys.a
END GROUP
LOAD /Library/DaisyToolchain/0.2.0/arm/bin/../lib/gcc/arm-none-eabi/10.3.1/thumb/v7e-m+dp/hard/crtend.o
LOAD /Library/DaisyToolchain/0.2.0/arm/bin/../lib/gcc/arm-none-eabi/10.3.1/thumb/v7e-m+dp/hard/crtn.o
                0x0000000020020000                _estack = 0x20020000

.isr_vector     0x0000000008000000      0x298
                0x0000000008000000                . = ALIGN (0x4)
 *(.isr_vector)
 .isr_vector    0x0000000008000000      0x298 build/startup_stm32h750xx.o
                0x0000000008000000                g_pfnVectors
                0x0000000008000298                . = ALIGN (0x4)

.text           0x0000000008000298    0x1205c
                0x0000000008000298                . = ALIGN (0x4)
                0x0000000008000298                _stext = .
 *(.text)
 .text          0x0000000008000298       0x40 /Library/DaisyToolchain/0.2.0/arm/bin/../lib/gcc/arm-none-eabi/10.3.1/thumb/v7e-m+dp/hard/crtbegin.o
 .text          0x00000000080002d8       0x30 /Library/DaisyToolchain/0.2.0/arm/bin/../lib/gcc/arm-none-eabi/10.3.1/thumb/v7e-m+dp/hard/libgcc.a(_aeabi_uldivmod.o)
                0x00000000080002d8                __aeabi_uldivmod
 .text          0x0000000008000308      0x2d0 /Library/DaisyToolchain/0.2.0/arm/bin/../lib/gcc/arm-none-eabi/10.3.1/thumb/v7e-m+dp/hard/libgcc.a(_udivmoddi4.o)
                0x0000000008000308                __udivmoddi4
 .text          0x00000000080005d8        0x4 /Library/DaisyToolchain/0.2.0/arm/bin/../lib/gcc/arm-none-eabi/10.3.1/thumb/v7e-m+dp/hard/libgcc.a(_dvmd_tls.o)
                0x00000000080005d8                __aeabi_ldiv0
                0x00000000080005d8                __aeabi_idiv0
 *(.text*)
 .text.Default_Handler
                0x00000000080005dc        0x4 build/startup_stm32h750xx.o
                0x00000000080005dc                SAI1_IRQHandler
                0x00000000080005dc                HASH_RNG_IRQHandler
                0x00000000080005dc                EXTI2_IRQHandler
                0x00000000080005dc                TIM8_CC_IRQHandler
                0x00000000080005dc                HRTIM1_Master_IRQHandler
                0x00000000080005dc                DebugMon_Handler
                0x00000000080005dc                TIM1_CC_IRQHandler
                0x00000000080005dc                BDMA_Channel6_IRQHandler
                0x00000000080005dc                DMA2_Stream5_IRQHandler
                0x00000000080005dc                HRTIM1_FLT_IRQHandler
                0x00000000080005dc                JPEG_IRQHandler
                0x00000000080005dc                BDMA_Channel1_IRQHandler
                0x00000000080005dc                HRTIM1_TIMD_IRQHandler
                0x00000000080005dc                TAMP_STAMP_IRQHandler
                0x00000000080005dc                PendSV_Handler
                0x00000000080005dc                NMI_Handler
                0x00000000080005dc                EXTI3_IRQHandler
                0x00000000080005dc                LPTIM4_IRQHandler
                0x00000000080005dc                TIM8_TRG_COM_TIM14_IRQHandler
                0x00000000080005dc                LPTIM2_IRQHandler
                0x00000000080005dc                DFSDM1_FLT1_IRQHandler
                0x00000000080005dc                DMAMUX2_OVR_IRQHandler
                0x00000000080005dc                TIM8_UP_TIM13_IRQHandler
                0x00000000080005dc                I2C3_ER_IRQHandler
                0x00000000080005dc                DFSDM1_FLT2_IRQHandler
                0x00000000080005dc                MDMA_IRQHandler
                0x00000000080005dc                LPTIM3_IRQHandler
                0x00000000080005dc                HSEM1_IRQHandler
                0x00000000080005dc                EXTI0_IRQHandler
                0x00000000080005dc                FPU_IRQHandler
                0x00000000080005dc                OTG_HS_WKUP_IRQHandler
                0x00000000080005dc                FDCAN1_IT1_IRQHandler
                0x00000000080005dc                UsageFault_Handler
                0x00000000080005dc                LTDC_ER_IRQHandler
                0x00000000080005dc                HRTIM1_TIME_IRQHandler
                0x00000000080005dc                TIM6_DAC_IRQHandler
                0x00000000080005dc                DCMI_IRQHandler
                0x00000000080005dc                HRTIM1_TIMC_IRQHandler
                0x00000000080005dc                SAI2_IRQHandler
                0x00000000080005dc                DFSDM1_FLT3_IRQHandler
                0x00000000080005dc                TIM17_IRQHandler
                0x00000000080005dc                CRYP_IRQHandler
                0x00000000080005dc                BDMA_Channel7_IRQHandler
                0x00000000080005dc                LPTIM5_IRQHandler
                0x00000000080005dc                ADC3_IRQHandler
                0x00000000080005dc                DMA2_Stream0_IRQHandler
                0x00000000080005dc                BDMA_Channel2_IRQHandler
                0x00000000080005dc                DMAMUX1_OVR_IRQHandler
                0x00000000080005dc                TIM16_IRQHandler
                0x00000000080005dc                BDMA_Channel5_IRQHandler
                0x00000000080005dc                RCC_IRQHandler
                0x00000000080005dc                TIM8_BRK_TIM12_IRQHandler
                0x00000000080005dc                TIM1_TRG_COM_IRQHandler
                0x00000000080005dc                Default_Handler
                0x00000000080005dc                ECC_IRQHandler
                0x00000000080005dc                CEC_IRQHandler
                0x00000000080005dc                EXTI15_10_IRQHandler
                0x00000000080005dc                BDMA_Channel0_IRQHandler
                0x00000000080005dc                ADC_IRQHandler
                0x00000000080005dc                DMA1_Stream7_IRQHandler
                0x00000000080005dc                HRTIM1_TIMA_IRQHandler
                0x00000000080005dc                TIM7_IRQHandler
                0x00000000080005dc                SDMMC1_IRQHandler
                0x00000000080005dc                DMA2_Stream7_IRQHandler
                0x00000000080005dc                TIM15_IRQHandler
                0x00000000080005dc                PVD_AVD_IRQHandler
                0x00000000080005dc                EXTI9_5_IRQHandler
                0x00000000080005dc                RTC_WKUP_IRQHandler
                0x00000000080005dc                LTDC_IRQHandler
                0x00000000080005dc                SAI3_IRQHandler
                0x00000000080005dc                ETH_WKUP_IRQHandler
                0x00000000080005dc                SPDIF_RX_IRQHandler
                0x00000000080005dc                MemManage_Handler
                0x00000000080005dc                SVC_Handler
                0x00000000080005dc                CRS_IRQHandler
                0x00000000080005dc                EXTI4_IRQHandler
                0x00000000080005dc                HRTIM1_TIMB_IRQHandler
                0x00000000080005dc                FDCAN2_IT1_IRQHandler
                0x00000000080005dc                ETH_IRQHandler
                0x00000000080005dc                TIM1_UP_IRQHandler
                0x00000000080005dc                BDMA_Channel4_IRQHandler
                0x00000000080005dc                WWDG_IRQHandler
                0x00000000080005dc                SPI6_IRQHandler
                0x00000000080005dc                I2C4_EV_IRQHandler
                0x00000000080005dc                MDIOS_IRQHandler
                0x00000000080005dc                FDCAN2_IT0_IRQHandler
                0x00000000080005dc                FDCAN1_IT0_IRQHandler
                0x00000000080005dc                OTG_FS_WKUP_IRQHandler
                0x00000000080005dc                DMA2D_IRQHandler
                0x00000000080005dc                TIM1_BRK_IRQHandler
                0x00000000080005dc                EXTI1_IRQHandler
                0x00000000080005dc                SDMMC2_IRQHandler
                0x00000000080005dc                OTG_FS_EP1_OUT_IRQHandler
                0x00000000080005dc                BDMA_Channel3_IRQHandler
                0x00000000080005dc                MDIOS_WKUP_IRQHandler
                0x00000000080005dc                DFSDM1_FLT0_IRQHandler
                0x00000000080005dc                SAI4_IRQHandler
                0x00000000080005dc                I2C2_ER_IRQHandler
                0x00000000080005dc                DMA2_Stream1_IRQHandler
                0x00000000080005dc                FLASH_IRQHandler
                0x00000000080005dc                BusFault_Handler
                0x00000000080005dc                OTG_FS_IRQHandler
                0x00000000080005dc                WAKEUP_PIN_IRQHandler
                0x00000000080005dc                OTG_FS_EP1_IN_IRQHandler
                0x00000000080005dc                I2C1_ER_IRQHandler
                0x00000000080005dc                FMC_IRQHandler
                0x00000000080005dc                FDCAN_CAL_IRQHandler
                0x00000000080005dc                SWPMI1_IRQHandler
                0x00000000080005dc                COMP1_IRQHandler
                0x00000000080005dc                LPTIM1_IRQHandler
                0x00000000080005dc                I2C4_ER_IRQHandler
                0x00000000080005dc                DMA2_Stream6_IRQHandler
                0x00000000080005dc                RTC_Alarm_IRQHandler
 .text.Reset_Handler
                0x00000000080005e0       0x44 build/startup_stm32h750xx.o
                0x00000000080005e0                Reset_Handler
 .text._ZN5daisy8DaisyPodD2Ev
                0x0000000008000624        0x4 build/MyProj.o
                0x0000000008000624                daisy::DaisyPod::~DaisyPod()
                0x0000000008000624                daisy::DaisyPod::~DaisyPod()
 .text._Z12randomNumberv
                0x0000000008000628       0x10 build/MyProj.o
                0x0000000008000628                randomNumber()
 .text._Z13AudioCallbackPKPKfPPfj
                0x0000000008000638       0xdc build/MyProj.o
                0x0000000008000638                AudioCallback(float const* const*, float**, unsigned int)
 .text.startup.main
                0x0000000008000714       0x98 build/MyProj.o
                0x0000000008000714                main
 .text.startup._GLOBAL__sub_I_leaf
                0x00000000080007ac       0x64 build/MyProj.o
 .text.leaf_pool_init
                0x0000000008000810       0x30 ../../../LEAF/leaf/build/libleaf.a(leaf-mempool.o)
                0x0000000008000810                leaf_pool_init
 .text.mpool_alloc
                0x0000000008000840       0xe8 ../../../LEAF/leaf/build/libleaf.a(leaf-mempool.o)
                0x0000000008000840                mpool_alloc
 .text.tMempool_init
                0x0000000008000928       0x40 ../../../LEAF/leaf/build/libleaf.a(leaf-mempool.o)
                0x0000000008000928                tMempool_init
 .text.tBuffer_initToPool
                0x0000000008000968       0x48 ../../../LEAF/leaf/build/libleaf.a(leaf-sampling.o)
                0x0000000008000968                tBuffer_initToPool
 .text.tBuffer_tick
                0x00000000080009b0       0x38 ../../../LEAF/leaf/build/libleaf.a(leaf-sampling.o)
                0x00000000080009b0                tBuffer_tick
 .text.tBuffer_record
                0x00000000080009e8        0xc ../../../LEAF/leaf/build/libleaf.a(leaf-sampling.o)
                0x00000000080009e8                tBuffer_record
 .text.tBuffer_stop
                0x00000000080009f4        0x8 ../../../LEAF/leaf/build/libleaf.a(leaf-sampling.o)
                0x00000000080009f4                tBuffer_stop
 .text.tBuffer_setRecordPosition
                0x00000000080009fc        0x8 ../../../LEAF/leaf/build/libleaf.a(leaf-sampling.o)
                0x00000000080009fc                tBuffer_setRecordPosition
 .text.tSampler_init
                0x0000000008000a04       0xe0 ../../../LEAF/leaf/build/libleaf.a(leaf-sampling.o)
                0x0000000008000a04                tSampler_init
 .text.tSampler_play
                0x0000000008000ae4       0xb8 ../../../LEAF/leaf/build/libleaf.a(leaf-sampling.o)
                0x0000000008000ae4                tSampler_play
 .text.tSampler_stop
                0x0000000008000b9c       0x18 ../../../LEAF/leaf/build/libleaf.a(leaf-sampling.o)
                0x0000000008000b9c                tSampler_stop
 .text.tSampler_setStart
                0x0000000008000bb4      0x13c ../../../LEAF/leaf/build/libleaf.a(leaf-sampling.o)
                0x0000000008000bb4                tSampler_setStart
 .text.tSampler_setEnd
                0x0000000008000cf0      0x13c ../../../LEAF/leaf/build/libleaf.a(leaf-sampling.o)
                0x0000000008000cf0                tSampler_setEnd
 .text.tSampler_tick
                0x0000000008000e2c      0x604 ../../../LEAF/leaf/build/libleaf.a(leaf-sampling.o)
                0x0000000008000e2c                tSampler_tick
 .text.tSampler_setRate
                0x0000000008001430       0x38 ../../../LEAF/leaf/build/libleaf.a(leaf-sampling.o)
                0x0000000008001430                tSampler_setRate
 .text.LEAF_defaultErrorCallback
                0x0000000008001468        0x4 ../../../LEAF/leaf/build/libleaf.a(leaf.o)
                0x0000000008001468                LEAF_defaultErrorCallback
 .text.LEAF_init
                0x000000000800146c       0x54 ../../../LEAF/leaf/build/libleaf.a(leaf.o)
                0x000000000800146c                LEAF_init
 .text.LEAF_internalErrorCallback
                0x00000000080014c0       0x14 ../../../LEAF/leaf/build/libleaf.a(leaf.o)
                0x00000000080014c0                LEAF_internalErrorCallback
 .text.tRamp_initToPool
                0x00000000080014d4       0x90 ../../../LEAF/leaf/build/libleaf.a(leaf-envelopes.o)
                0x00000000080014d4                tRamp_initToPool
 .text.tRamp_setDest
                0x0000000008001564       0x1c ../../../LEAF/leaf/build/libleaf.a(leaf-envelopes.o)
                0x0000000008001564                tRamp_setDest
 .text.tRamp_setVal
                0x0000000008001580       0x1c ../../../LEAF/leaf/build/libleaf.a(leaf-envelopes.o)
                0x0000000008001580                tRamp_setVal
 .text.tRamp_tick
                0x000000000800159c       0x50 ../../../LEAF/leaf/build/libleaf.a(leaf-envelopes.o)
                0x000000000800159c                tRamp_tick
 .text.tRamp_sample
                0x00000000080015ec        0x8 ../../../LEAF/leaf/build/libleaf.a(leaf-envelopes.o)
                0x00000000080015ec                tRamp_sample
 .text.LEAF_clipInt
                0x00000000080015f4       0x18 ../../../LEAF/leaf/build/libleaf.a(leaf-math.o)
                0x00000000080015f4                LEAF_clipInt
 .text.LEAF_interpolate_hermite_x
                0x000000000800160c       0x40 ../../../LEAF/leaf/build/libleaf.a(leaf-math.o)
                0x000000000800160c                LEAF_interpolate_hermite_x
 .text._ZN5daisy8DaisyPod10StartAudioEPFvPKPKfPPfjE
                0x000000000800164c        0x4 ../../libDaisy//build/libdaisy.a(daisy_pod.o)
                0x000000000800164c                daisy::DaisyPod::StartAudio(void (*)(float const* const*, float**, unsigned int))
 .text._ZN5daisy8DaisyPod17SetAudioBlockSizeEj
                0x0000000008001650       0x2c ../../libDaisy//build/libdaisy.a(daisy_pod.o)
                0x0000000008001650                daisy::DaisyPod::SetAudioBlockSize(unsigned int)
 .text._ZN5daisy8DaisyPod18SetAudioSampleRateENS_9SaiHandle6Config10SampleRateE
                0x000000000800167c       0x2c ../../libDaisy//build/libdaisy.a(daisy_pod.o)
                0x000000000800167c                daisy::DaisyPod::SetAudioSampleRate(daisy::SaiHandle::Config::SampleRate)
 .text._ZN5daisy8DaisyPod8StartAdcEv
                0x00000000080016a8        0x8 ../../libDaisy//build/libdaisy.a(daisy_pod.o)
                0x00000000080016a8                daisy::DaisyPod::StartAdc()
 .text._ZN5daisy8DaisyPod21ProcessAnalogControlsEv
                0x00000000080016b0       0x18 ../../libDaisy//build/libdaisy.a(daisy_pod.o)
                0x00000000080016b0                daisy::DaisyPod::ProcessAnalogControls()
 .text._ZN5daisy8DaisyPod22ProcessDigitalControlsEv
                0x00000000080016c8       0x20 ../../libDaisy//build/libdaisy.a(daisy_pod.o)
                0x00000000080016c8                daisy::DaisyPod::ProcessDigitalControls()
 .text._ZN5daisy8DaisyPod10UpdateLedsEv
                0x00000000080016e8       0x18 ../../libDaisy//build/libdaisy.a(daisy_pod.o)
                0x00000000080016e8                daisy::DaisyPod::UpdateLeds()
 .text._ZN5daisy8DaisyPod8InitLedsEv
                0x0000000008001700       0xac ../../libDaisy//build/libdaisy.a(daisy_pod.o)
                0x0000000008001700                daisy::DaisyPod::InitLeds()
 .text._ZN5daisy8DaisyPod9InitKnobsEv
                0x00000000080017ac       0x98 ../../libDaisy//build/libdaisy.a(daisy_pod.o)
                0x00000000080017ac                daisy::DaisyPod::InitKnobs()
 .text._ZN5daisy8DaisyPod4InitEb
                0x0000000008001844      0x118 ../../libDaisy//build/libdaisy.a(daisy_pod.o)
                0x0000000008001844                daisy::DaisyPod::Init(bool)
 .text._ZN5daisy9DaisySeed9ConfigureEv
                0x000000000800195c        0x4 ../../libDaisy//build/libdaisy.a(daisy_seed.o)
                0x000000000800195c                daisy::DaisySeed::Configure()
 .text._ZN5daisy9DaisySeed6GetPinEh
                0x0000000008001960       0x2c ../../libDaisy//build/libdaisy.a(daisy_seed.o)
                0x0000000008001960                daisy::DaisySeed::GetPin(unsigned char)
 .text._ZN5daisy9DaisySeed10StartAudioEPFvPKPKfPPfjE
                0x000000000800198c        0x8 ../../libDaisy//build/libdaisy.a(daisy_seed.o)
                0x000000000800198c                daisy::DaisySeed::StartAudio(void (*)(float const* const*, float**, unsigned int))
 .text._ZN5daisy9DaisySeed18SetAudioSampleRateENS_9SaiHandle6Config10SampleRateE
                0x0000000008001994       0x38 ../../libDaisy//build/libdaisy.a(daisy_seed.o)
                0x0000000008001994                daisy::DaisySeed::SetAudioSampleRate(daisy::SaiHandle::Config::SampleRate)
 .text._ZN5daisy9DaisySeed17SetAudioBlockSizeEj
                0x00000000080019cc       0x38 ../../libDaisy//build/libdaisy.a(daisy_seed.o)
                0x00000000080019cc                daisy::DaisySeed::SetAudioBlockSize(unsigned int)
 .text._ZNK5daisy9DaisySeed17AudioCallbackRateEv
                0x0000000008001a04        0x8 ../../libDaisy//build/libdaisy.a(daisy_seed.o)
                0x0000000008001a04                daisy::DaisySeed::AudioCallbackRate() const
 .text._ZN5daisy9DaisySeed14ConfigureAudioEv
                0x0000000008001a0c       0xd0 ../../libDaisy//build/libdaisy.a(daisy_seed.o)
                0x0000000008001a0c                daisy::DaisySeed::ConfigureAudio()
 .text._ZN5daisy9DaisySeed4InitEb
                0x0000000008001adc       0xf0 ../../libDaisy//build/libdaisy.a(daisy_seed.o)
                0x0000000008001adc                daisy::DaisySeed::Init(bool)
 .text._ZN5daisy6Ak45564InitE12dsy_gpio_pin
                0x0000000008001bcc       0x44 ../../libDaisy//build/libdaisy.a(codec_ak4556.o)
                0x0000000008001bcc                daisy::Ak4556::Init(dsy_gpio_pin)
 .text._ZN5daisy6Wm873120WriteControlRegisterEht
                0x0000000008001c10       0x3c ../../libDaisy//build/libdaisy.a(codec_wm8731.o)
                0x0000000008001c10                daisy::Wm8731::WriteControlRegister(unsigned char, unsigned short)
 .text._ZN5daisy6Wm87314InitERKNS0_6ConfigENS_9I2CHandleE
                0x0000000008001c4c      0x1bc ../../libDaisy//build/libdaisy.a(codec_wm8731.o)
                0x0000000008001c4c                daisy::Wm8731::Init(daisy::Wm8731::Config const&, daisy::I2CHandle)
 .text._ZN11SdramHandle10DeviceInitEv
                0x0000000008001e08       0x98 ../../libDaisy//build/libdaisy.a(sdram.o)
                0x0000000008001e08                SdramHandle::DeviceInit()
 .text._ZN11SdramHandle4InitEv
                0x0000000008001ea0       0x7c ../../libDaisy//build/libdaisy.a(sdram.o)
                0x0000000008001ea0                SdramHandle::Init()
 .text.HAL_SDRAM_MspInit
                0x0000000008001f1c      0x1a8 ../../libDaisy//build/libdaisy.a(sdram.o)
                0x0000000008001f1c                HAL_SDRAM_MspInit
 .text._ZN5daisy11AudioHandle4Impl16InternalCallbackEPlS2_j
                0x00000000080020c4      0xbbc ../../libDaisy//build/libdaisy.a(audio.o)
                0x00000000080020c4                daisy::AudioHandle::Impl::InternalCallback(long*, long*, unsigned int)
 .text._ZN5daisy11AudioHandle4InitERKNS0_6ConfigENS_9SaiHandleE
                0x0000000008002c80       0x70 ../../libDaisy//build/libdaisy.a(audio.o)
                0x0000000008002c80                daisy::AudioHandle::Init(daisy::AudioHandle::Config const&, daisy::SaiHandle)
 .text._ZNK5daisy11AudioHandle9GetConfigEv
                0x0000000008002cf0        0x8 ../../libDaisy//build/libdaisy.a(audio.o)
                0x0000000008002cf0                daisy::AudioHandle::GetConfig() const
 .text._ZN5daisy11AudioHandle12SetBlockSizeEj
                0x0000000008002cf8       0x1c ../../libDaisy//build/libdaisy.a(audio.o)
                0x0000000008002cf8                daisy::AudioHandle::SetBlockSize(unsigned int)
 .text._ZN5daisy11AudioHandle13GetSampleRateEv
                0x0000000008002d14        0x8 ../../libDaisy//build/libdaisy.a(audio.o)
                0x0000000008002d14                daisy::AudioHandle::GetSampleRate()
 .text._ZN5daisy11AudioHandle13SetSampleRateENS_9SaiHandle6Config10SampleRateE
                0x0000000008002d1c       0x88 ../../libDaisy//build/libdaisy.a(audio.o)
                0x0000000008002d1c                daisy::AudioHandle::SetSampleRate(daisy::SaiHandle::Config::SampleRate)
 .text._ZN5daisy11AudioHandle5StartEPFvPKPKfPPfjE
                0x0000000008002da4       0x44 ../../libDaisy//build/libdaisy.a(audio.o)
                0x0000000008002da4                daisy::AudioHandle::Start(void (*)(float const* const*, float**, unsigned int))
 .text.startup._GLOBAL__sub_I__ZN5daisy11AudioHandle4Impl4InitENS0_6ConfigENS_9SaiHandleE
                0x0000000008002de8       0x24 ../../libDaisy//build/libdaisy.a(audio.o)
 .text._ZN5daisy13AnalogControl4InitEPtfbbf
                0x0000000008002e0c       0x64 ../../libDaisy//build/libdaisy.a(ctrl.o)
                0x0000000008002e0c                daisy::AnalogControl::Init(unsigned short*, float, bool, bool, float)
 .text._ZN5daisy13AnalogControl7ProcessEv
                0x0000000008002e70       0x48 ../../libDaisy//build/libdaisy.a(ctrl.o)
                0x0000000008002e70                daisy::AnalogControl::Process()
 .text._ZN5daisy13AnalogControl13SetSampleRateEf
                0x0000000008002eb8       0x58 ../../libDaisy//build/libdaisy.a(ctrl.o)
                0x0000000008002eb8                daisy::AnalogControl::SetSampleRate(float)
 .text._ZN5daisy7Encoder4InitE12dsy_gpio_pinS1_S1_f
                0x0000000008002f10       0x60 ../../libDaisy//build/libdaisy.a(encoder.o)
                0x0000000008002f10                daisy::Encoder::Init(dsy_gpio_pin, dsy_gpio_pin, dsy_gpio_pin, float)
 .text._ZN5daisy7Encoder8DebounceEv
                0x0000000008002f70       0x7c ../../libDaisy//build/libdaisy.a(encoder.o)
                0x0000000008002f70                daisy::Encoder::Debounce()
 .text._ZN5daisy6RgbLed4InitE12dsy_gpio_pinS1_S1_b
                0x0000000008002fec       0x50 ../../libDaisy//build/libdaisy.a(rgb_led.o)
                0x0000000008002fec                daisy::RgbLed::Init(dsy_gpio_pin, dsy_gpio_pin, dsy_gpio_pin, bool)
 .text._ZN5daisy6RgbLed8SetColorENS_5ColorE
                0x000000000800303c       0x2c ../../libDaisy//build/libdaisy.a(rgb_led.o)
                0x000000000800303c                daisy::RgbLed::SetColor(daisy::Color)
 .text._ZN5daisy6RgbLed6UpdateEv
                0x0000000008003068       0x1c ../../libDaisy//build/libdaisy.a(rgb_led.o)
                0x0000000008003068                daisy::RgbLed::Update()
 .text._ZN5daisy6Switch4InitE12dsy_gpio_pinf
                0x0000000008003084       0x34 ../../libDaisy//build/libdaisy.a(switch.o)
                0x0000000008003084                daisy::Switch::Init(dsy_gpio_pin, float)
 .text._ZN5daisy6Switch8DebounceEv
                0x00000000080030b8       0x5c ../../libDaisy//build/libdaisy.a(switch.o)
                0x00000000080030b8                daisy::Switch::Debounce()
 .text._ZN5daisy16AdcChannelConfig10InitSingleE12dsy_gpio_pin
                0x0000000008003114       0x1c ../../libDaisy//build/libdaisy.a(adc.o)
                0x0000000008003114                daisy::AdcChannelConfig::InitSingle(dsy_gpio_pin)
 .text._ZN5daisy9AdcHandle4InitEPNS_16AdcChannelConfigEjNS0_12OverSamplingE
                0x0000000008003130      0x3c8 ../../libDaisy//build/libdaisy.a(adc.o)
                0x0000000008003130                daisy::AdcHandle::Init(daisy::AdcChannelConfig*, unsigned int, daisy::AdcHandle::OverSampling)
 .text._ZN5daisy9AdcHandle5StartEv
                0x00000000080034f8       0x2c ../../libDaisy//build/libdaisy.a(adc.o)
                0x00000000080034f8                daisy::AdcHandle::Start()
 .text._ZNK5daisy9AdcHandle6GetPtrEh
                0x0000000008003524       0x14 ../../libDaisy//build/libdaisy.a(adc.o)
                0x0000000008003524                daisy::AdcHandle::GetPtr(unsigned char) const
 .text.HAL_ADC_MspInit
                0x0000000008003538       0x98 ../../libDaisy//build/libdaisy.a(adc.o)
                0x0000000008003538                HAL_ADC_MspInit
 .text.DMA1_Stream2_IRQHandler
                0x00000000080035d0        0xc ../../libDaisy//build/libdaisy.a(adc.o)
                0x00000000080035d0                DMA1_Stream2_IRQHandler
 .text.HAL_ADC_ConvCpltCallback
                0x00000000080035dc      0x148 ../../libDaisy//build/libdaisy.a(adc.o)
                0x00000000080035dc                HAL_ADC_ConvCpltCallback
 .text.HAL_ADC_ErrorCallback
                0x0000000008003724        0x4 ../../libDaisy//build/libdaisy.a(adc.o)
                0x0000000008003724                HAL_ADC_ErrorCallback
 .text.dsy_gpio_init
                0x0000000008003728      0x1b8 ../../libDaisy//build/libdaisy.a(gpio.o)
                0x0000000008003728                dsy_gpio_init
 .text.dsy_gpio_read
                0x00000000080038e0       0x1c ../../libDaisy//build/libdaisy.a(gpio.o)
                0x00000000080038e0                dsy_gpio_read
 .text.dsy_gpio_write
                0x00000000080038fc       0x24 ../../libDaisy//build/libdaisy.a(gpio.o)
                0x00000000080038fc                dsy_gpio_write
 .text._ZN5daisy9I2CHandle4Impl8InitPinsEv
                0x0000000008003920       0x58 ../../libDaisy//build/libdaisy.a(i2c.o)
                0x0000000008003920                daisy::I2CHandle::Impl::InitPins()
 .text.HAL_I2C_MspInit
                0x0000000008003978      0x1b4 ../../libDaisy//build/libdaisy.a(i2c.o)
                0x0000000008003978                HAL_I2C_MspInit
 .text.dsy_i2c_global_init
                0x0000000008003b2c       0x78 ../../libDaisy//build/libdaisy.a(i2c.o)
                0x0000000008003b2c                dsy_i2c_global_init
 .text.DMA1_Stream6_IRQHandler
                0x0000000008003ba4       0x34 ../../libDaisy//build/libdaisy.a(i2c.o)
                0x0000000008003ba4                DMA1_Stream6_IRQHandler
 .text.I2C1_EV_IRQHandler
                0x0000000008003bd8        0xc ../../libDaisy//build/libdaisy.a(i2c.o)
                0x0000000008003bd8                I2C1_EV_IRQHandler
 .text.I2C2_EV_IRQHandler
                0x0000000008003be4        0xc ../../libDaisy//build/libdaisy.a(i2c.o)
                0x0000000008003be4                I2C2_EV_IRQHandler
 .text.I2C3_EV_IRQHandler
                0x0000000008003bf0        0xc ../../libDaisy//build/libdaisy.a(i2c.o)
                0x0000000008003bf0                I2C3_EV_IRQHandler
 .text._ZN5daisy9I2CHandle4InitERKNS0_6ConfigE
                0x0000000008003bfc      0x12c ../../libDaisy//build/libdaisy.a(i2c.o)
                0x0000000008003bfc                daisy::I2CHandle::Init(daisy::I2CHandle::Config const&)
 .text._ZN5daisy9I2CHandle16TransmitBlockingEtPhtm
                0x0000000008003d28       0x50 ../../libDaisy//build/libdaisy.a(i2c.o)
                0x0000000008003d28                daisy::I2CHandle::TransmitBlocking(unsigned short, unsigned char*, unsigned short, unsigned long)
 .text.startup._GLOBAL__sub_I__ZN5daisy9I2CHandle4Impl10GlobalInitEv
                0x0000000008003d78       0x18 ../../libDaisy//build/libdaisy.a(i2c.o)
 .text._ZN5daisy10QSPIHandle4Impl11WriteEnableEv
                0x0000000008003d90       0x8c ../../libDaisy//build/libdaisy.a(qspi.o)
                0x0000000008003d90                daisy::QSPIHandle::Impl::WriteEnable()
 *fill*         0x0000000008003e1c        0x4 
 .text._ZN5daisy10QSPIHandle4Impl17DummyCyclesConfigENS0_6Config6DeviceE
                0x0000000008003e20      0x118 ../../libDaisy//build/libdaisy.a(qspi.o)
                0x0000000008003e20                daisy::QSPIHandle::Impl::DummyCyclesConfig(daisy::QSPIHandle::Config::Device)
 .text._ZN5daisy10QSPIHandle4Impl10QuadEnableEv
                0x0000000008003f38      0x158 ../../libDaisy//build/libdaisy.a(qspi.o)
                0x0000000008003f38                daisy::QSPIHandle::Impl::QuadEnable()
 .text._ZN5daisy10QSPIHandle4InitERKNS0_6ConfigE
                0x0000000008004090      0x198 ../../libDaisy//build/libdaisy.a(qspi.o)
                0x0000000008004090                daisy::QSPIHandle::Init(daisy::QSPIHandle::Config const&)
 .text.HAL_QSPI_MspInit
                0x0000000008004228      0x11c ../../libDaisy//build/libdaisy.a(qspi.o)
                0x0000000008004228                HAL_QSPI_MspInit
 .text.HAL_QSPI_MspDeInit
                0x0000000008004344       0x54 ../../libDaisy//build/libdaisy.a(qspi.o)
                0x0000000008004344                HAL_QSPI_MspDeInit
 .text.QUADSPI_IRQHandler
                0x0000000008004398        0xc ../../libDaisy//build/libdaisy.a(qspi.o)
                0x0000000008004398                QUADSPI_IRQHandler
 .text.startup._GLOBAL__sub_I__ZN5daisy10QSPIHandle4Impl4InitERKNS0_6ConfigE
                0x00000000080043a4       0x28 ../../libDaisy//build/libdaisy.a(qspi.o)
 .text._ZN5daisy6Random4InitEv
                0x00000000080043cc       0x3c ../../libDaisy//build/libdaisy.a(rng.o)
                0x00000000080043cc                daisy::Random::Init()
 .text._ZN5daisy6Random8GetFloatEff
                0x0000000008004408       0x50 ../../libDaisy//build/libdaisy.a(rng.o)
                0x0000000008004408                daisy::Random::GetFloat(float, float)
 .text._ZN5daisy9SaiHandle4Impl7InitDmaENS1_15PeripheralBlockE
                0x0000000008004458       0xa0 ../../libDaisy//build/libdaisy.a(sai.o)
                0x0000000008004458                daisy::SaiHandle::Impl::InitDma(daisy::SaiHandle::Impl::PeripheralBlock)
 .text._ZN5daisy9SaiHandle4Impl8InitPinsEv
                0x00000000080044f8       0xa8 ../../libDaisy//build/libdaisy.a(sai.o)
                0x00000000080044f8                daisy::SaiHandle::Impl::InitPins()
 .text.HAL_SAI_MspInit
                0x00000000080045a0      0x164 ../../libDaisy//build/libdaisy.a(sai.o)
                0x00000000080045a0                HAL_SAI_MspInit
 .text.DMA1_Stream0_IRQHandler
                0x0000000008004704        0xc ../../libDaisy//build/libdaisy.a(sai.o)
                0x0000000008004704                DMA1_Stream0_IRQHandler
 .text.DMA1_Stream1_IRQHandler
                0x0000000008004710        0xc ../../libDaisy//build/libdaisy.a(sai.o)
                0x0000000008004710                DMA1_Stream1_IRQHandler
 .text.DMA1_Stream3_IRQHandler
                0x000000000800471c        0xc ../../libDaisy//build/libdaisy.a(sai.o)
                0x000000000800471c                DMA1_Stream3_IRQHandler
 .text.DMA1_Stream4_IRQHandler
                0x0000000008004728        0xc ../../libDaisy//build/libdaisy.a(sai.o)
                0x0000000008004728                DMA1_Stream4_IRQHandler
 .text.HAL_SAI_RxHalfCpltCallback
                0x0000000008004734       0x78 ../../libDaisy//build/libdaisy.a(sai.o)
                0x0000000008004734                HAL_SAI_RxHalfCpltCallback
 .text.HAL_SAI_RxCpltCallback
                0x00000000080047ac       0x70 ../../libDaisy//build/libdaisy.a(sai.o)
                0x00000000080047ac                HAL_SAI_RxCpltCallback
 *fill*         0x000000000800481c        0x4 
 .text._ZN5daisy9SaiHandle4InitERKNS0_6ConfigE
                0x0000000008004820      0x1f0 ../../libDaisy//build/libdaisy.a(sai.o)
                0x0000000008004820                daisy::SaiHandle::Init(daisy::SaiHandle::Config const&)
 .text._ZNK5daisy9SaiHandle9GetConfigEv
                0x0000000008004a10        0x4 ../../libDaisy//build/libdaisy.a(sai.o)
                0x0000000008004a10                daisy::SaiHandle::GetConfig() const
 .text._ZN5daisy9SaiHandle8StartDmaEPlS1_jPFvS1_S1_jE
                0x0000000008004a14       0xbc ../../libDaisy//build/libdaisy.a(sai.o)
                0x0000000008004a14                daisy::SaiHandle::StartDma(long*, long*, unsigned int, void (*)(long*, long*, unsigned int))
 .text._ZN5daisy9SaiHandle13GetSampleRateEv
                0x0000000008004ad0       0x24 ../../libDaisy//build/libdaisy.a(sai.o)
                0x0000000008004ad0                daisy::SaiHandle::GetSampleRate()
 .text._ZNK5daisy9SaiHandle9GetOffsetEv
                0x0000000008004af4        0x8 ../../libDaisy//build/libdaisy.a(sai.o)
                0x0000000008004af4                daisy::SaiHandle::GetOffset() const
 .text._ZN5daisy11UartHandler4Impl7InitDmaEbb
                0x0000000008004afc      0x164 ../../libDaisy//build/libdaisy.a(uart.o)
                0x0000000008004afc                daisy::UartHandler::Impl::InitDma(bool, bool)
 .text._ZN5daisy11UartHandler4Impl10HandleFifoEv
                0x0000000008004c60       0xec ../../libDaisy//build/libdaisy.a(uart.o)
                0x0000000008004c60                daisy::UartHandler::Impl::HandleFifo()
 .text._ZN5daisy11UartHandler4Impl10StartDmaTxEPhjPFvPvEPFvS3_NS0_6ResultEES3_
                0x0000000008004d4c       0xcc ../../libDaisy//build/libdaisy.a(uart.o)
                0x0000000008004d4c                daisy::UartHandler::Impl::StartDmaTx(unsigned char*, unsigned int, void (*)(void*), void (*)(void*, daisy::UartHandler::Result), void*)
 .text._ZN5daisy11UartHandler4Impl10StartDmaRxEPhjPFvPvEPFvS3_NS0_6ResultEES3_
                0x0000000008004e18       0xcc ../../libDaisy//build/libdaisy.a(uart.o)
                0x0000000008004e18                daisy::UartHandler::Impl::StartDmaRx(unsigned char*, unsigned int, void (*)(void*), void (*)(void*, daisy::UartHandler::Result), void*)
 .text._ZN5daisy11UartHandler4Impl19DmaTransferFinishedEP20__UART_HandleTypeDefNS0_6ResultE
                0x0000000008004ee4       0xc0 ../../libDaisy//build/libdaisy.a(uart.o)
                0x0000000008004ee4                daisy::UartHandler::Impl::DmaTransferFinished(__UART_HandleTypeDef*, daisy::UartHandler::Result)
 .text._ZN5daisy11UartHandler4Impl8InitPinsEv
                0x0000000008004fa4      0x150 ../../libDaisy//build/libdaisy.a(uart.o)
                0x0000000008004fa4                daisy::UartHandler::Impl::InitPins()
 .text.HAL_UART_MspInit
                0x00000000080050f4      0x210 ../../libDaisy//build/libdaisy.a(uart.o)
                0x00000000080050f4                HAL_UART_MspInit
 .text.dsy_uart_global_init
                0x0000000008005304       0xfc ../../libDaisy//build/libdaisy.a(uart.o)
                0x0000000008005304                dsy_uart_global_init
 .text.USART1_IRQHandler
                0x0000000008005400       0x30 ../../libDaisy//build/libdaisy.a(uart.o)
                0x0000000008005400                USART1_IRQHandler
 .text.USART2_IRQHandler
                0x0000000008005430       0x34 ../../libDaisy//build/libdaisy.a(uart.o)
                0x0000000008005430                USART2_IRQHandler
 .text.USART3_IRQHandler
                0x0000000008005464       0x34 ../../libDaisy//build/libdaisy.a(uart.o)
                0x0000000008005464                USART3_IRQHandler
 .text.UART4_IRQHandler
                0x0000000008005498       0x34 ../../libDaisy//build/libdaisy.a(uart.o)
                0x0000000008005498                UART4_IRQHandler
 .text.UART5_IRQHandler
                0x00000000080054cc       0x34 ../../libDaisy//build/libdaisy.a(uart.o)
                0x00000000080054cc                UART5_IRQHandler
 .text.USART6_IRQHandler
                0x0000000008005500       0x34 ../../libDaisy//build/libdaisy.a(uart.o)
                0x0000000008005500                USART6_IRQHandler
 .text.UART7_IRQHandler
                0x0000000008005534       0x30 ../../libDaisy//build/libdaisy.a(uart.o)
                0x0000000008005534                UART7_IRQHandler
 .text.UART8_IRQHandler
                0x0000000008005564       0x34 ../../libDaisy//build/libdaisy.a(uart.o)
                0x0000000008005564                UART8_IRQHandler
 .text.LPUART1_IRQHandler
                0x0000000008005598       0x34 ../../libDaisy//build/libdaisy.a(uart.o)
                0x0000000008005598                LPUART1_IRQHandler
 .text.DMA1_Stream5_IRQHandler
                0x00000000080055cc       0x34 ../../libDaisy//build/libdaisy.a(uart.o)
                0x00000000080055cc                DMA1_Stream5_IRQHandler
 .text.DMA2_Stream4_IRQHandler
                0x0000000008005600       0x34 ../../libDaisy//build/libdaisy.a(uart.o)
                0x0000000008005600                DMA2_Stream4_IRQHandler
 .text.HAL_UART_TxCpltCallback
                0x0000000008005634        0x8 ../../libDaisy//build/libdaisy.a(uart.o)
                0x0000000008005634                HAL_UART_TxCpltCallback
 .text.HAL_UART_RxCpltCallback
                0x000000000800563c        0x8 ../../libDaisy//build/libdaisy.a(uart.o)
                0x000000000800563c                HAL_UART_RxCpltCallback
 .text.HAL_UART_ErrorCallback
                0x0000000008005644        0x8 ../../libDaisy//build/libdaisy.a(uart.o)
                0x0000000008005644                HAL_UART_ErrorCallback
 .text._ZN5daisy11UartHandler4InitERKNS0_6ConfigE
                0x000000000800564c       0xec ../../libDaisy//build/libdaisy.a(uart.o)
                0x000000000800564c                daisy::UartHandler::Init(daisy::UartHandler::Config const&)
 .text.startup._GLOBAL__sub_I__Z19MapInstanceToHandleP13USART_TypeDef
                0x0000000008005738      0x190 ../../libDaisy//build/libdaisy.a(uart.o)
 .text._ZN5daisy11TimerHandleD2Ev
                0x00000000080058c8        0x4 ../../libDaisy//build/libdaisy.a(system.o)
                0x00000000080058c8                daisy::TimerHandle::~TimerHandle()
                0x00000000080058c8                daisy::TimerHandle::~TimerHandle()
 .text.SysTick_Handler
                0x00000000080058cc       0x10 ../../libDaisy//build/libdaisy.a(system.o)
                0x00000000080058cc                SysTick_Handler
 .text.OTG_HS_EP1_OUT_IRQHandler
                0x00000000080058dc       0x24 ../../libDaisy//build/libdaisy.a(system.o)
                0x00000000080058dc                OTG_HS_EP1_OUT_IRQHandler
 .text.OTG_HS_EP1_IN_IRQHandler
                0x0000000008005900       0x24 ../../libDaisy//build/libdaisy.a(system.o)
                0x0000000008005900                OTG_HS_EP1_IN_IRQHandler
 .text.OTG_HS_IRQHandler
                0x0000000008005924       0x24 ../../libDaisy//build/libdaisy.a(system.o)
                0x0000000008005924                OTG_HS_IRQHandler
 .text.HardFault_Handler
                0x0000000008005948       0xe0 ../../libDaisy//build/libdaisy.a(system.o)
                0x0000000008005948                HardFault_Handler
 .text._ZN5daisy6System6GetNowEv
                0x0000000008005a28        0x4 ../../libDaisy//build/libdaisy.a(system.o)
                0x0000000008005a28                daisy::System::GetNow()
 .text._ZN5daisy6System5DelayEm
                0x0000000008005a2c        0x4 ../../libDaisy//build/libdaisy.a(system.o)
                0x0000000008005a2c                daisy::System::Delay(unsigned long)
 .text._ZN5daisy6System15ConfigureClocksEv
                0x0000000008005a30      0x194 ../../libDaisy//build/libdaisy.a(system.o)
                0x0000000008005a30                daisy::System::ConfigureClocks()
 .text._ZN5daisy6System4InitERKNS0_6ConfigE
                0x0000000008005bc4      0x140 ../../libDaisy//build/libdaisy.a(system.o)
                0x0000000008005bc4                daisy::System::Init(daisy::System::Config const&)
 .text._ZN5daisy6System12GetPClk1FreqEv
                0x0000000008005d04        0x4 ../../libDaisy//build/libdaisy.a(system.o)
                0x0000000008005d04                daisy::System::GetPClk1Freq()
 .text._ZN5daisy6System22GetProgramMemoryRegionEv
                0x0000000008005d08       0x78 ../../libDaisy//build/libdaisy.a(system.o)
                0x0000000008005d08                daisy::System::GetProgramMemoryRegion()
 .text.startup._GLOBAL__sub_I_SysTick_Handler
                0x0000000008005d80       0x1c ../../libDaisy//build/libdaisy.a(system.o)
 .text.SystemInit
                0x0000000008005d9c       0x9c ../../libDaisy//build/libdaisy.a(system_stm32h7xx.o)
                0x0000000008005d9c                SystemInit
 .text.HAL_PCD_SetupStageCallback
                0x0000000008005e38        0xc ../../libDaisy//build/libdaisy.a(usbd_conf.o)
                0x0000000008005e38                HAL_PCD_SetupStageCallback
 .text.HAL_PCD_DataOutStageCallback
                0x0000000008005e44       0x14 ../../libDaisy//build/libdaisy.a(usbd_conf.o)
                0x0000000008005e44                HAL_PCD_DataOutStageCallback
 .text.HAL_PCD_DataInStageCallback
                0x0000000008005e58       0x14 ../../libDaisy//build/libdaisy.a(usbd_conf.o)
                0x0000000008005e58                HAL_PCD_DataInStageCallback
 .text.HAL_PCD_SOFCallback
                0x0000000008005e6c        0x8 ../../libDaisy//build/libdaisy.a(usbd_conf.o)
                0x0000000008005e6c                HAL_PCD_SOFCallback
 .text.HAL_PCD_ResetCallback
                0x0000000008005e74       0x24 ../../libDaisy//build/libdaisy.a(usbd_conf.o)
                0x0000000008005e74                HAL_PCD_ResetCallback
 .text.HAL_PCD_SuspendCallback
                0x0000000008005e98       0x30 ../../libDaisy//build/libdaisy.a(usbd_conf.o)
                0x0000000008005e98                HAL_PCD_SuspendCallback
 .text.HAL_PCD_ResumeCallback
                0x0000000008005ec8        0x8 ../../libDaisy//build/libdaisy.a(usbd_conf.o)
                0x0000000008005ec8                HAL_PCD_ResumeCallback
 .text.HAL_PCD_ISOOUTIncompleteCallback
                0x0000000008005ed0        0x8 ../../libDaisy//build/libdaisy.a(usbd_conf.o)
                0x0000000008005ed0                HAL_PCD_ISOOUTIncompleteCallback
 .text.HAL_PCD_ISOINIncompleteCallback
                0x0000000008005ed8        0x8 ../../libDaisy//build/libdaisy.a(usbd_conf.o)
                0x0000000008005ed8                HAL_PCD_ISOINIncompleteCallback
 .text.HAL_PCD_ConnectCallback
                0x0000000008005ee0        0x8 ../../libDaisy//build/libdaisy.a(usbd_conf.o)
                0x0000000008005ee0                HAL_PCD_ConnectCallback
 .text.HAL_PCD_DisconnectCallback
                0x0000000008005ee8        0x8 ../../libDaisy//build/libdaisy.a(usbd_conf.o)
                0x0000000008005ee8                HAL_PCD_DisconnectCallback
 .text.USBD_LL_OpenEP
                0x0000000008005ef0       0x24 ../../libDaisy//build/libdaisy.a(usbd_conf.o)
                0x0000000008005ef0                USBD_LL_OpenEP
 .text.USBD_LL_StallEP
                0x0000000008005f14       0x1c ../../libDaisy//build/libdaisy.a(usbd_conf.o)
                0x0000000008005f14                USBD_LL_StallEP
 .text.USBD_LL_ClearStallEP
                0x0000000008005f30       0x1c ../../libDaisy//build/libdaisy.a(usbd_conf.o)
                0x0000000008005f30                USBD_LL_ClearStallEP
 .text.USBD_LL_IsStallEP
                0x0000000008005f4c       0x28 ../../libDaisy//build/libdaisy.a(usbd_conf.o)
                0x0000000008005f4c                USBD_LL_IsStallEP
 .text.USBD_LL_SetUSBAddress
                0x0000000008005f74       0x1c ../../libDaisy//build/libdaisy.a(usbd_conf.o)
                0x0000000008005f74                USBD_LL_SetUSBAddress
 .text.USBD_LL_Transmit
                0x0000000008005f90       0x1c ../../libDaisy//build/libdaisy.a(usbd_conf.o)
                0x0000000008005f90                USBD_LL_Transmit
 .text.USBD_LL_PrepareReceive
                0x0000000008005fac       0x1c ../../libDaisy//build/libdaisy.a(usbd_conf.o)
                0x0000000008005fac                USBD_LL_PrepareReceive
 .text.HAL_HCD_SOF_Callback
                0x0000000008005fc8        0x8 ../../libDaisy//build/libdaisy.a(usbh_conf.o)
                0x0000000008005fc8                HAL_HCD_SOF_Callback
 .text.HAL_HCD_Connect_Callback
                0x0000000008005fd0        0x8 ../../libDaisy//build/libdaisy.a(usbh_conf.o)
                0x0000000008005fd0                HAL_HCD_Connect_Callback
 .text.HAL_HCD_Disconnect_Callback
                0x0000000008005fd8        0x8 ../../libDaisy//build/libdaisy.a(usbh_conf.o)
                0x0000000008005fd8                HAL_HCD_Disconnect_Callback
 .text.HAL_HCD_HC_NotifyURBChange_Callback
                0x0000000008005fe0        0x4 ../../libDaisy//build/libdaisy.a(usbh_conf.o)
                0x0000000008005fe0                HAL_HCD_HC_NotifyURBChange_Callback
 .text.HAL_HCD_PortEnabled_Callback
                0x0000000008005fe4        0x8 ../../libDaisy//build/libdaisy.a(usbh_conf.o)
                0x0000000008005fe4                HAL_HCD_PortEnabled_Callback
 .text.HAL_HCD_PortDisabled_Callback
                0x0000000008005fec        0x8 ../../libDaisy//build/libdaisy.a(usbh_conf.o)
                0x0000000008005fec                HAL_HCD_PortDisabled_Callback
 .text.USBH_LL_Stop
                0x0000000008005ff4       0x1c ../../libDaisy//build/libdaisy.a(usbh_conf.o)
                0x0000000008005ff4                USBH_LL_Stop
 .text._ZN5daisy5Color4InitENS0_11PresetColorE
                0x0000000008006010       0x20 ../../libDaisy//build/libdaisy.a(color.o)
                0x0000000008006010                daisy::Color::Init(daisy::Color::PresetColor)
 .text.dsy_hal_map_get_port
                0x0000000008006030       0x10 ../../libDaisy//build/libdaisy.a(hal_map.o)
                0x0000000008006030                dsy_hal_map_get_port
 .text.dsy_hal_map_get_pin
                0x0000000008006040       0x10 ../../libDaisy//build/libdaisy.a(hal_map.o)
                0x0000000008006040                dsy_hal_map_get_pin
 .text.dsy_hal_map_gpio_clk_enable
                0x0000000008006050      0x150 ../../libDaisy//build/libdaisy.a(hal_map.o)
                0x0000000008006050                dsy_hal_map_gpio_clk_enable
 .text.HAL_MspInit
                0x00000000080061a0        0x4 ../../libDaisy//build/libdaisy.a(stm32h7xx_hal.o)
                0x00000000080061a0                HAL_MspInit
 .text.HAL_InitTick
                0x00000000080061a4       0x4c ../../libDaisy//build/libdaisy.a(stm32h7xx_hal.o)
                0x00000000080061a4                HAL_InitTick
 .text.HAL_Init
                0x00000000080061f0       0x60 ../../libDaisy//build/libdaisy.a(stm32h7xx_hal.o)
                0x00000000080061f0                HAL_Init
 .text.HAL_IncTick
                0x0000000008006250       0x18 ../../libDaisy//build/libdaisy.a(stm32h7xx_hal.o)
                0x0000000008006250                HAL_IncTick
 .text.HAL_GetTick
                0x0000000008006268        0xc ../../libDaisy//build/libdaisy.a(stm32h7xx_hal.o)
                0x0000000008006268                HAL_GetTick
 .text.HAL_Delay
                0x0000000008006274       0x24 ../../libDaisy//build/libdaisy.a(stm32h7xx_hal.o)
                0x0000000008006274                HAL_Delay
 .text.HAL_GetREVID
                0x0000000008006298        0xc ../../libDaisy//build/libdaisy.a(stm32h7xx_hal.o)
                0x0000000008006298                HAL_GetREVID
 .text.HAL_ADC_ConvHalfCpltCallback
                0x00000000080062a4        0x4 ../../libDaisy//build/libdaisy.a(stm32h7xx_hal_adc.o)
                0x00000000080062a4                HAL_ADC_ConvHalfCpltCallback
 .text.ADC_DMAHalfConvCplt
                0x00000000080062a8        0xc ../../libDaisy//build/libdaisy.a(stm32h7xx_hal_adc.o)
                0x00000000080062a8                ADC_DMAHalfConvCplt
 .text.ADC_DMAConvCplt
                0x00000000080062b4       0x6c ../../libDaisy//build/libdaisy.a(stm32h7xx_hal_adc.o)
                0x00000000080062b4                ADC_DMAConvCplt
 .text.ADC_DMAError
                0x0000000008006320       0x1c ../../libDaisy//build/libdaisy.a(stm32h7xx_hal_adc.o)
                0x0000000008006320                ADC_DMAError
 .text.HAL_ADC_ConfigChannel
                0x000000000800633c      0x3fc ../../libDaisy//build/libdaisy.a(stm32h7xx_hal_adc.o)
                0x000000000800633c                HAL_ADC_ConfigChannel
 .text.ADC_Enable
                0x0000000008006738       0xac ../../libDaisy//build/libdaisy.a(stm32h7xx_hal_adc.o)
                0x0000000008006738                ADC_Enable
 .text.HAL_ADC_Start_DMA
                0x00000000080067e4      0x114 ../../libDaisy//build/libdaisy.a(stm32h7xx_hal_adc.o)
                0x00000000080067e4                HAL_ADC_Start_DMA
 .text.ADC_Disable
                0x00000000080068f8       0x68 ../../libDaisy//build/libdaisy.a(stm32h7xx_hal_adc.o)
                0x00000000080068f8                ADC_Disable
 .text.ADC_ConfigureBoostMode
                0x0000000008006960      0x184 ../../libDaisy//build/libdaisy.a(stm32h7xx_hal_adc.o)
                0x0000000008006960                ADC_ConfigureBoostMode
 .text.HAL_ADC_Init
                0x0000000008006ae4      0x218 ../../libDaisy//build/libdaisy.a(stm32h7xx_hal_adc.o)
                0x0000000008006ae4                HAL_ADC_Init
 .text.HAL_ADCEx_Calibration_Start
                0x0000000008006cfc       0xa4 ../../libDaisy//build/libdaisy.a(stm32h7xx_hal_adc_ex.o)
                0x0000000008006cfc                HAL_ADCEx_Calibration_Start
 .text.HAL_ADCEx_MultiModeConfigChannel
                0x0000000008006da0       0xc4 ../../libDaisy//build/libdaisy.a(stm32h7xx_hal_adc_ex.o)
                0x0000000008006da0                HAL_ADCEx_MultiModeConfigChannel
 .text.HAL_NVIC_SetPriorityGrouping
                0x0000000008006e64       0x24 ../../libDaisy//build/libdaisy.a(stm32h7xx_hal_cortex.o)
                0x0000000008006e64                HAL_NVIC_SetPriorityGrouping
 .text.HAL_NVIC_SetPriority
                0x0000000008006e88       0x7c ../../libDaisy//build/libdaisy.a(stm32h7xx_hal_cortex.o)
                0x0000000008006e88                HAL_NVIC_SetPriority
 .text.HAL_NVIC_EnableIRQ
                0x0000000008006f04       0x1c ../../libDaisy//build/libdaisy.a(stm32h7xx_hal_cortex.o)
                0x0000000008006f04                HAL_NVIC_EnableIRQ
 .text.HAL_NVIC_DisableIRQ
                0x0000000008006f20       0x28 ../../libDaisy//build/libdaisy.a(stm32h7xx_hal_cortex.o)
                0x0000000008006f20                HAL_NVIC_DisableIRQ
 .text.HAL_SYSTICK_Config
                0x0000000008006f48       0x2c ../../libDaisy//build/libdaisy.a(stm32h7xx_hal_cortex.o)
                0x0000000008006f48                HAL_SYSTICK_Config
 .text.HAL_MPU_Disable
                0x0000000008006f74       0x1c ../../libDaisy//build/libdaisy.a(stm32h7xx_hal_cortex.o)
                0x0000000008006f74                HAL_MPU_Disable
 .text.HAL_MPU_Enable
                0x0000000008006f90       0x20 ../../libDaisy//build/libdaisy.a(stm32h7xx_hal_cortex.o)
                0x0000000008006f90                HAL_MPU_Enable
 .text.HAL_MPU_ConfigRegion
                0x0000000008006fb0       0x64 ../../libDaisy//build/libdaisy.a(stm32h7xx_hal_cortex.o)
                0x0000000008006fb0                HAL_MPU_ConfigRegion
 .text.HAL_SYSTICK_Callback
                0x0000000008007014        0x4 ../../libDaisy//build/libdaisy.a(stm32h7xx_hal_cortex.o)
                0x0000000008007014                HAL_SYSTICK_Callback
 .text.HAL_SYSTICK_IRQHandler
                0x0000000008007018        0x8 ../../libDaisy//build/libdaisy.a(stm32h7xx_hal_cortex.o)
                0x0000000008007018                HAL_SYSTICK_IRQHandler
 .text.DMA_CalcBaseAndBitshift
                0x0000000008007020       0xf4 ../../libDaisy//build/libdaisy.a(stm32h7xx_hal_dma.o)
 .text.DMA_CalcDMAMUXChannelBaseAndMask
                0x0000000008007114       0xd8 ../../libDaisy//build/libdaisy.a(stm32h7xx_hal_dma.o)
 .text.HAL_DMA_Init
                0x00000000080071ec      0x37c ../../libDaisy//build/libdaisy.a(stm32h7xx_hal_dma.o)
                0x00000000080071ec                HAL_DMA_Init
 .text.HAL_DMA_Start_IT
                0x0000000008007568      0x240 ../../libDaisy//build/libdaisy.a(stm32h7xx_hal_dma.o)
                0x0000000008007568                HAL_DMA_Start_IT
 .text.HAL_DMA_Abort_IT
                0x00000000080077a8      0x134 ../../libDaisy//build/libdaisy.a(stm32h7xx_hal_dma.o)
                0x00000000080077a8                HAL_DMA_Abort_IT
 .text.HAL_DMA_IRQHandler
                0x00000000080078dc      0x6a0 ../../libDaisy//build/libdaisy.a(stm32h7xx_hal_dma.o)
                0x00000000080078dc                HAL_DMA_IRQHandler
 .text.HAL_DMA_GetError
                0x0000000008007f7c        0x4 ../../libDaisy//build/libdaisy.a(stm32h7xx_hal_dma.o)
                0x0000000008007f7c                HAL_DMA_GetError
 .text.HAL_GPIO_Init
                0x0000000008007f80      0x280 ../../libDaisy//build/libdaisy.a(stm32h7xx_hal_gpio.o)
                0x0000000008007f80                HAL_GPIO_Init
 .text.HAL_GPIO_DeInit
                0x0000000008008200      0x190 ../../libDaisy//build/libdaisy.a(stm32h7xx_hal_gpio.o)
                0x0000000008008200                HAL_GPIO_DeInit
 .text.HAL_GPIO_ReadPin
                0x0000000008008390        0xc ../../libDaisy//build/libdaisy.a(stm32h7xx_hal_gpio.o)
                0x0000000008008390                HAL_GPIO_ReadPin
 .text.HAL_GPIO_WritePin
                0x000000000800839c        0x8 ../../libDaisy//build/libdaisy.a(stm32h7xx_hal_gpio.o)
                0x000000000800839c                HAL_GPIO_WritePin
 .text.HAL_HCD_IRQHandler
                0x00000000080083a4      0x780 ../../libDaisy//build/libdaisy.a(stm32h7xx_hal_hcd.o)
                0x00000000080083a4                HAL_HCD_IRQHandler
 .text.HAL_HCD_Stop
                0x0000000008008b24       0x28 ../../libDaisy//build/libdaisy.a(stm32h7xx_hal_hcd.o)
                0x0000000008008b24                HAL_HCD_Stop
 .text.I2C_WaitOnTXISFlagUntilTimeout
                0x0000000008008b4c       0xb8 ../../libDaisy//build/libdaisy.a(stm32h7xx_hal_i2c.o)
 .text.I2C_WaitOnSTOPFlagUntilTimeout
                0x0000000008008c04       0xac ../../libDaisy//build/libdaisy.a(stm32h7xx_hal_i2c.o)
 .text.HAL_I2C_Init
                0x0000000008008cb0       0xac ../../libDaisy//build/libdaisy.a(stm32h7xx_hal_i2c.o)
                0x0000000008008cb0                HAL_I2C_Init
 .text.HAL_I2C_Master_Transmit
                0x0000000008008d5c      0x1a8 ../../libDaisy//build/libdaisy.a(stm32h7xx_hal_i2c.o)
                0x0000000008008d5c                HAL_I2C_Master_Transmit
 .text.HAL_I2C_Slave_Transmit
                0x0000000008008f04      0x1c8 ../../libDaisy//build/libdaisy.a(stm32h7xx_hal_i2c.o)
                0x0000000008008f04                HAL_I2C_Slave_Transmit
 .text.HAL_I2C_EV_IRQHandler
                0x00000000080090cc       0x10 ../../libDaisy//build/libdaisy.a(stm32h7xx_hal_i2c.o)
                0x00000000080090cc                HAL_I2C_EV_IRQHandler
 .text.HAL_I2C_GetState
                0x00000000080090dc        0x8 ../../libDaisy//build/libdaisy.a(stm32h7xx_hal_i2c.o)
                0x00000000080090dc                HAL_I2C_GetState
 .text.HAL_I2CEx_ConfigAnalogFilter
                0x00000000080090e4       0x54 ../../libDaisy//build/libdaisy.a(stm32h7xx_hal_i2c_ex.o)
                0x00000000080090e4                HAL_I2CEx_ConfigAnalogFilter
 .text.HAL_I2CEx_ConfigDigitalFilter
                0x0000000008009138       0x58 ../../libDaisy//build/libdaisy.a(stm32h7xx_hal_i2c_ex.o)
                0x0000000008009138                HAL_I2CEx_ConfigDigitalFilter
 .text.HAL_PCD_IRQHandler
                0x0000000008009190      0x69c ../../libDaisy//build/libdaisy.a(stm32h7xx_hal_pcd.o)
                0x0000000008009190                HAL_PCD_IRQHandler
 .text.HAL_PCD_SetAddress
                0x000000000800982c       0x2c ../../libDaisy//build/libdaisy.a(stm32h7xx_hal_pcd.o)
                0x000000000800982c                HAL_PCD_SetAddress
 .text.HAL_PCD_EP_Open
                0x0000000008009858       0x7c ../../libDaisy//build/libdaisy.a(stm32h7xx_hal_pcd.o)
                0x0000000008009858                HAL_PCD_EP_Open
 .text.HAL_PCD_EP_Receive
                0x00000000080098d4       0x50 ../../libDaisy//build/libdaisy.a(stm32h7xx_hal_pcd.o)
                0x00000000080098d4                HAL_PCD_EP_Receive
 .text.HAL_PCD_EP_Transmit
                0x0000000008009924       0x50 ../../libDaisy//build/libdaisy.a(stm32h7xx_hal_pcd.o)
                0x0000000008009924                HAL_PCD_EP_Transmit
 .text.HAL_PCD_EP_SetStall
                0x0000000008009974       0x88 ../../libDaisy//build/libdaisy.a(stm32h7xx_hal_pcd.o)
                0x0000000008009974                HAL_PCD_EP_SetStall
 .text.HAL_PCD_EP_ClrStall
                0x00000000080099fc       0x78 ../../libDaisy//build/libdaisy.a(stm32h7xx_hal_pcd.o)
                0x00000000080099fc                HAL_PCD_EP_ClrStall
 .text.HAL_PCDEx_LPM_Callback
                0x0000000008009a74        0x4 ../../libDaisy//build/libdaisy.a(stm32h7xx_hal_pcd_ex.o)
                0x0000000008009a74                HAL_PCDEx_LPM_Callback
 .text.HAL_PWREx_ConfigSupply
                0x0000000008009a78       0x4c ../../libDaisy//build/libdaisy.a(stm32h7xx_hal_pwr_ex.o)
                0x0000000008009a78                HAL_PWREx_ConfigSupply
 .text.HAL_PWREx_EnableUSBVoltageDetector
                0x0000000008009ac4       0x10 ../../libDaisy//build/libdaisy.a(stm32h7xx_hal_pwr_ex.o)
                0x0000000008009ac4                HAL_PWREx_EnableUSBVoltageDetector
 .text.QSPI_Config
                0x0000000008009ad4      0x174 ../../libDaisy//build/libdaisy.a(stm32h7xx_hal_qspi.o)
 .text.HAL_QSPI_Init
                0x0000000008009c48       0xd8 ../../libDaisy//build/libdaisy.a(stm32h7xx_hal_qspi.o)
                0x0000000008009c48                HAL_QSPI_Init
 .text.HAL_QSPI_DeInit
                0x0000000008009d20       0x3c ../../libDaisy//build/libdaisy.a(stm32h7xx_hal_qspi.o)
                0x0000000008009d20                HAL_QSPI_DeInit
 .text.HAL_QSPI_Command
                0x0000000008009d5c       0xd4 ../../libDaisy//build/libdaisy.a(stm32h7xx_hal_qspi.o)
                0x0000000008009d5c                HAL_QSPI_Command
 .text.HAL_QSPI_Transmit
                0x0000000008009e30       0xfc ../../libDaisy//build/libdaisy.a(stm32h7xx_hal_qspi.o)
                0x0000000008009e30                HAL_QSPI_Transmit
 .text.HAL_QSPI_Receive
                0x0000000008009f2c      0x108 ../../libDaisy//build/libdaisy.a(stm32h7xx_hal_qspi.o)
                0x0000000008009f2c                HAL_QSPI_Receive
 .text.HAL_QSPI_AutoPolling
                0x000000000800a034       0xf0 ../../libDaisy//build/libdaisy.a(stm32h7xx_hal_qspi.o)
                0x000000000800a034                HAL_QSPI_AutoPolling
 .text.HAL_QSPI_MemoryMapped
                0x000000000800a124       0xc0 ../../libDaisy//build/libdaisy.a(stm32h7xx_hal_qspi.o)
                0x000000000800a124                HAL_QSPI_MemoryMapped
 .text.HAL_QSPI_ErrorCallback
                0x000000000800a1e4        0x4 ../../libDaisy//build/libdaisy.a(stm32h7xx_hal_qspi.o)
                0x000000000800a1e4                HAL_QSPI_ErrorCallback
 .text.QSPI_DMAAbortCplt
                0x000000000800a1e8       0x38 ../../libDaisy//build/libdaisy.a(stm32h7xx_hal_qspi.o)
 .text.HAL_QSPI_AbortCpltCallback
                0x000000000800a220        0x4 ../../libDaisy//build/libdaisy.a(stm32h7xx_hal_qspi.o)
                0x000000000800a220                HAL_QSPI_AbortCpltCallback
 .text.HAL_QSPI_CmdCpltCallback
                0x000000000800a224        0x4 ../../libDaisy//build/libdaisy.a(stm32h7xx_hal_qspi.o)
                0x000000000800a224                HAL_QSPI_CmdCpltCallback
 .text.HAL_QSPI_RxCpltCallback
                0x000000000800a228        0x4 ../../libDaisy//build/libdaisy.a(stm32h7xx_hal_qspi.o)
                0x000000000800a228                HAL_QSPI_RxCpltCallback
 .text.HAL_QSPI_TxCpltCallback
                0x000000000800a22c        0x4 ../../libDaisy//build/libdaisy.a(stm32h7xx_hal_qspi.o)
                0x000000000800a22c                HAL_QSPI_TxCpltCallback
 .text.HAL_QSPI_FifoThresholdCallback
                0x000000000800a230        0x4 ../../libDaisy//build/libdaisy.a(stm32h7xx_hal_qspi.o)
                0x000000000800a230                HAL_QSPI_FifoThresholdCallback
 .text.HAL_QSPI_StatusMatchCallback
                0x000000000800a234        0x4 ../../libDaisy//build/libdaisy.a(stm32h7xx_hal_qspi.o)
                0x000000000800a234                HAL_QSPI_StatusMatchCallback
 .text.HAL_QSPI_TimeOutCallback
                0x000000000800a238        0x4 ../../libDaisy//build/libdaisy.a(stm32h7xx_hal_qspi.o)
                0x000000000800a238                HAL_QSPI_TimeOutCallback
 .text.HAL_QSPI_IRQHandler
                0x000000000800a23c      0x210 ../../libDaisy//build/libdaisy.a(stm32h7xx_hal_qspi.o)
                0x000000000800a23c                HAL_QSPI_IRQHandler
 .text.HAL_RCC_OscConfig
                0x000000000800a44c      0x51c ../../libDaisy//build/libdaisy.a(stm32h7xx_hal_rcc.o)
                0x000000000800a44c                HAL_RCC_OscConfig
 .text.HAL_RCC_GetSysClockFreq
                0x000000000800a968      0x140 ../../libDaisy//build/libdaisy.a(stm32h7xx_hal_rcc.o)
                0x000000000800a968                HAL_RCC_GetSysClockFreq
 .text.HAL_RCC_ClockConfig
                0x000000000800aaa8      0x234 ../../libDaisy//build/libdaisy.a(stm32h7xx_hal_rcc.o)
                0x000000000800aaa8                HAL_RCC_ClockConfig
 .text.HAL_RCC_GetHCLKFreq
                0x000000000800acdc       0x2c ../../libDaisy//build/libdaisy.a(stm32h7xx_hal_rcc.o)
                0x000000000800acdc                HAL_RCC_GetHCLKFreq
 .text.HAL_RCC_GetPCLK1Freq
                0x000000000800ad08       0x38 ../../libDaisy//build/libdaisy.a(stm32h7xx_hal_rcc.o)
                0x000000000800ad08                HAL_RCC_GetPCLK1Freq
 .text.HAL_RCC_GetPCLK2Freq
                0x000000000800ad40       0x38 ../../libDaisy//build/libdaisy.a(stm32h7xx_hal_rcc.o)
                0x000000000800ad40                HAL_RCC_GetPCLK2Freq
 .text.RCCEx_PLL2_Config
                0x000000000800ad78       0xf4 ../../libDaisy//build/libdaisy.a(stm32h7xx_hal_rcc_ex.o)
 .text.RCCEx_PLL3_Config
                0x000000000800ae6c       0xf4 ../../libDaisy//build/libdaisy.a(stm32h7xx_hal_rcc_ex.o)
 .text.HAL_RCCEx_PeriphCLKConfig
                0x000000000800af60      0xa7c ../../libDaisy//build/libdaisy.a(stm32h7xx_hal_rcc_ex.o)
                0x000000000800af60                HAL_RCCEx_PeriphCLKConfig
 .text.HAL_RCCEx_GetD3PCLK1Freq
                0x000000000800b9dc       0x24 ../../libDaisy//build/libdaisy.a(stm32h7xx_hal_rcc_ex.o)
                0x000000000800b9dc                HAL_RCCEx_GetD3PCLK1Freq
 .text.HAL_RCCEx_GetPLL2ClockFreq
                0x000000000800ba00      0x17c ../../libDaisy//build/libdaisy.a(stm32h7xx_hal_rcc_ex.o)
                0x000000000800ba00                HAL_RCCEx_GetPLL2ClockFreq
 .text.HAL_RCCEx_GetPLL3ClockFreq
                0x000000000800bb7c      0x17c ../../libDaisy//build/libdaisy.a(stm32h7xx_hal_rcc_ex.o)
                0x000000000800bb7c                HAL_RCCEx_GetPLL3ClockFreq
 .text.HAL_RCCEx_GetPLL1ClockFreq
                0x000000000800bcf8      0x17c ../../libDaisy//build/libdaisy.a(stm32h7xx_hal_rcc_ex.o)
                0x000000000800bcf8                HAL_RCCEx_GetPLL1ClockFreq
 .text.HAL_RCCEx_GetPeriphCLKFreq
                0x000000000800be74      0x198 ../../libDaisy//build/libdaisy.a(stm32h7xx_hal_rcc_ex.o)
                0x000000000800be74                HAL_RCCEx_GetPeriphCLKFreq
 .text.HAL_RCCEx_GetD1SysClockFreq
                0x000000000800c00c       0x2c ../../libDaisy//build/libdaisy.a(stm32h7xx_hal_rcc_ex.o)
                0x000000000800c00c                HAL_RCCEx_GetD1SysClockFreq
 .text.HAL_SAI_Init.part.0
                0x000000000800c038      0x348 ../../libDaisy//build/libdaisy.a(stm32h7xx_hal_sai.o)
 .text.HAL_SAI_InitProtocol
                0x000000000800c380      0x178 ../../libDaisy//build/libdaisy.a(stm32h7xx_hal_sai.o)
                0x000000000800c380                HAL_SAI_InitProtocol
 .text.HAL_SAI_Transmit_DMA
                0x000000000800c4f8      0x124 ../../libDaisy//build/libdaisy.a(stm32h7xx_hal_sai.o)
                0x000000000800c4f8                HAL_SAI_Transmit_DMA
 .text.HAL_SAI_Receive_DMA
                0x000000000800c61c       0xd0 ../../libDaisy//build/libdaisy.a(stm32h7xx_hal_sai.o)
                0x000000000800c61c                HAL_SAI_Receive_DMA
 .text.HAL_SAI_TxCpltCallback
                0x000000000800c6ec        0x4 ../../libDaisy//build/libdaisy.a(stm32h7xx_hal_sai.o)
                0x000000000800c6ec                HAL_SAI_TxCpltCallback
 .text.SAI_DMATxCplt
                0x000000000800c6f0       0x64 ../../libDaisy//build/libdaisy.a(stm32h7xx_hal_sai.o)
 .text.HAL_SAI_TxHalfCpltCallback
                0x000000000800c754        0x4 ../../libDaisy//build/libdaisy.a(stm32h7xx_hal_sai.o)
                0x000000000800c754                HAL_SAI_TxHalfCpltCallback
 .text.SAI_DMATxHalfCplt
                0x000000000800c758        0xc ../../libDaisy//build/libdaisy.a(stm32h7xx_hal_sai.o)
 .text.SAI_DMARxCplt
                0x000000000800c764       0x64 ../../libDaisy//build/libdaisy.a(stm32h7xx_hal_sai.o)
 .text.SAI_DMARxHalfCplt
                0x000000000800c7c8        0xc ../../libDaisy//build/libdaisy.a(stm32h7xx_hal_sai.o)
 .text.HAL_SAI_ErrorCallback
                0x000000000800c7d4        0x4 ../../libDaisy//build/libdaisy.a(stm32h7xx_hal_sai.o)
                0x000000000800c7d4                HAL_SAI_ErrorCallback
 .text.SAI_DMAError
                0x000000000800c7d8       0x6c ../../libDaisy//build/libdaisy.a(stm32h7xx_hal_sai.o)
 .text.HAL_SDRAM_Init
                0x000000000800c844       0x54 ../../libDaisy//build/libdaisy.a(stm32h7xx_hal_sdram.o)
                0x000000000800c844                HAL_SDRAM_Init
 .text.HAL_SDRAM_SendCommand
                0x000000000800c898       0x40 ../../libDaisy//build/libdaisy.a(stm32h7xx_hal_sdram.o)
                0x000000000800c898                HAL_SDRAM_SendCommand
 .text.HAL_SDRAM_ProgramRefreshRate
                0x000000000800c8d8       0x30 ../../libDaisy//build/libdaisy.a(stm32h7xx_hal_sdram.o)
                0x000000000800c8d8                HAL_SDRAM_ProgramRefreshRate
 .text.HAL_UART_Transmit_DMA
                0x000000000800c908       0xa4 ../../libDaisy//build/libdaisy.a(stm32h7xx_hal_uart.o)
                0x000000000800c908                HAL_UART_Transmit_DMA
 .text.HAL_UART_Receive_DMA
                0x000000000800c9ac       0xac ../../libDaisy//build/libdaisy.a(stm32h7xx_hal_uart.o)
                0x000000000800c9ac                HAL_UART_Receive_DMA
 .text.UART_DMATransmitCplt
                0x000000000800ca58       0x2c ../../libDaisy//build/libdaisy.a(stm32h7xx_hal_uart.o)
 .text.HAL_UART_TxHalfCpltCallback
                0x000000000800ca84        0x4 ../../libDaisy//build/libdaisy.a(stm32h7xx_hal_uart.o)
                0x000000000800ca84                HAL_UART_TxHalfCpltCallback
 .text.UART_DMATxHalfCplt
                0x000000000800ca88        0xc ../../libDaisy//build/libdaisy.a(stm32h7xx_hal_uart.o)
 .text.UART_DMAReceiveCplt
                0x000000000800ca94       0x38 ../../libDaisy//build/libdaisy.a(stm32h7xx_hal_uart.o)
 .text.HAL_UART_RxHalfCpltCallback
                0x000000000800cacc        0x4 ../../libDaisy//build/libdaisy.a(stm32h7xx_hal_uart.o)
                0x000000000800cacc                HAL_UART_RxHalfCpltCallback
 .text.UART_DMARxHalfCplt
                0x000000000800cad0        0xc ../../libDaisy//build/libdaisy.a(stm32h7xx_hal_uart.o)
 .text.UART_DMAError
                0x000000000800cadc       0x78 ../../libDaisy//build/libdaisy.a(stm32h7xx_hal_uart.o)
 .text.HAL_UART_IRQHandler
                0x000000000800cb54      0x1d0 ../../libDaisy//build/libdaisy.a(stm32h7xx_hal_uart.o)
                0x000000000800cb54                HAL_UART_IRQHandler
 .text.UART_DMAAbortOnError
                0x000000000800cd24       0x14 ../../libDaisy//build/libdaisy.a(stm32h7xx_hal_uart.o)
 .text.HAL_UART_GetState
                0x000000000800cd38        0xc ../../libDaisy//build/libdaisy.a(stm32h7xx_hal_uart.o)
                0x000000000800cd38                HAL_UART_GetState
 .text.UART_SetConfig
                0x000000000800cd44     0x14b8 ../../libDaisy//build/libdaisy.a(stm32h7xx_hal_uart.o)
                0x000000000800cd44                UART_SetConfig
 .text.UART_AdvFeatureConfig
                0x000000000800e1fc       0xb0 ../../libDaisy//build/libdaisy.a(stm32h7xx_hal_uart.o)
                0x000000000800e1fc                UART_AdvFeatureConfig
 .text.UART_CheckIdleState
                0x000000000800e2ac       0x84 ../../libDaisy//build/libdaisy.a(stm32h7xx_hal_uart.o)
                0x000000000800e2ac                UART_CheckIdleState
 .text.HAL_UART_Init
                0x000000000800e330       0x68 ../../libDaisy//build/libdaisy.a(stm32h7xx_hal_uart.o)
                0x000000000800e330                HAL_UART_Init
 .text.HAL_UARTEx_WakeupCallback
                0x000000000800e398        0x4 ../../libDaisy//build/libdaisy.a(stm32h7xx_hal_uart_ex.o)
                0x000000000800e398                HAL_UARTEx_WakeupCallback
 .text.HAL_UARTEx_RxFifoFullCallback
                0x000000000800e39c        0x4 ../../libDaisy//build/libdaisy.a(stm32h7xx_hal_uart_ex.o)
                0x000000000800e39c                HAL_UARTEx_RxFifoFullCallback
 .text.HAL_UARTEx_TxFifoEmptyCallback
                0x000000000800e3a0        0x4 ../../libDaisy//build/libdaisy.a(stm32h7xx_hal_uart_ex.o)
                0x000000000800e3a0                HAL_UARTEx_TxFifoEmptyCallback
 .text.HAL_UARTEx_DisableFifoMode
                0x000000000800e3a4       0x3c ../../libDaisy//build/libdaisy.a(stm32h7xx_hal_uart_ex.o)
                0x000000000800e3a4                HAL_UARTEx_DisableFifoMode
 .text.HAL_UARTEx_SetTxFifoThreshold
                0x000000000800e3e0       0xa4 ../../libDaisy//build/libdaisy.a(stm32h7xx_hal_uart_ex.o)
                0x000000000800e3e0                HAL_UARTEx_SetTxFifoThreshold
 .text.HAL_UARTEx_SetRxFifoThreshold
                0x000000000800e484       0xa4 ../../libDaisy//build/libdaisy.a(stm32h7xx_hal_uart_ex.o)
                0x000000000800e484                HAL_UARTEx_SetRxFifoThreshold
 .text.FMC_SDRAM_Init
                0x000000000800e528       0x7c ../../libDaisy//build/libdaisy.a(stm32h7xx_ll_fmc.o)
                0x000000000800e528                FMC_SDRAM_Init
 .text.FMC_SDRAM_Timing_Init
                0x000000000800e5a4       0x98 ../../libDaisy//build/libdaisy.a(stm32h7xx_ll_fmc.o)
                0x000000000800e5a4                FMC_SDRAM_Timing_Init
 .text.FMC_SDRAM_SendCommand
                0x000000000800e63c       0x28 ../../libDaisy//build/libdaisy.a(stm32h7xx_ll_fmc.o)
                0x000000000800e63c                FMC_SDRAM_SendCommand
 .text.FMC_SDRAM_ProgramRefreshRate
                0x000000000800e664       0x1c ../../libDaisy//build/libdaisy.a(stm32h7xx_ll_fmc.o)
                0x000000000800e664                FMC_SDRAM_ProgramRefreshRate
 .text.USB_SetTurnaroundTime
                0x000000000800e680      0x104 ../../libDaisy//build/libdaisy.a(stm32h7xx_ll_usb.o)
                0x000000000800e680                USB_SetTurnaroundTime
 .text.USB_FlushTxFifo
                0x000000000800e784       0x34 ../../libDaisy//build/libdaisy.a(stm32h7xx_ll_usb.o)
                0x000000000800e784                USB_FlushTxFifo
 .text.USB_GetDevSpeed
                0x000000000800e7b8       0x24 ../../libDaisy//build/libdaisy.a(stm32h7xx_ll_usb.o)
                0x000000000800e7b8                USB_GetDevSpeed
 .text.USB_ActivateEndpoint
                0x000000000800e7dc       0x90 ../../libDaisy//build/libdaisy.a(stm32h7xx_ll_usb.o)
                0x000000000800e7dc                USB_ActivateEndpoint
 .text.USB_EPStartXfer
                0x000000000800e86c      0x230 ../../libDaisy//build/libdaisy.a(stm32h7xx_ll_usb.o)
                0x000000000800e86c                USB_EPStartXfer
 .text.USB_EP0StartXfer
                0x000000000800ea9c      0x174 ../../libDaisy//build/libdaisy.a(stm32h7xx_ll_usb.o)
                0x000000000800ea9c                USB_EP0StartXfer
 .text.USB_WritePacket
                0x000000000800ec10       0x2c ../../libDaisy//build/libdaisy.a(stm32h7xx_ll_usb.o)
                0x000000000800ec10                USB_WritePacket
 .text.USB_ReadPacket
                0x000000000800ec3c       0x20 ../../libDaisy//build/libdaisy.a(stm32h7xx_ll_usb.o)
                0x000000000800ec3c                USB_ReadPacket
 .text.USB_EPSetStall
                0x000000000800ec5c       0x68 ../../libDaisy//build/libdaisy.a(stm32h7xx_ll_usb.o)
                0x000000000800ec5c                USB_EPSetStall
 .text.USB_EPClearStall
                0x000000000800ecc4       0x58 ../../libDaisy//build/libdaisy.a(stm32h7xx_ll_usb.o)
                0x000000000800ecc4                USB_EPClearStall
 .text.USB_SetDevAddress
                0x000000000800ed1c       0x24 ../../libDaisy//build/libdaisy.a(stm32h7xx_ll_usb.o)
                0x000000000800ed1c                USB_SetDevAddress
 .text.USB_ReadInterrupts
                0x000000000800ed40       0x14 ../../libDaisy//build/libdaisy.a(stm32h7xx_ll_usb.o)
                0x000000000800ed40                USB_ReadInterrupts
 .text.USB_ReadDevAllOutEpInterrupt
                0x000000000800ed54       0x1c ../../libDaisy//build/libdaisy.a(stm32h7xx_ll_usb.o)
                0x000000000800ed54                USB_ReadDevAllOutEpInterrupt
 .text.USB_ReadDevAllInEpInterrupt
                0x000000000800ed70       0x1c ../../libDaisy//build/libdaisy.a(stm32h7xx_ll_usb.o)
                0x000000000800ed70                USB_ReadDevAllInEpInterrupt
 .text.USB_ReadDevOutEPInterrupt
                0x000000000800ed8c       0x1c ../../libDaisy//build/libdaisy.a(stm32h7xx_ll_usb.o)
                0x000000000800ed8c                USB_ReadDevOutEPInterrupt
 .text.USB_ReadDevInEPInterrupt
                0x000000000800eda8       0x38 ../../libDaisy//build/libdaisy.a(stm32h7xx_ll_usb.o)
                0x000000000800eda8                USB_ReadDevInEPInterrupt
 .text.USB_GetMode
                0x000000000800ede0        0x8 ../../libDaisy//build/libdaisy.a(stm32h7xx_ll_usb.o)
                0x000000000800ede0                USB_GetMode
 .text.USB_ActivateSetup
                0x000000000800ede8       0x38 ../../libDaisy//build/libdaisy.a(stm32h7xx_ll_usb.o)
                0x000000000800ede8                USB_ActivateSetup
 .text.USB_EP0_OutStart
                0x000000000800ee20       0x58 ../../libDaisy//build/libdaisy.a(stm32h7xx_ll_usb.o)
                0x000000000800ee20                USB_EP0_OutStart
 .text.USB_InitFSLSPClkSel
                0x000000000800ee78       0x44 ../../libDaisy//build/libdaisy.a(stm32h7xx_ll_usb.o)
                0x000000000800ee78                USB_InitFSLSPClkSel
 .text.USB_HC_ReadInterrupt
                0x000000000800eebc        0x8 ../../libDaisy//build/libdaisy.a(stm32h7xx_ll_usb.o)
                0x000000000800eebc                USB_HC_ReadInterrupt
 .text.USB_HC_Halt
                0x000000000800eec4       0xc0 ../../libDaisy//build/libdaisy.a(stm32h7xx_ll_usb.o)
                0x000000000800eec4                USB_HC_Halt
 .text.USB_StopHost
                0x000000000800ef84      0x2ec ../../libDaisy//build/libdaisy.a(stm32h7xx_ll_usb.o)
                0x000000000800ef84                USB_StopHost
 .text.USBD_SetClassConfig
                0x000000000800f270       0x14 ../../libDaisy//build/libdaisy.a(usbd_core.o)
                0x000000000800f270                USBD_SetClassConfig
 .text.USBD_ClrClassConfig
                0x000000000800f284       0x10 ../../libDaisy//build/libdaisy.a(usbd_core.o)
                0x000000000800f284                USBD_ClrClassConfig
 .text.USBD_LL_SetupStage
                0x000000000800f294       0x5c ../../libDaisy//build/libdaisy.a(usbd_core.o)
                0x000000000800f294                USBD_LL_SetupStage
 .text.USBD_LL_DataOutStage
                0x000000000800f2f0       0x7c ../../libDaisy//build/libdaisy.a(usbd_core.o)
                0x000000000800f2f0                USBD_LL_DataOutStage
 .text.USBD_LL_DataInStage
                0x000000000800f36c       0xcc ../../libDaisy//build/libdaisy.a(usbd_core.o)
                0x000000000800f36c                USBD_LL_DataInStage
 .text.USBD_LL_Reset
                0x000000000800f438       0x50 ../../libDaisy//build/libdaisy.a(usbd_core.o)
                0x000000000800f438                USBD_LL_Reset
 .text.USBD_LL_SetSpeed
                0x000000000800f488        0x8 ../../libDaisy//build/libdaisy.a(usbd_core.o)
                0x000000000800f488                USBD_LL_SetSpeed
 .text.USBD_LL_Suspend
                0x000000000800f490       0x14 ../../libDaisy//build/libdaisy.a(usbd_core.o)
                0x000000000800f490                USBD_LL_Suspend
 .text.USBD_LL_Resume
                0x000000000800f4a4       0x10 ../../libDaisy//build/libdaisy.a(usbd_core.o)
                0x000000000800f4a4                USBD_LL_Resume
 .text.USBD_LL_SOF
                0x000000000800f4b4       0x1c ../../libDaisy//build/libdaisy.a(usbd_core.o)
                0x000000000800f4b4                USBD_LL_SOF
 .text.USBD_LL_IsoINIncomplete
                0x000000000800f4d0        0x4 ../../libDaisy//build/libdaisy.a(usbd_core.o)
                0x000000000800f4d0                USBD_LL_IsoINIncomplete
 .text.USBD_LL_IsoOUTIncomplete
                0x000000000800f4d4        0x4 ../../libDaisy//build/libdaisy.a(usbd_core.o)
                0x000000000800f4d4                USBD_LL_IsoOUTIncomplete
 .text.USBD_LL_DevConnected
                0x000000000800f4d8        0x4 ../../libDaisy//build/libdaisy.a(usbd_core.o)
                0x000000000800f4d8                USBD_LL_DevConnected
 .text.USBD_LL_DevDisconnected
                0x000000000800f4dc       0x18 ../../libDaisy//build/libdaisy.a(usbd_core.o)
                0x000000000800f4dc                USBD_LL_DevDisconnected
 .text.USBD_StdDevReq
                0x000000000800f4f4      0x304 ../../libDaisy//build/libdaisy.a(usbd_ctlreq.o)
                0x000000000800f4f4                USBD_StdDevReq
 .text.USBD_StdItfReq
                0x000000000800f7f8       0x68 ../../libDaisy//build/libdaisy.a(usbd_ctlreq.o)
                0x000000000800f7f8                USBD_StdItfReq
 .text.USBD_StdEPReq
                0x000000000800f860      0x13c ../../libDaisy//build/libdaisy.a(usbd_ctlreq.o)
                0x000000000800f860                USBD_StdEPReq
 .text.USBD_ParseSetupRequest
                0x000000000800f99c       0x28 ../../libDaisy//build/libdaisy.a(usbd_ctlreq.o)
                0x000000000800f99c                USBD_ParseSetupRequest
 .text.USBD_CtlSendData
                0x000000000800f9c4       0x1c ../../libDaisy//build/libdaisy.a(usbd_ioreq.o)
                0x000000000800f9c4                USBD_CtlSendData
 .text.USBD_CtlContinueSendData
                0x000000000800f9e0       0x14 ../../libDaisy//build/libdaisy.a(usbd_ioreq.o)
                0x000000000800f9e0                USBD_CtlContinueSendData
 .text.USBD_CtlContinueRx
                0x000000000800f9f4       0x14 ../../libDaisy//build/libdaisy.a(usbd_ioreq.o)
                0x000000000800f9f4                USBD_CtlContinueRx
 .text.USBD_CtlSendStatus
                0x000000000800fa08       0x18 ../../libDaisy//build/libdaisy.a(usbd_ioreq.o)
                0x000000000800fa08                USBD_CtlSendStatus
 .text.USBD_CtlReceiveStatus
                0x000000000800fa20       0x18 ../../libDaisy//build/libdaisy.a(usbd_ioreq.o)
                0x000000000800fa20                USBD_CtlReceiveStatus
 .text.USBH_LL_IncTimer
                0x000000000800fa38       0x20 ../../libDaisy//build/libdaisy.a(usbh_core.o)
                0x000000000800fa38                USBH_LL_IncTimer
 .text.USBH_LL_PortEnabled
                0x000000000800fa58        0x8 ../../libDaisy//build/libdaisy.a(usbh_core.o)
                0x000000000800fa58                USBH_LL_PortEnabled
 .text.USBH_LL_PortDisabled
                0x000000000800fa60        0x8 ../../libDaisy//build/libdaisy.a(usbh_core.o)
                0x000000000800fa60                USBH_LL_PortDisabled
 .text.USBH_LL_Connect
                0x000000000800fa68       0x18 ../../libDaisy//build/libdaisy.a(usbh_core.o)
                0x000000000800fa68                USBH_LL_Connect
 .text.USBH_LL_Disconnect
                0x000000000800fa80       0x2c ../../libDaisy//build/libdaisy.a(usbh_core.o)
                0x000000000800fa80                USBH_LL_Disconnect
 .text.USBH_FreePipe
                0x000000000800faac       0x18 ../../libDaisy//build/libdaisy.a(usbh_pipes.o)
                0x000000000800faac                USBH_FreePipe
 .text._ZN5daisy3Led4InitE12dsy_gpio_pinbf
                0x000000000800fac4       0x48 ../../libDaisy//build/libdaisy.a(led.o)
                0x000000000800fac4                daisy::Led::Init(dsy_gpio_pin, bool, float)
 .text._ZN5daisy3Led3SetEf
                0x000000000800fb0c       0x24 ../../libDaisy//build/libdaisy.a(led.o)
                0x000000000800fb0c                daisy::Led::Set(float)
 .text._ZN5daisy3Led6UpdateEv
                0x000000000800fb30       0x48 ../../libDaisy//build/libdaisy.a(led.o)
                0x000000000800fb30                daisy::Led::Update()
 .text._ZN5daisy9SpiHandle4Impl7InitDmaEv
                0x000000000800fb78       0xec ../../libDaisy//build/libdaisy.a(spi.o)
                0x000000000800fb78                daisy::SpiHandle::Impl::InitDma()
 .text._ZN5daisy9SpiHandle4Impl10StartDmaTxEPhjPFvPvEPFvS3_NS0_6ResultEES3_
                0x000000000800fc64       0xc8 ../../libDaisy//build/libdaisy.a(spi.o)
                0x000000000800fc64                daisy::SpiHandle::Impl::StartDmaTx(unsigned char*, unsigned int, void (*)(void*), void (*)(void*, daisy::SpiHandle::Result), void*)
 .text._ZN5daisy9SpiHandle4Impl10StartDmaRxEPhjPFvPvEPFvS3_NS0_6ResultEES3_
                0x000000000800fd2c       0xc8 ../../libDaisy//build/libdaisy.a(spi.o)
                0x000000000800fd2c                daisy::SpiHandle::Impl::StartDmaRx(unsigned char*, unsigned int, void (*)(void*), void (*)(void*, daisy::SpiHandle::Result), void*)
 .text._ZN5daisy9SpiHandle4Impl12StartDmaRxTxEPhS2_jPFvPvEPFvS3_NS0_6ResultEES3_
                0x000000000800fdf4       0xcc ../../libDaisy//build/libdaisy.a(spi.o)
                0x000000000800fdf4                daisy::SpiHandle::Impl::StartDmaRxTx(unsigned char*, unsigned char*, unsigned int, void (*)(void*), void (*)(void*, daisy::SpiHandle::Result), void*)
 .text._ZN5daisy9SpiHandle4Impl8InitPinsEv
                0x000000000800fec0      0x274 ../../libDaisy//build/libdaisy.a(spi.o)
                0x000000000800fec0                daisy::SpiHandle::Impl::InitPins()
 .text.HAL_SPI_MspInit
                0x0000000008010134      0x1a8 ../../libDaisy//build/libdaisy.a(spi.o)
                0x0000000008010134                HAL_SPI_MspInit
 .text.dsy_spi_global_init
                0x00000000080102dc       0x80 ../../libDaisy//build/libdaisy.a(spi.o)
                0x00000000080102dc                dsy_spi_global_init
 .text.SPI1_IRQHandler
                0x000000000801035c        0xc ../../libDaisy//build/libdaisy.a(spi.o)
                0x000000000801035c                SPI1_IRQHandler
 .text.SPI2_IRQHandler
                0x0000000008010368        0xc ../../libDaisy//build/libdaisy.a(spi.o)
                0x0000000008010368                SPI2_IRQHandler
 .text.SPI3_IRQHandler
                0x0000000008010374        0xc ../../libDaisy//build/libdaisy.a(spi.o)
                0x0000000008010374                SPI3_IRQHandler
 .text.SPI4_IRQHandler
                0x0000000008010380        0xc ../../libDaisy//build/libdaisy.a(spi.o)
                0x0000000008010380                SPI4_IRQHandler
 .text.SPI5_IRQHandler
                0x000000000801038c        0xc ../../libDaisy//build/libdaisy.a(spi.o)
                0x000000000801038c                SPI5_IRQHandler
 .text.DMA2_Stream2_IRQHandler
                0x0000000008010398       0x34 ../../libDaisy//build/libdaisy.a(spi.o)
                0x0000000008010398                DMA2_Stream2_IRQHandler
 .text.DMA2_Stream3_IRQHandler
                0x00000000080103cc       0x38 ../../libDaisy//build/libdaisy.a(spi.o)
                0x00000000080103cc                DMA2_Stream3_IRQHandler
 .text.HAL_SPI_TxCpltCallback
                0x0000000008010404       0xc4 ../../libDaisy//build/libdaisy.a(spi.o)
                0x0000000008010404                HAL_SPI_TxCpltCallback
 .text.HAL_SPI_RxCpltCallback
                0x00000000080104c8       0xc4 ../../libDaisy//build/libdaisy.a(spi.o)
                0x00000000080104c8                HAL_SPI_RxCpltCallback
 .text.HAL_SPI_TxRxCpltCallback
                0x000000000801058c       0xc4 ../../libDaisy//build/libdaisy.a(spi.o)
                0x000000000801058c                HAL_SPI_TxRxCpltCallback
 .text.HAL_SPI_ErrorCallback
                0x0000000008010650       0xc8 ../../libDaisy//build/libdaisy.a(spi.o)
                0x0000000008010650                HAL_SPI_ErrorCallback
 .text.startup._GLOBAL__sub_I__Z19MapInstanceToHandleP11SPI_TypeDef
                0x0000000008010718      0x1b0 ../../libDaisy//build/libdaisy.a(spi.o)
 .text.HAL_TIM_Base_MspInit
                0x00000000080108c8      0x1e0 ../../libDaisy//build/libdaisy.a(tim.o)
                0x00000000080108c8                HAL_TIM_Base_MspInit
 .text.HAL_TIM_PeriodElapsedCallback
                0x0000000008010aa8       0x44 ../../libDaisy//build/libdaisy.a(tim.o)
                0x0000000008010aa8                HAL_TIM_PeriodElapsedCallback
 .text.TIM2_IRQHandler
                0x0000000008010aec        0xc ../../libDaisy//build/libdaisy.a(tim.o)
                0x0000000008010aec                TIM2_IRQHandler
 .text.TIM3_IRQHandler
                0x0000000008010af8        0xc ../../libDaisy//build/libdaisy.a(tim.o)
                0x0000000008010af8                TIM3_IRQHandler
 .text.TIM4_IRQHandler
                0x0000000008010b04        0xc ../../libDaisy//build/libdaisy.a(tim.o)
                0x0000000008010b04                TIM4_IRQHandler
 .text.TIM5_IRQHandler
                0x0000000008010b10        0xc ../../libDaisy//build/libdaisy.a(tim.o)
                0x0000000008010b10                TIM5_IRQHandler
 .text._ZN5daisy11TimerHandle4InitERKNS0_6ConfigE
                0x0000000008010b1c       0xd0 ../../libDaisy//build/libdaisy.a(tim.o)
                0x0000000008010b1c                daisy::TimerHandle::Init(daisy::TimerHandle::Config const&)
 .text._ZN5daisy11TimerHandle5StartEv
                0x0000000008010bec       0x24 ../../libDaisy//build/libdaisy.a(tim.o)
                0x0000000008010bec                daisy::TimerHandle::Start()
 .text.startup._GLOBAL__sub_I__ZN5daisy11TimerHandle4Impl4InitERKNS0_6ConfigE
                0x0000000008010c10       0x38 ../../libDaisy//build/libdaisy.a(tim.o)
 .text.dsy_dma_init
                0x0000000008010c48      0x100 ../../libDaisy//build/libdaisy.a(dma.o)
                0x0000000008010c48                dsy_dma_init
 .text.HAL_MDMA_Abort_IT
                0x0000000008010d48       0x2c ../../libDaisy//build/libdaisy.a(stm32h7xx_hal_mdma.o)
                0x0000000008010d48                HAL_MDMA_Abort_IT
 .text.SPI_CloseTransfer
                0x0000000008010d74       0xb8 ../../libDaisy//build/libdaisy.a(stm32h7xx_hal_spi.o)
 .text.HAL_SPI_Init
                0x0000000008010e2c      0x15c ../../libDaisy//build/libdaisy.a(stm32h7xx_hal_spi.o)
                0x0000000008010e2c                HAL_SPI_Init
 .text.HAL_SPI_Transmit_DMA
                0x0000000008010f88      0x170 ../../libDaisy//build/libdaisy.a(stm32h7xx_hal_spi.o)
                0x0000000008010f88                HAL_SPI_Transmit_DMA
 .text.HAL_SPI_TransmitReceive_DMA
                0x00000000080110f8      0x218 ../../libDaisy//build/libdaisy.a(stm32h7xx_hal_spi.o)
                0x00000000080110f8                HAL_SPI_TransmitReceive_DMA
 .text.HAL_SPI_Receive_DMA
                0x0000000008011310      0x1b4 ../../libDaisy//build/libdaisy.a(stm32h7xx_hal_spi.o)
                0x0000000008011310                HAL_SPI_Receive_DMA
 .text.SPI_DMATransmitCplt
                0x00000000080114c4       0x28 ../../libDaisy//build/libdaisy.a(stm32h7xx_hal_spi.o)
 .text.SPI_DMAReceiveCplt
                0x00000000080114ec       0x28 ../../libDaisy//build/libdaisy.a(stm32h7xx_hal_spi.o)
 .text.SPI_DMATransmitReceiveCplt
                0x0000000008011514       0x28 ../../libDaisy//build/libdaisy.a(stm32h7xx_hal_spi.o)
 .text.HAL_SPI_TxHalfCpltCallback
                0x000000000801153c        0x4 ../../libDaisy//build/libdaisy.a(stm32h7xx_hal_spi.o)
                0x000000000801153c                HAL_SPI_TxHalfCpltCallback
 .text.SPI_DMAHalfTransmitCplt
                0x0000000008011540        0xc ../../libDaisy//build/libdaisy.a(stm32h7xx_hal_spi.o)
 .text.HAL_SPI_RxHalfCpltCallback
                0x000000000801154c        0x4 ../../libDaisy//build/libdaisy.a(stm32h7xx_hal_spi.o)
                0x000000000801154c                HAL_SPI_RxHalfCpltCallback
 .text.SPI_DMAHalfReceiveCplt
                0x0000000008011550        0xc ../../libDaisy//build/libdaisy.a(stm32h7xx_hal_spi.o)
 .text.HAL_SPI_TxRxHalfCpltCallback
                0x000000000801155c        0x4 ../../libDaisy//build/libdaisy.a(stm32h7xx_hal_spi.o)