Archive member included to satisfy reference by file (symbol)

../../../LEAF/leaf/build/libleaf.a(leaf-sampling.o)
                              build/MyProj.o (tBuffer_init)
../../../LEAF/leaf/build/libleaf.a(leaf.o)
                              build/MyProj.o (LEAF_init)
../../../LEAF/leaf/build/libleaf.a(leaf-analysis.o)
                              ../../../LEAF/leaf/build/libleaf.a(leaf-sampling.o) (tEnvelopeFollower_initToPool)
../../../LEAF/leaf/build/libleaf.a(leaf-envelopes.o)
                              ../../../LEAF/leaf/build/libleaf.a(leaf-sampling.o) (tRamp_initToPool)
../../../LEAF/leaf/build/libleaf.a(leaf-math.o)
                              ../../../LEAF/leaf/build/libleaf.a(leaf-analysis.o) (interpolate3max)
../../../LEAF/leaf/build/libleaf.a(leaf-mempool.o)
                              ../../../LEAF/leaf/build/libleaf.a(leaf.o) (leaf_pool_init)
../../../LEAF/leaf/build/libleaf.a(leaf-tables.o)
                              ../../../LEAF/leaf/build/libleaf.a(leaf-math.o) (slope_dd_table)
../../../LEAF/leaf/build/libleaf.a(d_fft_mayer.o)
                              ../../../LEAF/leaf/build/libleaf.a(leaf-analysis.o) (mayer_realfft)
../../libDaisy//build/libdaisy.a(daisy_pod.o)
                              build/MyProj.o (daisy::DaisyPod::StartAudio(void (*)(float const* const*, float**, unsigned int)))
../../libDaisy//build/libdaisy.a(daisy_seed.o)
                              ../../libDaisy//build/libdaisy.a(daisy_pod.o) (daisy::DaisySeed::Configure())
../../libDaisy//build/libdaisy.a(codec_ak4556.o)
                              ../../libDaisy//build/libdaisy.a(daisy_seed.o) (daisy::Ak4556::Init(dsy_gpio_pin))
../../libDaisy//build/libdaisy.a(codec_wm8731.o)
                              ../../libDaisy//build/libdaisy.a(daisy_seed.o) (daisy::Wm8731::Init(daisy::Wm8731::Config const&, daisy::I2CHandle))
../../libDaisy//build/libdaisy.a(sdram.o)
                              ../../libDaisy//build/libdaisy.a(daisy_seed.o) (SdramHandle::Init())
../../libDaisy//build/libdaisy.a(audio.o)
                              ../../libDaisy//build/libdaisy.a(daisy_seed.o) (daisy::AudioHandle::Init(daisy::AudioHandle::Config const&, daisy::SaiHandle))
../../libDaisy//build/libdaisy.a(ctrl.o)
                              ../../libDaisy//build/libdaisy.a(daisy_pod.o) (daisy::AnalogControl::Init(unsigned short*, float, bool, bool, float))
../../libDaisy//build/libdaisy.a(encoder.o)
                              ../../libDaisy//build/libdaisy.a(daisy_pod.o) (daisy::Encoder::Init(dsy_gpio_pin, dsy_gpio_pin, dsy_gpio_pin, float))
../../libDaisy//build/libdaisy.a(rgb_led.o)
                              ../../libDaisy//build/libdaisy.a(daisy_pod.o) (daisy::RgbLed::Init(dsy_gpio_pin, dsy_gpio_pin, dsy_gpio_pin, bool))
../../libDaisy//build/libdaisy.a(switch.o)
                              ../../libDaisy//build/libdaisy.a(daisy_pod.o) (daisy::Switch::Init(dsy_gpio_pin, float))
../../libDaisy//build/libdaisy.a(adc.o)
                              ../../libDaisy//build/libdaisy.a(daisy_pod.o) (daisy::AdcChannelConfig::InitSingle(dsy_gpio_pin))
../../libDaisy//build/libdaisy.a(gpio.o)
                              ../../libDaisy//build/libdaisy.a(daisy_seed.o) (dsy_gpio_init)
../../libDaisy//build/libdaisy.a(i2c.o)
                              ../../libDaisy//build/libdaisy.a(daisy_seed.o) (daisy::I2CHandle::Init(daisy::I2CHandle::Config const&))
../../libDaisy//build/libdaisy.a(qspi.o)
                              ../../libDaisy//build/libdaisy.a(daisy_seed.o) (daisy::QSPIHandle::Init(daisy::QSPIHandle::Config const&))
../../libDaisy//build/libdaisy.a(rng.o)
                              build/MyProj.o (daisy::Random::Init())
../../libDaisy//build/libdaisy.a(sai.o)
                              ../../libDaisy//build/libdaisy.a(daisy_seed.o) (daisy::SaiHandle::Init(daisy::SaiHandle::Config const&))
../../libDaisy//build/libdaisy.a(sdmmc.o)
                              build/MyProj.o (daisy::SdmmcHandler::Init(daisy::SdmmcHandler::Config const&))
../../libDaisy//build/libdaisy.a(uart.o)
                              ../../libDaisy//build/libdaisy.a(daisy_pod.o) (daisy::UartHandler::Init(daisy::UartHandler::Config const&))
../../libDaisy//build/libdaisy.a(fatfs.o)
                              build/MyProj.o (daisy::FatFSInterface::Init(unsigned char))
../../libDaisy//build/libdaisy.a(system.o)
                              ../../libDaisy//build/libdaisy.a(daisy_seed.o) (daisy::System::DeInit())
../../libDaisy//build/libdaisy.a(system_stm32h7xx.o)
                              build/startup_stm32h750xx.o (SystemInit)
../../libDaisy//build/libdaisy.a(usbd_conf.o)
                              ../../libDaisy//build/libdaisy.a(system.o) (hpcd_USB_OTG_HS)
../../libDaisy//build/libdaisy.a(usbh_conf.o)
                              ../../libDaisy//build/libdaisy.a(system.o) (hhcd_USB_OTG_HS)
../../libDaisy//build/libdaisy.a(color.o)
[...]
Memory Configuration

Name             Origin             Length             Attributes
FLASH            0x0000000008000000 0x0000000000020000 xr
DTCMRAM          0x0000000020000000 0x0000000000020000 xrw
SRAM             0x0000000024000000 0x0000000000080000 xrw
RAM_D2           0x0000000030000000 0x0000000000048000 xrw
RAM_D3           0x0000000038000000 0x0000000000010000 xrw
ITCMRAM          0x0000000000000000 0x0000000000010000 xrw
SDRAM            0x00000000c0000000 0x0000000004000000 xrw
QSPIFLASH        0x0000000090000000 0x0000000000800000 xr
*default*        0x0000000000000000 0xffffffffffffffff

Linker script and memory map

LOAD /Library/DaisyToolchain/0.2.0/arm/bin/../lib/gcc/arm-none-eabi/10.3.1/thumb/v7e-m+dp/hard/crti.o
LOAD /Library/DaisyToolchain/0.2.0/arm/bin/../lib/gcc/arm-none-eabi/10.3.1/thumb/v7e-m+dp/hard/crtbegin.o
LOAD /Library/DaisyToolchain/0.2.0/arm/bin/../lib/gcc/arm-none-eabi/10.3.1/../../../../arm-none-eabi/lib/thumb/v7e-m+dp/hard/crt0.o
LOAD build/startup_stm32h750xx.o
LOAD build/diskio.o
LOAD build/ff.o
LOAD build/ff_gen_drv.o
LOAD build/ccsbcs.o
LOAD build/MyProj.o
LOAD ../../../LEAF/leaf/build/libleaf.a
LOAD ../../libDaisy//build/libdaisy.a
LOAD /Library/DaisyToolchain/0.2.0/arm/bin/../lib/gcc/arm-none-eabi/10.3.1/../../../../arm-none-eabi/lib/thumb/v7e-m+dp/hard/libnosys.a
LOAD /Library/DaisyToolchain/0.2.0/arm/bin/../lib/gcc/arm-none-eabi/10.3.1/../../../../arm-none-eabi/lib/thumb/v7e-m+dp/hard/libstdc++_nano.a
LOAD /Library/DaisyToolchain/0.2.0/arm/bin/../lib/gcc/arm-none-eabi/10.3.1/../../../../arm-none-eabi/lib/thumb/v7e-m+dp/hard/libm.a
LOAD /Library/DaisyToolchain/0.2.0/arm/bin/../lib/gcc/arm-none-eabi/10.3.1/../../../../arm-none-eabi/lib/thumb/v7e-m+dp/hard/libc_nano.a
START GROUP
LOAD /Library/DaisyToolchain/0.2.0/arm/bin/../lib/gcc/arm-none-eabi/10.3.1/thumb/v7e-m+dp/hard/libgcc.a
LOAD /Library/DaisyToolchain/0.2.0/arm/bin/../lib/gcc/arm-none-eabi/10.3.1/../../../../arm-none-eabi/lib/thumb/v7e-m+dp/hard/libc_nano.a
END GROUP
START GROUP
LOAD /Library/DaisyToolchain/0.2.0/arm/bin/../lib/gcc/arm-none-eabi/10.3.1/thumb/v7e-m+dp/hard/libgcc.a
LOAD /Library/DaisyToolchain/0.2.0/arm/bin/../lib/gcc/arm-none-eabi/10.3.1/../../../../arm-none-eabi/lib/thumb/v7e-m+dp/hard/libc_nano.a
LOAD /Library/DaisyToolchain/0.2.0/arm/bin/../lib/gcc/arm-none-eabi/10.3.1/../../../../arm-none-eabi/lib/thumb/v7e-m+dp/hard/libnosys.a
END GROUP
START GROUP
LOAD /Library/DaisyToolchain/0.2.0/arm/bin/../lib/gcc/arm-none-eabi/10.3.1/thumb/v7e-m+dp/hard/libgcc.a
LOAD /Library/DaisyToolchain/0.2.0/arm/bin/../lib/gcc/arm-none-eabi/10.3.1/../../../../arm-none-eabi/lib/thumb/v7e-m+dp/hard/libc_nano.a
LOAD /Library/DaisyToolchain/0.2.0/arm/bin/../lib/gcc/arm-none-eabi/10.3.1/../../../../arm-none-eabi/lib/thumb/v7e-m+dp/hard/libnosys.a
END GROUP
LOAD /Library/DaisyToolchain/0.2.0/arm/bin/../lib/gcc/arm-none-eabi/10.3.1/thumb/v7e-m+dp/hard/crtend.o
LOAD /Library/DaisyToolchain/0.2.0/arm/bin/../lib/gcc/arm-none-eabi/10.3.1/thumb/v7e-m+dp/hard/crtn.o
                0x0000000020020000                _estack = 0x20020000

.isr_vector     0x0000000008000000      0x298
                0x0000000008000000                . = ALIGN (0x4)
 *(.isr_vector)
 .isr_vector    0x0000000008000000      0x298 build/startup_stm32h750xx.o
                0x0000000008000000                g_pfnVectors
                0x0000000008000298                . = ALIGN (0x4)

.text           0x0000000008000298    0x18298
                0x0000000008000298                . = ALIGN (0x4)
                0x0000000008000298                _stext = .
 *(.text)
 .text          0x0000000008000298       0x40 /Library/DaisyToolchain/0.2.0/arm/bin/../lib/gcc/arm-none-eabi/10.3.1/thumb/v7e-m+dp/hard/crtbegin.o
 .text          0x00000000080002d8       0x30 /Library/DaisyToolchain/0.2.0/arm/bin/../lib/gcc/arm-none-eabi/10.3.1/thumb/v7e-m+dp/hard/libgcc.a(_aeabi_uldivmod.o)
                0x00000000080002d8                __aeabi_uldivmod
 .text          0x0000000008000308      0x2d0 /Library/DaisyToolchain/0.2.0/arm/bin/../lib/gcc/arm-none-eabi/10.3.1/thumb/v7e-m+dp/hard/libgcc.a(_udivmoddi4.o)
                0x0000000008000308                __udivmoddi4
 .text          0x00000000080005d8        0x4 /Library/DaisyToolchain/0.2.0/arm/bin/../lib/gcc/arm-none-eabi/10.3.1/thumb/v7e-m+dp/hard/libgcc.a(_dvmd_tls.o)
                0x00000000080005d8                __aeabi_ldiv0
                0x00000000080005d8                __aeabi_idiv0
 *(.text*)
 .text.Default_Handler
                0x00000000080005dc        0x4 build/startup_stm32h750xx.o
                0x00000000080005dc                SAI1_IRQHandler
                0x00000000080005dc                HASH_RNG_IRQHandler
                0x00000000080005dc                EXTI2_IRQHandler
                0x00000000080005dc                TIM8_CC_IRQHandler
                0x00000000080005dc                HRTIM1_Master_IRQHandler
                0x00000000080005dc                DebugMon_Handler
                0x00000000080005dc                TIM1_CC_IRQHandler
                0x00000000080005dc                BDMA_Channel6_IRQHandler
                0x00000000080005dc                DMA2_Stream5_IRQHandler
                0x00000000080005dc                HRTIM1_FLT_IRQHandler
                0x00000000080005dc                JPEG_IRQHandler
                0x00000000080005dc                BDMA_Channel1_IRQHandler
                0x00000000080005dc                HRTIM1_TIMD_IRQHandler
                0x00000000080005dc                TAMP_STAMP_IRQHandler
                0x00000000080005dc                PendSV_Handler
                0x00000000080005dc                NMI_Handler
                0x00000000080005dc                EXTI3_IRQHandler
                0x00000000080005dc                LPTIM4_IRQHandler
                0x00000000080005dc                TIM8_TRG_COM_TIM14_IRQHandler
                0x00000000080005dc                LPTIM2_IRQHandler
                0x00000000080005dc                DFSDM1_FLT1_IRQHandler
                0x00000000080005dc                DMAMUX2_OVR_IRQHandler
                0x00000000080005dc                TIM8_UP_TIM13_IRQHandler
                0x00000000080005dc                I2C3_ER_IRQHandler
                0x00000000080005dc                DFSDM1_FLT2_IRQHandler
                0x00000000080005dc                MDMA_IRQHandler
                0x00000000080005dc                LPTIM3_IRQHandler
                0x00000000080005dc                HSEM1_IRQHandler
                0x00000000080005dc                EXTI0_IRQHandler
                0x00000000080005dc                FPU_IRQHandler
                0x00000000080005dc                OTG_HS_WKUP_IRQHandler
                0x00000000080005dc                FDCAN1_IT1_IRQHandler
                0x00000000080005dc                UsageFault_Handler
                0x00000000080005dc                LTDC_ER_IRQHandler
                0x00000000080005dc                HRTIM1_TIME_IRQHandler
                0x00000000080005dc                TIM6_DAC_IRQHandler
                0x00000000080005dc                DCMI_IRQHandler
                0x00000000080005dc                HRTIM1_TIMC_IRQHandler
                0x00000000080005dc                SAI2_IRQHandler
                0x00000000080005dc                DFSDM1_FLT3_IRQHandler
                0x00000000080005dc                TIM17_IRQHandler
                0x00000000080005dc                CRYP_IRQHandler
                0x00000000080005dc                BDMA_Channel7_IRQHandler
                0x00000000080005dc                LPTIM5_IRQHandler
                0x00000000080005dc                ADC3_IRQHandler
                0x00000000080005dc                DMA2_Stream0_IRQHandler
                0x00000000080005dc                BDMA_Channel2_IRQHandler
                0x00000000080005dc                DMAMUX1_OVR_IRQHandler
                0x00000000080005dc                TIM16_IRQHandler
                0x00000000080005dc                BDMA_Channel5_IRQHandler
                0x00000000080005dc                RCC_IRQHandler
                0x00000000080005dc                TIM8_BRK_TIM12_IRQHandler
                0x00000000080005dc                TIM1_TRG_COM_IRQHandler
                0x00000000080005dc                Default_Handler
                0x00000000080005dc                ECC_IRQHandler
                0x00000000080005dc                CEC_IRQHandler
                0x00000000080005dc                EXTI15_10_IRQHandler
                0x00000000080005dc                BDMA_Channel0_IRQHandler
                0x00000000080005dc                ADC_IRQHandler
                0x00000000080005dc                DMA1_Stream7_IRQHandler
                0x00000000080005dc                HRTIM1_TIMA_IRQHandler
                0x00000000080005dc                TIM7_IRQHandler
                0x00000000080005dc                DMA2_Stream7_IRQHandler
                0x00000000080005dc                TIM15_IRQHandler
                0x00000000080005dc                PVD_AVD_IRQHandler
                0x00000000080005dc                EXTI9_5_IRQHandler
                0x00000000080005dc                RTC_WKUP_IRQHandler
                0x00000000080005dc                LTDC_IRQHandler
                0x00000000080005dc                SAI3_IRQHandler
                0x00000000080005dc                ETH_WKUP_IRQHandler
                0x00000000080005dc                SPDIF_RX_IRQHandler
                0x00000000080005dc                MemManage_Handler
                0x00000000080005dc                SVC_Handler
                0x00000000080005dc                CRS_IRQHandler
                0x00000000080005dc                EXTI4_IRQHandler
                0x00000000080005dc                HRTIM1_TIMB_IRQHandler
                0x00000000080005dc                FDCAN2_IT1_IRQHandler
                0x00000000080005dc                ETH_IRQHandler
                0x00000000080005dc                TIM1_UP_IRQHandler
                0x00000000080005dc                BDMA_Channel4_IRQHandler
                0x00000000080005dc                WWDG_IRQHandler
                0x00000000080005dc                SPI6_IRQHandler
                0x00000000080005dc                I2C4_EV_IRQHandler
                0x00000000080005dc                MDIOS_IRQHandler
                0x00000000080005dc                FDCAN2_IT0_IRQHandler
                0x00000000080005dc                FDCAN1_IT0_IRQHandler
                0x00000000080005dc                OTG_FS_WKUP_IRQHandler
                0x00000000080005dc                DMA2D_IRQHandler
                0x00000000080005dc                TIM1_BRK_IRQHandler
                0x00000000080005dc                EXTI1_IRQHandler
                0x00000000080005dc                SDMMC2_IRQHandler
                0x00000000080005dc                OTG_FS_EP1_OUT_IRQHandler
                0x00000000080005dc                BDMA_Channel3_IRQHandler
                0x00000000080005dc                MDIOS_WKUP_IRQHandler
                0x00000000080005dc                DFSDM1_FLT0_IRQHandler
                0x00000000080005dc                SAI4_IRQHandler
                0x00000000080005dc                I2C2_ER_IRQHandler
                0x00000000080005dc                DMA2_Stream1_IRQHandler
                0x00000000080005dc                FLASH_IRQHandler
                0x00000000080005dc                BusFault_Handler
                0x00000000080005dc                OTG_FS_IRQHandler
                0x00000000080005dc                WAKEUP_PIN_IRQHandler
                0x00000000080005dc                OTG_FS_EP1_IN_IRQHandler
                0x00000000080005dc                I2C1_ER_IRQHandler
                0x00000000080005dc                FMC_IRQHandler
                0x00000000080005dc                FDCAN_CAL_IRQHandler
                0x00000000080005dc                SWPMI1_IRQHandler
                0x00000000080005dc                COMP1_IRQHandler
                0x00000000080005dc                LPTIM1_IRQHandler
                0x00000000080005dc                I2C4_ER_IRQHandler
                0x00000000080005dc                DMA2_Stream6_IRQHandler
                0x00000000080005dc                RTC_Alarm_IRQHandler
 .text.Reset_Handler
                0x00000000080005e0       0x44 build/startup_stm32h750xx.o
                0x00000000080005e0                Reset_Handler
 .text.disk_status
                0x0000000008000624       0x14 build/diskio.o
                0x0000000008000624                disk_status
 .text.disk_initialize
                0x0000000008000638       0x24 build/diskio.o
                0x0000000008000638                disk_initialize
 .text.disk_read
                0x000000000800065c       0x1c build/diskio.o
                0x000000000800065c                disk_read
 .text.disk_write
                0x0000000008000678       0x1c build/diskio.o
                0x0000000008000678                disk_write
 .text.disk_ioctl
                0x0000000008000694       0x18 build/diskio.o
                0x0000000008000694                disk_ioctl
 .text.get_ldnumber
                0x00000000080006ac       0x50 build/ff.o
 .text.validate
                0x00000000080006fc       0x30 build/ff.o
 .text.get_fileinfo
                0x000000000800072c       0xf8 build/ff.o
 .text.sync_window.part.0
                0x0000000008000824       0x54 build/ff.o
 .text.sync_fs  0x0000000008000878       0xc0 build/ff.o
 .text.move_window.part.0
                0x0000000008000938       0x30 build/ff.o
 .text.check_fs
                0x0000000008000968       0x84 build/ff.o
 .text.find_volume
                0x00000000080009ec      0x254 build/ff.o
 .text.put_fat.part.0
                0x0000000008000c40      0x1c0 build/ff.o
 .text.get_fat.isra.0
                0x0000000008000e00      0x148 build/ff.o
 .text.remove_chain
                0x0000000008000f48       0x84 build/ff.o
 .text.create_chain
                0x0000000008000fcc       0xd4 build/ff.o
 .text.dir_next
                0x00000000080010a0      0x148 build/ff.o
 .text.dir_read.constprop.0
                0x00000000080011e8      0x14c build/ff.o
 .text.dir_sdi  0x0000000008001334       0xa8 build/ff.o
 .text.dir_find
                0x00000000080013dc      0x1ec build/ff.o
 .text.follow_path
                0x00000000080015c8      0x2fc build/ff.o
 .text.dir_register
                0x00000000080018c4      0x3e8 build/ff.o
 .text.f_mount  0x0000000008001cac       0x58 build/ff.o
                0x0000000008001cac                f_mount
 .text.f_open   0x0000000008001d04      0x278 build/ff.o
                0x0000000008001d04                f_open
 .text.f_read   0x0000000008001f7c      0x1c4 build/ff.o
                0x0000000008001f7c                f_read
 .text.f_sync   0x0000000008002140       0xec build/ff.o
                0x0000000008002140                f_sync
 .text.f_close  0x000000000800222c       0x24 build/ff.o
                0x000000000800222c                f_close
 .text.f_opendir
                0x0000000008002250       0x7c build/ff.o
                0x0000000008002250                f_opendir
 .text.f_closedir
                0x00000000080022cc       0x30 build/ff.o
                0x00000000080022cc                f_closedir
 .text.f_readdir
                0x00000000080022fc       0x5c build/ff.o
                0x00000000080022fc                f_readdir
 .text.FATFS_LinkDriver
                0x0000000008002358       0x58 build/ff_gen_drv.o
                0x0000000008002358                FATFS_LinkDriver
 .text.ff_convert
                0x00000000080023b0       0x40 build/ccsbcs.o
                0x00000000080023b0                ff_convert
 .text.ff_wtoupper
                0x00000000080023f0       0xa0 build/ccsbcs.o
                0x00000000080023f0                ff_wtoupper
 .text._ZN5daisy12SdmmcHandlerD2Ev
                0x0000000008002490        0x4 build/MyProj.o
                0x0000000008002490                daisy::SdmmcHandler::~SdmmcHandler()
                0x0000000008002490                daisy::SdmmcHandler::~SdmmcHandler()
 .text._ZN5daisy8DaisyPodD2Ev
                0x0000000008002494        0x4 build/MyProj.o
                0x0000000008002494                daisy::DaisyPod::~DaisyPod()
                0x0000000008002494                daisy::DaisyPod::~DaisyPod()
 .text._Z12randomNumberv
                0x0000000008002498       0x10 build/MyProj.o
                0x0000000008002498                randomNumber()
 .text._Z13AudioCallbackPKPKfPPfj
                0x00000000080024a8       0xe0 build/MyProj.o
                0x00000000080024a8                AudioCallback(float const* const*, float**, unsigned int)
 .text._Z8readWaveP3FILPfPcmmPmS3_
                0x0000000008002588      0x4e0 build/MyProj.o
                0x0000000008002588                readWave(FIL*, float*, char*, unsigned long, unsigned long, unsigned long*, unsigned long*)
 .text._Z15readSDCardFilesPKc
                0x0000000008002a68       0xf4 build/MyProj.o
                0x0000000008002a68                readSDCardFiles(char const*)
 .text.startup.main
                0x0000000008002b5c      0x18c build/MyProj.o
                0x0000000008002b5c                main
 .text.startup._GLOBAL__sub_I_leaf
                0x0000000008002ce8       0x70 build/MyProj.o
 .text.tBuffer_init
                0x0000000008002d58       0x48 ../../../LEAF/leaf/build/libleaf.a(leaf-sampling.o)
                0x0000000008002d58                tBuffer_init
 .text.tBuffer_setBuffer
                0x0000000008002da0       0x14 ../../../LEAF/leaf/build/libleaf.a(leaf-sampling.o)
                0x0000000008002da0                tBuffer_setBuffer
 .text.tSampler_init
                0x0000000008002db4       0xe0 ../../../LEAF/leaf/build/libleaf.a(leaf-sampling.o)
                0x0000000008002db4                tSampler_init
 .text.tSampler_setMode
                0x0000000008002e94        0x8 ../../../LEAF/leaf/build/libleaf.a(leaf-sampling.o)
                0x0000000008002e94                tSampler_setMode
 .text.tSampler_play
                0x0000000008002e9c       0xb8 ../../../LEAF/leaf/build/libleaf.a(leaf-sampling.o)
                0x0000000008002e9c                tSampler_play
 .text.tSampler_stop
                0x0000000008002f54       0x18 ../../../LEAF/leaf/build/libleaf.a(leaf-sampling.o)
                0x0000000008002f54                tSampler_stop
 .text.tSampler_setStart
                0x0000000008002f6c      0x13c ../../../LEAF/leaf/build/libleaf.a(leaf-sampling.o)
                0x0000000008002f6c                tSampler_setStart
 .text.tSampler_setEnd
                0x00000000080030a8      0x13c ../../../LEAF/leaf/build/libleaf.a(leaf-sampling.o)
                0x00000000080030a8                tSampler_setEnd
 .text.tSampler_tick
                0x00000000080031e4      0x604 ../../../LEAF/leaf/build/libleaf.a(leaf-sampling.o)
                0x00000000080031e4                tSampler_tick
 .text.tSampler_setRate
                0x00000000080037e8       0x38 ../../../LEAF/leaf/build/libleaf.a(leaf-sampling.o)
                0x00000000080037e8                tSampler_setRate
 .text.LEAF_defaultErrorCallback
                0x0000000008003820        0x4 ../../../LEAF/leaf/build/libleaf.a(leaf.o)
                0x0000000008003820                LEAF_defaultErrorCallback
 .text.LEAF_init
                0x0000000008003824       0x54 ../../../LEAF/leaf/build/libleaf.a(leaf.o)
                0x0000000008003824                LEAF_init
 .text.LEAF_internalErrorCallback
                0x0000000008003878       0x14 ../../../LEAF/leaf/build/libleaf.a(leaf.o)
                0x0000000008003878                LEAF_internalErrorCallback
 .text.tRamp_initToPool
                0x000000000800388c       0x90 ../../../LEAF/leaf/build/libleaf.a(leaf-envelopes.o)
                0x000000000800388c                tRamp_initToPool
 .text.tRamp_setDest
                0x000000000800391c       0x1c ../../../LEAF/leaf/build/libleaf.a(leaf-envelopes.o)
                0x000000000800391c                tRamp_setDest
 .text.tRamp_setVal
                0x0000000008003938       0x1c ../../../LEAF/leaf/build/libleaf.a(leaf-envelopes.o)
                0x0000000008003938                tRamp_setVal
 .text.tRamp_tick
                0x0000000008003954       0x50 ../../../LEAF/leaf/build/libleaf.a(leaf-envelopes.o)
                0x0000000008003954                tRamp_tick
 .text.tRamp_sample
                0x00000000080039a4        0x8 ../../../LEAF/leaf/build/libleaf.a(leaf-envelopes.o)
                0x00000000080039a4                tRamp_sample
 .text.LEAF_clipInt
                0x00000000080039ac       0x18 ../../../LEAF/leaf/build/libleaf.a(leaf-math.o)
                0x00000000080039ac                LEAF_clipInt
 .text.LEAF_interpolate_hermite_x
                0x00000000080039c4       0x40 ../../../LEAF/leaf/build/libleaf.a(leaf-math.o)
                0x00000000080039c4                LEAF_interpolate_hermite_x
 .text.leaf_pool_init
                0x0000000008003a04       0x30 ../../../LEAF/leaf/build/libleaf.a(leaf-mempool.o)
                0x0000000008003a04                leaf_pool_init
 .text.mpool_alloc
                0x0000000008003a34       0xe8 ../../../LEAF/leaf/build/libleaf.a(leaf-mempool.o)
                0x0000000008003a34                mpool_alloc
 .text._ZN5daisy8DaisyPod10StartAudioEPFvPKPKfPPfjE
                0x0000000008003b1c        0x4 ../../libDaisy//build/libdaisy.a(daisy_pod.o)
                0x0000000008003b1c                daisy::DaisyPod::StartAudio(void (*)(float const* const*, float**, unsigned int))
 .text._ZN5daisy8DaisyPod17SetAudioBlockSizeEj
                0x0000000008003b20       0x2c ../../libDaisy//build/libdaisy.a(daisy_pod.o)
                0x0000000008003b20                daisy::DaisyPod::SetAudioBlockSize(unsigned int)
 .text._ZN5daisy8DaisyPod18SetAudioSampleRateENS_9SaiHandle6Config10SampleRateE
                0x0000000008003b4c       0x2c ../../libDaisy//build/libdaisy.a(daisy_pod.o)
                0x0000000008003b4c                daisy::DaisyPod::SetAudioSampleRate(daisy::SaiHandle::Config::SampleRate)
 .text._ZN5daisy8DaisyPod8StartAdcEv
                0x0000000008003b78        0x8 ../../libDaisy//build/libdaisy.a(daisy_pod.o)
                0x0000000008003b78                daisy::DaisyPod::StartAdc()
 .text._ZN5daisy8DaisyPod21ProcessAnalogControlsEv
                0x0000000008003b80       0x18 ../../libDaisy//build/libdaisy.a(daisy_pod.o)
                0x0000000008003b80                daisy::DaisyPod::ProcessAnalogControls()
 .text._ZN5daisy8DaisyPod22ProcessDigitalControlsEv
                0x0000000008003b98       0x20 ../../libDaisy//build/libdaisy.a(daisy_pod.o)
                0x0000000008003b98                daisy::DaisyPod::ProcessDigitalControls()
 .text._ZN5daisy8DaisyPod10UpdateLedsEv
                0x0000000008003bb8       0x18 ../../libDaisy//build/libdaisy.a(daisy_pod.o)
                0x0000000008003bb8                daisy::DaisyPod::UpdateLeds()
 .text._ZN5daisy8DaisyPod8InitLedsEv
                0x0000000008003bd0       0xac ../../libDaisy//build/libdaisy.a(daisy_pod.o)
                0x0000000008003bd0                daisy::DaisyPod::InitLeds()
 .text._ZN5daisy8DaisyPod9InitKnobsEv
                0x0000000008003c7c       0x98 ../../libDaisy//build/libdaisy.a(daisy_pod.o)
                0x0000000008003c7c                daisy::DaisyPod::InitKnobs()
 .text._ZN5daisy8DaisyPod4InitEb
                0x0000000008003d14      0x118 ../../libDaisy//build/libdaisy.a(daisy_pod.o)
                0x0000000008003d14                daisy::DaisyPod::Init(bool)
 .text._ZN5daisy9DaisySeed9ConfigureEv
                0x0000000008003e2c        0x4 ../../libDaisy//build/libdaisy.a(daisy_seed.o)
                0x0000000008003e2c                daisy::DaisySeed::Configure()
 .text._ZN5daisy9DaisySeed6GetPinEh
                0x0000000008003e30       0x2c ../../libDaisy//build/libdaisy.a(daisy_seed.o)
                0x0000000008003e30                daisy::DaisySeed::GetPin(unsigned char)
 .text._ZN5daisy9DaisySeed10StartAudioEPFvPKPKfPPfjE
                0x0000000008003e5c        0x8 ../../libDaisy//build/libdaisy.a(daisy_seed.o)
                0x0000000008003e5c                daisy::DaisySeed::StartAudio(void (*)(float const* const*, float**, unsigned int))
 .text._ZN5daisy9DaisySeed18SetAudioSampleRateENS_9SaiHandle6Config10SampleRateE
                0x0000000008003e64       0x38 ../../libDaisy//build/libdaisy.a(daisy_seed.o)
                0x0000000008003e64                daisy::DaisySeed::SetAudioSampleRate(daisy::SaiHandle::Config::SampleRate)
 .text._ZN5daisy9DaisySeed17SetAudioBlockSizeEj
                0x0000000008003e9c       0x38 ../../libDaisy//build/libdaisy.a(daisy_seed.o)
                0x0000000008003e9c                daisy::DaisySeed::SetAudioBlockSize(unsigned int)
 .text._ZNK5daisy9DaisySeed17AudioCallbackRateEv
                0x0000000008003ed4        0x8 ../../libDaisy//build/libdaisy.a(daisy_seed.o)
                0x0000000008003ed4                daisy::DaisySeed::AudioCallbackRate() const
 .text._ZN5daisy9DaisySeed14ConfigureAudioEv
                0x0000000008003edc       0xd0 ../../libDaisy//build/libdaisy.a(daisy_seed.o)
                0x0000000008003edc                daisy::DaisySeed::ConfigureAudio()
 .text._ZN5daisy9DaisySeed4InitEb
                0x0000000008003fac       0xf0 ../../libDaisy//build/libdaisy.a(daisy_seed.o)
                0x0000000008003fac                daisy::DaisySeed::Init(bool)
 .text._ZN5daisy6Ak45564InitE12dsy_gpio_pin
                0x000000000800409c       0x44 ../../libDaisy//build/libdaisy.a(codec_ak4556.o)
                0x000000000800409c                daisy::Ak4556::Init(dsy_gpio_pin)
 .text._ZN5daisy6Wm873120WriteControlRegisterEht
                0x00000000080040e0       0x3c ../../libDaisy//build/libdaisy.a(codec_wm8731.o)
                0x00000000080040e0                daisy::Wm8731::WriteControlRegister(unsigned char, unsigned short)
 .text._ZN5daisy6Wm87314InitERKNS0_6ConfigENS_9I2CHandleE
                0x000000000800411c      0x1bc ../../libDaisy//build/libdaisy.a(codec_wm8731.o)
                0x000000000800411c                daisy::Wm8731::Init(daisy::Wm8731::Config const&, daisy::I2CHandle)
 .text._ZN11SdramHandle10DeviceInitEv
                0x00000000080042d8       0x98 ../../libDaisy//build/libdaisy.a(sdram.o)
                0x00000000080042d8                SdramHandle::DeviceInit()
 .text._ZN11SdramHandle4InitEv
                0x0000000008004370       0x7c ../../libDaisy//build/libdaisy.a(sdram.o)
                0x0000000008004370                SdramHandle::Init()
 .text.HAL_SDRAM_MspInit
                0x00000000080043ec      0x1a8 ../../libDaisy//build/libdaisy.a(sdram.o)
                0x00000000080043ec                HAL_SDRAM_MspInit
 .text._ZN5daisy11AudioHandle4Impl16InternalCallbackEPlS2_j
                0x0000000008004594      0xbbc ../../libDaisy//build/libdaisy.a(audio.o)
                0x0000000008004594                daisy::AudioHandle::Impl::InternalCallback(long*, long*, unsigned int)
 .text._ZN5daisy11AudioHandle4InitERKNS0_6ConfigENS_9SaiHandleE
                0x0000000008005150       0x70 ../../libDaisy//build/libdaisy.a(audio.o)
                0x0000000008005150                daisy::AudioHandle::Init(daisy::AudioHandle::Config const&, daisy::SaiHandle)
 .text._ZNK5daisy11AudioHandle9GetConfigEv
                0x00000000080051c0        0x8 ../../libDaisy//build/libdaisy.a(audio.o)
                0x00000000080051c0                daisy::AudioHandle::GetConfig() const
 .text._ZN5daisy11AudioHandle12SetBlockSizeEj
                0x00000000080051c8       0x1c ../../libDaisy//build/libdaisy.a(audio.o)
                0x00000000080051c8                daisy::AudioHandle::SetBlockSize(unsigned int)
 .text._ZN5daisy11AudioHandle13GetSampleRateEv
                0x00000000080051e4        0x8 ../../libDaisy//build/libdaisy.a(audio.o)
                0x00000000080051e4                daisy::AudioHandle::GetSampleRate()
 .text._ZN5daisy11AudioHandle13SetSampleRateENS_9SaiHandle6Config10SampleRateE
                0x00000000080051ec       0x88 ../../libDaisy//build/libdaisy.a(audio.o)
                0x00000000080051ec                daisy::AudioHandle::SetSampleRate(daisy::SaiHandle::Config::SampleRate)
 .text._ZN5daisy11AudioHandle5StartEPFvPKPKfPPfjE
                0x0000000008005274       0x44 ../../libDaisy//build/libdaisy.a(audio.o)
                0x0000000008005274                daisy::AudioHandle::Start(void (*)(float const* const*, float**, unsigned int))
 .text.startup._GLOBAL__sub_I__ZN5daisy11AudioHandle4Impl4InitENS0_6ConfigENS_9SaiHandleE
                0x00000000080052b8       0x24 ../../libDaisy//build/libdaisy.a(audio.o)
 .text._ZN5daisy13AnalogControl4InitEPtfbbf
                0x00000000080052dc       0x64 ../../libDaisy//build/libdaisy.a(ctrl.o)
                0x00000000080052dc                daisy::AnalogControl::Init(unsigned short*, float, bool, bool, float)
 .text._ZN5daisy13AnalogControl7ProcessEv
                0x0000000008005340       0x48 ../../libDaisy//build/libdaisy.a(ctrl.o)
                0x0000000008005340                daisy::AnalogControl::Process()
 .text._ZN5daisy13AnalogControl13SetSampleRateEf
                0x0000000008005388       0x58 ../../libDaisy//build/libdaisy.a(ctrl.o)
                0x0000000008005388                daisy::AnalogControl::SetSampleRate(float)
 .text._ZN5daisy7Encoder4InitE12dsy_gpio_pinS1_S1_f
                0x00000000080053e0       0x60 ../../libDaisy//build/libdaisy.a(encoder.o)
                0x00000000080053e0                daisy::Encoder::Init(dsy_gpio_pin, dsy_gpio_pin, dsy_gpio_pin, float)
 .text._ZN5daisy7Encoder8DebounceEv
                0x0000000008005440       0x7c ../../libDaisy//build/libdaisy.a(encoder.o)
                0x0000000008005440                daisy::Encoder::Debounce()
 .text._ZN5daisy6RgbLed4InitE12dsy_gpio_pinS1_S1_b
                0x00000000080054bc       0x50 ../../libDaisy//build/libdaisy.a(rgb_led.o)
                0x00000000080054bc                daisy::RgbLed::Init(dsy_gpio_pin, dsy_gpio_pin, dsy_gpio_pin, bool)
 .text._ZN5daisy6RgbLed8SetColorENS_5ColorE
                0x000000000800550c       0x2c ../../libDaisy//build/libdaisy.a(rgb_led.o)
                0x000000000800550c                daisy::RgbLed::SetColor(daisy::Color)
 .text._ZN5daisy6RgbLed6UpdateEv
                0x0000000008005538       0x1c ../../libDaisy//build/libdaisy.a(rgb_led.o)
                0x0000000008005538                daisy::RgbLed::Update()
 .text._ZN5daisy6Switch4InitE12dsy_gpio_pinf
                0x0000000008005554       0x34 ../../libDaisy//build/libdaisy.a(switch.o)
                0x0000000008005554                daisy::Switch::Init(dsy_gpio_pin, float)
 .text._ZN5daisy6Switch8DebounceEv
                0x0000000008005588       0x5c ../../libDaisy//build/libdaisy.a(switch.o)
                0x0000000008005588                daisy::Switch::Debounce()
 .text._ZN5daisy16AdcChannelConfig10InitSingleE12dsy_gpio_pin
                0x00000000080055e4       0x1c ../../libDaisy//build/libdaisy.a(adc.o)
                0x00000000080055e4                daisy::AdcChannelConfig::InitSingle(dsy_gpio_pin)
 .text._ZN5daisy9AdcHandle4InitEPNS_16AdcChannelConfigEjNS0_12OverSamplingE
                0x0000000008005600      0x3c8 ../../libDaisy//build/libdaisy.a(adc.o)
                0x0000000008005600                daisy::AdcHandle::Init(daisy::AdcChannelConfig*, unsigned int, daisy::AdcHandle::OverSampling)
 .text._ZN5daisy9AdcHandle5StartEv
                0x00000000080059c8       0x2c ../../libDaisy//build/libdaisy.a(adc.o)
                0x00000000080059c8                daisy::AdcHandle::Start()
 .text._ZNK5daisy9AdcHandle6GetPtrEh
                0x00000000080059f4       0x14 ../../libDaisy//build/libdaisy.a(adc.o)
                0x00000000080059f4                daisy::AdcHandle::GetPtr(unsigned char) const
 .text.HAL_ADC_MspInit
                0x0000000008005a08       0x98 ../../libDaisy//build/libdaisy.a(adc.o)
                0x0000000008005a08                HAL_ADC_MspInit
 .text.DMA1_Stream2_IRQHandler
                0x0000000008005aa0        0xc ../../libDaisy//build/libdaisy.a(adc.o)
                0x0000000008005aa0                DMA1_Stream2_IRQHandler
 .text.HAL_ADC_ConvCpltCallback
                0x0000000008005aac      0x148 ../../libDaisy//build/libdaisy.a(adc.o)
                0x0000000008005aac                HAL_ADC_ConvCpltCallback
 .text.HAL_ADC_ErrorCallback
                0x0000000008005bf4        0x4 ../../libDaisy//build/libdaisy.a(adc.o)
                0x0000000008005bf4                HAL_ADC_ErrorCallback
 .text.dsy_gpio_init
                0x0000000008005bf8      0x1b8 ../../libDaisy//build/libdaisy.a(gpio.o)
                0x0000000008005bf8                dsy_gpio_init
 .text.dsy_gpio_read
                0x0000000008005db0       0x1c ../../libDaisy//build/libdaisy.a(gpio.o)
                0x0000000008005db0                dsy_gpio_read
 .text.dsy_gpio_write
                0x0000000008005dcc       0x24 ../../libDaisy//build/libdaisy.a(gpio.o)
                0x0000000008005dcc                dsy_gpio_write
 .text._ZN5daisy9I2CHandle4Impl8InitPinsEv
                0x0000000008005df0       0x58 ../../libDaisy//build/libdaisy.a(i2c.o)
                0x0000000008005df0                daisy::I2CHandle::Impl::InitPins()
 .text.HAL_I2C_MspInit
                0x0000000008005e48      0x1b4 ../../libDaisy//build/libdaisy.a(i2c.o)
                0x0000000008005e48                HAL_I2C_MspInit
 .text.dsy_i2c_global_init
                0x0000000008005ffc       0x78 ../../libDaisy//build/libdaisy.a(i2c.o)
                0x0000000008005ffc                dsy_i2c_global_init
 .text.DMA1_Stream6_IRQHandler
                0x0000000008006074       0x34 ../../libDaisy//build/libdaisy.a(i2c.o)
                0x0000000008006074                DMA1_Stream6_IRQHandler
 .text.I2C1_EV_IRQHandler
                0x00000000080060a8        0xc ../../libDaisy//build/libdaisy.a(i2c.o)
                0x00000000080060a8                I2C1_EV_IRQHandler
 .text.I2C2_EV_IRQHandler
                0x00000000080060b4        0xc ../../libDaisy//build/libdaisy.a(i2c.o)
                0x00000000080060b4                I2C2_EV_IRQHandler
 .text.I2C3_EV_IRQHandler
                0x00000000080060c0        0xc ../../libDaisy//build/libdaisy.a(i2c.o)
                0x00000000080060c0                I2C3_EV_IRQHandler
 .text._ZN5daisy9I2CHandle4InitERKNS0_6ConfigE
                0x00000000080060cc      0x12c ../../libDaisy//build/libdaisy.a(i2c.o)
                0x00000000080060cc                daisy::I2CHandle::Init(daisy::I2CHandle::Config const&)
 .text._ZN5daisy9I2CHandle16TransmitBlockingEtPhtm
                0x00000000080061f8       0x50 ../../libDaisy//build/libdaisy.a(i2c.o)
                0x00000000080061f8                daisy::I2CHandle::TransmitBlocking(unsigned short, unsigned char*, unsigned short, unsigned long)
 .text.startup._GLOBAL__sub_I__ZN5daisy9I2CHandle4Impl10GlobalInitEv
                0x0000000008006248       0x18 ../../libDaisy//build/libdaisy.a(i2c.o)
 .text._ZN5daisy10QSPIHandle4Impl11WriteEnableEv
                0x0000000008006260       0x8c ../../libDaisy//build/libdaisy.a(qspi.o)
                0x0000000008006260                daisy::QSPIHandle::Impl::WriteEnable()
 *fill*         0x00000000080062ec        0x4 
 .text._ZN5daisy10QSPIHandle4Impl17DummyCyclesConfigENS0_6Config6DeviceE
                0x00000000080062f0      0x118 ../../libDaisy//build/libdaisy.a(qspi.o)
                0x00000000080062f0                daisy::QSPIHandle::Impl::DummyCyclesConfig(daisy::QSPIHandle::Config::Device)
 .text._ZN5daisy10QSPIHandle4Impl10QuadEnableEv
                0x0000000008006408      0x158 ../../libDaisy//build/libdaisy.a(qspi.o)
                0x0000000008006408                daisy::QSPIHandle::Impl::QuadEnable()
 .text._ZN5daisy10QSPIHandle4InitERKNS0_6ConfigE
                0x0000000008006560      0x198 ../../libDaisy//build/libdaisy.a(qspi.o)
                0x0000000008006560                daisy::QSPIHandle::Init(daisy::QSPIHandle::Config const&)
 .text.HAL_QSPI_MspInit
                0x00000000080066f8      0x11c ../../libDaisy//build/libdaisy.a(qspi.o)
                0x00000000080066f8                HAL_QSPI_MspInit
 .text.HAL_QSPI_MspDeInit
                0x0000000008006814       0x54 ../../libDaisy//build/libdaisy.a(qspi.o)
                0x0000000008006814                HAL_QSPI_MspDeInit
 .text.QUADSPI_IRQHandler
                0x0000000008006868        0xc ../../libDaisy//build/libdaisy.a(qspi.o)
                0x0000000008006868                QUADSPI_IRQHandler
 .text.startup._GLOBAL__sub_I__ZN5daisy10QSPIHandle4Impl4InitERKNS0_6ConfigE
                0x0000000008006874       0x28 ../../libDaisy//build/libdaisy.a(qspi.o)
 .text._ZN5daisy6Random4InitEv
                0x000000000800689c       0x3c ../../libDaisy//build/libdaisy.a(rng.o)
                0x000000000800689c                daisy::Random::Init()
 .text._ZN5daisy6Random8GetFloatEff
                0x00000000080068d8       0x50 ../../libDaisy//build/libdaisy.a(rng.o)
                0x00000000080068d8                daisy::Random::GetFloat(float, float)
 .text._ZN5daisy9SaiHandle4Impl7InitDmaENS1_15PeripheralBlockE
                0x0000000008006928       0xa0 ../../libDaisy//build/libdaisy.a(sai.o)
                0x0000000008006928                daisy::SaiHandle::Impl::InitDma(daisy::SaiHandle::Impl::PeripheralBlock)
 .text._ZN5daisy9SaiHandle4Impl8InitPinsEv
                0x00000000080069c8       0xa8 ../../libDaisy//build/libdaisy.a(sai.o)
                0x00000000080069c8                daisy::SaiHandle::Impl::InitPins()
 .text.HAL_SAI_MspInit
                0x0000000008006a70      0x164 ../../libDaisy//build/libdaisy.a(sai.o)
                0x0000000008006a70                HAL_SAI_MspInit
 .text.DMA1_Stream0_IRQHandler
                0x0000000008006bd4        0xc ../../libDaisy//build/libdaisy.a(sai.o)
                0x0000000008006bd4                DMA1_Stream0_IRQHandler
 .text.DMA1_Stream1_IRQHandler
                0x0000000008006be0        0xc ../../libDaisy//build/libdaisy.a(sai.o)
                0x0000000008006be0                DMA1_Stream1_IRQHandler
 .text.DMA1_Stream3_IRQHandler
                0x0000000008006bec        0xc ../../libDaisy//build/libdaisy.a(sai.o)
                0x0000000008006bec                DMA1_Stream3_IRQHandler
 .text.DMA1_Stream4_IRQHandler
                0x0000000008006bf8        0xc ../../libDaisy//build/libdaisy.a(sai.o)
                0x0000000008006bf8                DMA1_Stream4_IRQHandler
 .text.HAL_SAI_RxHalfCpltCallback
                0x0000000008006c04       0x78 ../../libDaisy//build/libdaisy.a(sai.o)
                0x0000000008006c04                HAL_SAI_RxHalfCpltCallback
 .text.HAL_SAI_RxCpltCallback
                0x0000000008006c7c       0x70 ../../libDaisy//build/libdaisy.a(sai.o)
                0x0000000008006c7c                HAL_SAI_RxCpltCallback
 *fill*         0x0000000008006cec        0x4 
 .text._ZN5daisy9SaiHandle4InitERKNS0_6ConfigE
                0x0000000008006cf0      0x1f0 ../../libDaisy//build/libdaisy.a(sai.o)
                0x0000000008006cf0                daisy::SaiHandle::Init(daisy::SaiHandle::Config const&)
 .text._ZNK5daisy9SaiHandle9GetConfigEv
                0x0000000008006ee0        0x4 ../../libDaisy//build/libdaisy.a(sai.o)
                0x0000000008006ee0                daisy::SaiHandle::GetConfig() const
 .text._ZN5daisy9SaiHandle8StartDmaEPlS1_jPFvS1_S1_jE
                0x0000000008006ee4       0xbc ../../libDaisy//build/libdaisy.a(sai.o)
                0x0000000008006ee4                daisy::SaiHandle::StartDma(long*, long*, unsigned int, void (*)(long*, long*, unsigned int))
 .text._ZN5daisy9SaiHandle13GetSampleRateEv
                0x0000000008006fa0       0x24 ../../libDaisy//build/libdaisy.a(sai.o)
                0x0000000008006fa0                daisy::SaiHandle::GetSampleRate()
 .text._ZNK5daisy9SaiHandle9GetOffsetEv
                0x0000000008006fc4        0x8 ../../libDaisy//build/libdaisy.a(sai.o)
                0x0000000008006fc4                daisy::SaiHandle::GetOffset() const
 .text._ZN5daisy12SdmmcHandler4InitERKNS0_6ConfigE
                0x0000000008006fcc       0x80 ../../libDaisy//build/libdaisy.a(sdmmc.o)
                0x0000000008006fcc                daisy::SdmmcHandler::Init(daisy::SdmmcHandler::Config const&)
 .text.HAL_SD_MspInit
                0x000000000800704c       0xe4 ../../libDaisy//build/libdaisy.a(sdmmc.o)
                0x000000000800704c                HAL_SD_MspInit
 .text.SDMMC1_IRQHandler
                0x0000000008007130        0xc ../../libDaisy//build/libdaisy.a(sdmmc.o)
                0x0000000008007130                SDMMC1_IRQHandler
 .text._ZN5daisy11UartHandler4Impl7InitDmaEbb
                0x000000000800713c      0x164 ../../libDaisy//build/libdaisy.a(uart.o)
                0x000000000800713c                daisy::UartHandler::Impl::InitDma(bool, bool)
 .text._ZN5daisy11UartHandler4Impl10HandleFifoEv
                0x00000000080072a0       0xec ../../libDaisy//build/libdaisy.a(uart.o)
                0x00000000080072a0                daisy::UartHandler::Impl::HandleFifo()
 .text._ZN5daisy11UartHandler4Impl10StartDmaTxEPhjPFvPvEPFvS3_NS0_6ResultEES3_
                0x000000000800738c       0xcc ../../libDaisy//build/libdaisy.a(uart.o)
                0x000000000800738c                daisy::UartHandler::Impl::StartDmaTx(unsigned char*, unsigned int, void (*)(void*), void (*)(void*, daisy::UartHandler::Result), void*)
 .text._ZN5daisy11UartHandler4Impl10StartDmaRxEPhjPFvPvEPFvS3_NS0_6ResultEES3_
                0x0000000008007458       0xcc ../../libDaisy//build/libdaisy.a(uart.o)
                0x0000000008007458                daisy::UartHandler::Impl::StartDmaRx(unsigned char*, unsigned int, void (*)(void*), void (*)(void*, daisy::UartHandler::Result), void*)
 .text._ZN5daisy11UartHandler4Impl19DmaTransferFinishedEP20__UART_HandleTypeDefNS0_6ResultE
                0x0000000008007524       0xc0 ../../libDaisy//build/libdaisy.a(uart.o)
                0x0000000008007524                daisy::UartHandler::Impl::DmaTransferFinished(__UART_HandleTypeDef*, daisy::UartHandler::Result)
 .text._ZN5daisy11UartHandler4Impl8InitPinsEv
                0x00000000080075e4      0x150 ../../libDaisy//build/libdaisy.a(uart.o)
                0x00000000080075e4                daisy::UartHandler::Impl::InitPins()
 .text.HAL_UART_MspInit
                0x0000000008007734      0x210 ../../libDaisy//build/libdaisy.a(uart.o)
                0x0000000008007734                HAL_UART_MspInit
 .text.dsy_uart_global_init
                0x0000000008007944       0xfc ../../libDaisy//build/libdaisy.a(uart.o)
                0x0000000008007944                dsy_uart_global_init
 .text.USART1_IRQHandler
                0x0000000008007a40       0x30 ../../libDaisy//build/libdaisy.a(uart.o)
                0x0000000008007a40                USART1_IRQHandler
 .text.USART2_IRQHandler
                0x0000000008007a70       0x34 ../../libDaisy//build/libdaisy.a(uart.o)
                0x0000000008007a70                USART2_IRQHandler
 .text.USART3_IRQHandler
                0x0000000008007aa4       0x34 ../../libDaisy//build/libdaisy.a(uart.o)
                0x0000000008007aa4                USART3_IRQHandler
 .text.UART4_IRQHandler
                0x0000000008007ad8       0x34 ../../libDaisy//build/libdaisy.a(uart.o)
                0x0000000008007ad8                UART4_IRQHandler
 .text.UART5_IRQHandler
                0x0000000008007b0c       0x34 ../../libDaisy//build/libdaisy.a(uart.o)
                0x0000000008007b0c                UART5_IRQHandler
 .text.USART6_IRQHandler
                0x0000000008007b40       0x34 ../../libDaisy//build/libdaisy.a(uart.o)
                0x0000000008007b40                USART6_IRQHandler
 .text.UART7_IRQHandler
                0x0000000008007b74       0x30 ../../libDaisy//build/libdaisy.a(uart.o)
                0x0000000008007b74                UART7_IRQHandler
 .text.UART8_IRQHandler
                0x0000000008007ba4       0x34 ../../libDaisy//build/libdaisy.a(uart.o)
                0x0000000008007ba4                UART8_IRQHandler
 .text.LPUART1_IRQHandler
                0x0000000008007bd8       0x34 ../../libDaisy//build/libdaisy.a(uart.o)
                0x0000000008007bd8                LPUART1_IRQHandler
 .text.DMA1_Stream5_IRQHandler
                0x0000000008007c0c       0x34 ../../libDaisy//build/libdaisy.a(uart.o)
                0x0000000008007c0c                DMA1_Stream5_IRQHandler
 .text.DMA2_Stream4_IRQHandler
                0x0000000008007c40       0x34 ../../libDaisy//build/libdaisy.a(uart.o)
                0x0000000008007c40                DMA2_Stream4_IRQHandler
 .text.HAL_UART_TxCpltCallback
                0x0000000008007c74        0x8 ../../libDaisy//build/libdaisy.a(uart.o)
                0x0000000008007c74                HAL_UART_TxCpltCallback
 .text.HAL_UART_RxCpltCallback
                0x0000000008007c7c        0x8 ../../libDaisy//build/libdaisy.a(uart.o)
                0x0000000008007c7c                HAL_UART_RxCpltCallback
 .text.HAL_UART_ErrorCallback
                0x0000000008007c84        0x8 ../../libDaisy//build/libdaisy.a(uart.o)
                0x0000000008007c84                HAL_UART_ErrorCallback
 .text._ZN5daisy11UartHandler4InitERKNS0_6ConfigE
                0x0000000008007c8c       0xec ../../libDaisy//build/libdaisy.a(uart.o)
                0x0000000008007c8c                daisy::UartHandler::Init(daisy::UartHandler::Config const&)
 .text.startup._GLOBAL__sub_I__Z19MapInstanceToHandleP13USART_TypeDef
                0x0000000008007d78      0x190 ../../libDaisy//build/libdaisy.a(uart.o)
 .text._ZN5daisy14FatFSInterface4InitEh
                0x0000000008007f08       0x48 ../../libDaisy//build/libdaisy.a(fatfs.o)
                0x0000000008007f08                daisy::FatFSInterface::Init(unsigned char)
 .text.get_fattime
                0x0000000008007f50        0x4 ../../libDaisy//build/libdaisy.a(fatfs.o)
                0x0000000008007f50                get_fattime
 .text._ZN5daisy11TimerHandleD2Ev
                0x0000000008007f54        0x4 ../../libDaisy//build/libdaisy.a(system.o)
                0x0000000008007f54                daisy::TimerHandle::~TimerHandle()
                0x0000000008007f54                daisy::TimerHandle::~TimerHandle()
 .text.SysTick_Handler
                0x0000000008007f58       0x10 ../../libDaisy//build/libdaisy.a(system.o)
                0x0000000008007f58                SysTick_Handler
 .text.OTG_HS_EP1_OUT_IRQHandler
                0x0000000008007f68       0x24 ../../libDaisy//build/libdaisy.a(system.o)
                0x0000000008007f68                OTG_HS_EP1_OUT_IRQHandler
 .text.OTG_HS_EP1_IN_IRQHandler
                0x0000000008007f8c       0x24 ../../libDaisy//build/libdaisy.a(system.o)
                0x0000000008007f8c                OTG_HS_EP1_IN_IRQHandler
 .text.OTG_HS_IRQHandler
                0x0000000008007fb0       0x24 ../../libDaisy//build/libdaisy.a(system.o)
                0x0000000008007fb0                OTG_HS_IRQHandler
 .text.HardFault_Handler
                0x0000000008007fd4       0xe0 ../../libDaisy//build/libdaisy.a(system.o)
                0x0000000008007fd4                HardFault_Handler
 .text._ZN5daisy6System6GetNowEv
                0x00000000080080b4        0x4 ../../libDaisy//build/libdaisy.a(system.o)
                0x00000000080080b4                daisy::System::GetNow()
 .text._ZN5daisy6System5DelayEm
                0x00000000080080b8        0x4 ../../libDaisy//build/libdaisy.a(system.o)
                0x00000000080080b8                daisy::System::Delay(unsigned long)
 .text._ZN5daisy6System15ConfigureClocksEv
                0x00000000080080bc      0x194 ../../libDaisy//build/libdaisy.a(system.o)
                0x00000000080080bc                daisy::System::ConfigureClocks()
 .text._ZN5daisy6System4InitERKNS0_6ConfigE
                0x0000000008008250      0x140 ../../libDaisy//build/libdaisy.a(system.o)
                0x0000000008008250                daisy::System::Init(daisy::System::Config const&)
 .text._ZN5daisy6System12GetPClk1FreqEv
                0x0000000008008390        0x4 ../../libDaisy//build/libdaisy.a(system.o)
                0x0000000008008390                daisy::System::GetPClk1Freq()
 .text._ZN5daisy6System22GetProgramMemoryRegionEv
                0x0000000008008394       0x78 ../../libDaisy//build/libdaisy.a(system.o)
                0x0000000008008394                daisy::System::GetProgramMemoryRegion()
 .text.startup._GLOBAL__sub_I_SysTick_Handler
                0x000000000800840c       0x1c ../../libDaisy//build/libdaisy.a(system.o)
 .text.SystemInit
                0x0000000008008428       0x9c ../../libDaisy//build/libdaisy.a(system_stm32h7xx.o)
                0x0000000008008428                SystemInit
 .text.HAL_PCD_SetupStageCallback
                0x00000000080084c4        0xc ../../libDaisy//build/libdaisy.a(usbd_conf.o)
                0x00000000080084c4                HAL_PCD_SetupStageCallback
 .text.HAL_PCD_DataOutStageCallback
                0x00000000080084d0       0x14 ../../libDaisy//build/libdaisy.a(usbd_conf.o)
                0x00000000080084d0                HAL_PCD_DataOutStageCallback
 .text.HAL_PCD_DataInStageCallback
                0x00000000080084e4       0x14 ../../libDaisy//build/libdaisy.a(usbd_conf.o)
                0x00000000080084e4                HAL_PCD_DataInStageCallback
 .text.HAL_PCD_SOFCallback
                0x00000000080084f8        0x8 ../../libDaisy//build/libdaisy.a(usbd_conf.o)
                0x00000000080084f8                HAL_PCD_SOFCallback
 .text.HAL_PCD_ResetCallback
                0x0000000008008500       0x24 ../../libDaisy//build/libdaisy.a(usbd_conf.o)
                0x0000000008008500                HAL_PCD_ResetCallback
 .text.HAL_PCD_SuspendCallback
                0x0000000008008524       0x30 ../../libDaisy//build/libdaisy.a(usbd_conf.o)
                0x0000000008008524                HAL_PCD_SuspendCallback
 .text.HAL_PCD_ResumeCallback
                0x0000000008008554        0x8 ../../libDaisy//build/libdaisy.a(usbd_conf.o)
                0x0000000008008554                HAL_PCD_ResumeCallback
 .text.HAL_PCD_ISOOUTIncompleteCallback
                0x000000000800855c        0x8 ../../libDaisy//build/libdaisy.a(usbd_conf.o)
                0x000000000800855c                HAL_PCD_ISOOUTIncompleteCallback
 .text.HAL_PCD_ISOINIncompleteCallback
                0x0000000008008564        0x8 ../../libDaisy//build/libdaisy.a(usbd_conf.o)
                0x0000000008008564                HAL_PCD_ISOINIncompleteCallback
 .text.HAL_PCD_ConnectCallback
                0x000000000800856c        0x8 ../../libDaisy//build/libdaisy.a(usbd_conf.o)
                0x000000000800856c                HAL_PCD_ConnectCallback
 .text.HAL_PCD_DisconnectCallback
                0x0000000008008574        0x8 ../../libDaisy//build/libdaisy.a(usbd_conf.o)
                0x0000000008008574                HAL_PCD_DisconnectCallback
 .text.USBD_LL_OpenEP
                0x000000000800857c       0x24 ../../libDaisy//build/libdaisy.a(usbd_conf.o)
                0x000000000800857c                USBD_LL_OpenEP
 .text.USBD_LL_StallEP
                0x00000000080085a0       0x1c ../../libDaisy//build/libdaisy.a(usbd_conf.o)
                0x00000000080085a0                USBD_LL_StallEP
 .text.USBD_LL_ClearStallEP
                0x00000000080085bc       0x1c ../../libDaisy//build/libdaisy.a(usbd_conf.o)
                0x00000000080085bc                USBD_LL_ClearStallEP
 .text.USBD_LL_IsStallEP
                0x00000000080085d8       0x28 ../../libDaisy//build/libdaisy.a(usbd_conf.o)
                0x00000000080085d8                USBD_LL_IsStallEP
 .text.USBD_LL_SetUSBAddress
                0x0000000008008600       0x1c ../../libDaisy//build/libdaisy.a(usbd_conf.o)
                0x0000000008008600                USBD_LL_SetUSBAddress
 .text.USBD_LL_Transmit
                0x000000000800861c       0x1c ../../libDaisy//build/libdaisy.a(usbd_conf.o)
                0x000000000800861c                USBD_LL_Transmit
 .text.USBD_LL_PrepareReceive
                0x0000000008008638       0x1c ../../libDaisy//build/libdaisy.a(usbd_conf.o)
                0x0000000008008638                USBD_LL_PrepareReceive
 .text.HAL_HCD_SOF_Callback
                0x0000000008008654        0x8 ../../libDaisy//build/libdaisy.a(usbh_conf.o)
                0x0000000008008654                HAL_HCD_SOF_Callback
 .text.HAL_HCD_Connect_Callback
                0x000000000800865c        0x8 ../../libDaisy//build/libdaisy.a(usbh_conf.o)
                0x000000000800865c                HAL_HCD_Connect_Callback
 .text.HAL_HCD_Disconnect_Callback
                0x0000000008008664        0x8 ../../libDaisy//build/libdaisy.a(usbh_conf.o)
                0x0000000008008664                HAL_HCD_Disconnect_Callback
 .text.HAL_HCD_HC_NotifyURBChange_Callback
                0x000000000800866c        0x4 ../../libDaisy//build/libdaisy.a(usbh_conf.o)
                0x000000000800866c                HAL_HCD_HC_NotifyURBChange_Callback
 .text.HAL_HCD_PortEnabled_Callback
                0x0000000008008670        0x8 ../../libDaisy//build/libdaisy.a(usbh_conf.o)
                0x0000000008008670                HAL_HCD_PortEnabled_Callback
 .text.HAL_HCD_PortDisabled_Callback
                0x0000000008008678        0x8 ../../libDaisy//build/libdaisy.a(usbh_conf.o)
                0x0000000008008678                HAL_HCD_PortDisabled_Callback
 .text.USBH_LL_Stop
                0x0000000008008680       0x1c ../../libDaisy//build/libdaisy.a(usbh_conf.o)
                0x0000000008008680                USBH_LL_Stop
 .text.USBH_LL_GetLastXferSize
                0x000000000800869c        0x8 ../../libDaisy//build/libdaisy.a(usbh_conf.o)
                0x000000000800869c                USBH_LL_GetLastXferSize
 .text.USBH_LL_SubmitURB
                0x00000000080086a4       0x38 ../../libDaisy//build/libdaisy.a(usbh_conf.o)
                0x00000000080086a4                USBH_LL_SubmitURB
 .text.USBH_LL_GetURBState
                0x00000000080086dc        0x8 ../../libDaisy//build/libdaisy.a(usbh_conf.o)
                0x00000000080086dc                USBH_LL_GetURBState
 .text.USBH_LL_SetToggle
                0x00000000080086e4       0x24 ../../libDaisy//build/libdaisy.a(usbh_conf.o)
                0x00000000080086e4                USBH_LL_SetToggle
 .text.USBH_LL_GetToggle
                0x0000000008008708       0x20 ../../libDaisy//build/libdaisy.a(usbh_conf.o)
                0x0000000008008708                USBH_LL_GetToggle
 .text._ZN5daisy5Color4InitENS0_11PresetColorE
                0x0000000008008728       0x20 ../../libDaisy//build/libdaisy.a(color.o)
                0x0000000008008728                daisy::Color::Init(daisy::Color::PresetColor)
 .text.dsy_hal_map_get_port
                0x0000000008008748       0x10 ../../libDaisy//build/libdaisy.a(hal_map.o)
                0x0000000008008748                dsy_hal_map_get_port
 .text.dsy_hal_map_get_pin
                0x0000000008008758       0x10 ../../libDaisy//build/libdaisy.a(hal_map.o)
                0x0000000008008758                dsy_hal_map_get_pin
 .text.dsy_hal_map_gpio_clk_enable
                0x0000000008008768      0x150 ../../libDaisy//build/libdaisy.a(hal_map.o)
                0x0000000008008768                dsy_hal_map_gpio_clk_enable
 .text.SD_initialize
                0x00000000080088b8       0x30 ../../libDaisy//build/libdaisy.a(sd_diskio.o)
                0x00000000080088b8                SD_initialize
 .text.SD_status
                0x00000000080088e8       0x20 ../../libDaisy//build/libdaisy.a(sd_diskio.o)
                0x00000000080088e8                SD_status
 .text.SD_read  0x0000000008008908       0xcc ../../libDaisy//build/libdaisy.a(sd_diskio.o)
                0x0000000008008908                SD_read
 .text.SD_write
                0x00000000080089d4       0xa4 ../../libDaisy//build/libdaisy.a(sd_diskio.o)
                0x00000000080089d4                SD_write
 .text.SD_ioctl
                0x0000000008008a78       0x68 ../../libDaisy//build/libdaisy.a(sd_diskio.o)
                0x0000000008008a78                SD_ioctl
 .text.BSP_SD_WriteCpltCallback
                0x0000000008008ae0        0xc ../../libDaisy//build/libdaisy.a(sd_diskio.o)
                0x0000000008008ae0                BSP_SD_WriteCpltCallback
 .text.BSP_SD_ReadCpltCallback
                0x0000000008008aec        0xc ../../libDaisy//build/libdaisy.a(sd_diskio.o)
                0x0000000008008aec                BSP_SD_ReadCpltCallback
 .text.USBH_initialize
                0x0000000008008af8        0x4 ../../libDaisy//build/libdaisy.a(usbh_diskio.o)
                0x0000000008008af8                USBH_initialize
 .text.USBH_status
                0x0000000008008afc       0x18 ../../libDaisy//build/libdaisy.a(usbh_diskio.o)
                0x0000000008008afc                USBH_status
 .text.USBH_read
                0x0000000008008b14      0x14c ../../libDaisy//build/libdaisy.a(usbh_diskio.o)
                0x0000000008008b14                USBH_read
 .text.USBH_write
                0x0000000008008c60      0x104 ../../libDaisy//build/libdaisy.a(usbh_diskio.o)
                0x0000000008008c60                USBH_write
 .text.USBH_ioctl
                0x0000000008008d64       0x68 ../../libDaisy//build/libdaisy.a(usbh_diskio.o)
                0x0000000008008d64                USBH_ioctl
 .text.HAL_MspInit
                0x0000000008008dcc        0x4 ../../libDaisy//build/libdaisy.a(stm32h7xx_hal.o)
                0x0000000008008dcc                HAL_MspInit
 .text.HAL_InitTick
                0x0000000008008dd0       0x4c ../../libDaisy//build/libdaisy.a(stm32h7xx_hal.o)
                0x0000000008008dd0                HAL_InitTick
 .text.HAL_Init
                0x0000000008008e1c       0x60 ../../libDaisy//build/libdaisy.a(stm32h7xx_hal.o)
                0x0000000008008e1c                HAL_Init
 .text.HAL_IncTick
                0x0000000008008e7c       0x18 ../../libDaisy//build/libdaisy.a(stm32h7xx_hal.o)
                0x0000000008008e7c                HAL_IncTick
 .text.HAL_GetTick
                0x0000000008008e94        0xc ../../libDaisy//build/libdaisy.a(stm32h7xx_hal.o)
                0x0000000008008e94                HAL_GetTick
 .text.HAL_Delay
                0x0000000008008ea0       0x24 ../../libDaisy//build/libdaisy.a(stm32h7xx_hal.o)
                0x0000000008008ea0                HAL_Delay
 .text.HAL_GetREVID
                0x0000000008008ec4        0xc ../../libDaisy//build/libdaisy.a(stm32h7xx_hal.o)
                0x0000000008008ec4                HAL_GetREVID
 .text.HAL_ADC_ConvHalfCpltCallback
                0x0000000008008ed0        0x4 ../../libDaisy//build/libdaisy.a(stm32h7xx_hal_adc.o)
                0x0000000008008ed0                HAL_ADC_ConvHalfCpltCallback
 .text.ADC_DMAHalfConvCplt
                0x0000000008008ed4        0xc ../../libDaisy//build/libdaisy.a(stm32h7xx_hal_adc.o)
                0x0000000008008ed4                ADC_DMAHalfConvCplt
 .text.ADC_DMAConvCplt
                0x0000000008008ee0       0x6c ../../libDaisy//build/libdaisy.a(stm32h7xx_hal_adc.o)
                0x0000000008008ee0                ADC_DMAConvCplt
 .text.ADC_DMAError
                0x0000000008008f4c       0x1c ../../libDaisy//build/libdaisy.a(stm32h7xx_hal_adc.o)
                0x0000000008008f4c                ADC_DMAError
 .text.HAL_ADC_ConfigChannel
                0x0000000008008f68      0x3fc ../../libDaisy//build/libdaisy.a(stm32h7xx_hal_adc.o)
                0x0000000008008f68                HAL_ADC_ConfigChannel
 .text.ADC_Enable
                0x0000000008009364       0xac ../../libDaisy//build/libdaisy.a(stm32h7xx_hal_adc.o)
                0x0000000008009364                ADC_Enable
 .text.HAL_ADC_Start_DMA
                0x0000000008009410      0x114 ../../libDaisy//build/libdaisy.a(stm32h7xx_hal_adc.o)
                0x0000000008009410                HAL_ADC_Start_DMA
 .text.ADC_Disable
                0x0000000008009524       0x68 ../../libDaisy//build/libdaisy.a(stm32h7xx_hal_adc.o)
                0x0000000008009524                ADC_Disable
 .text.ADC_ConfigureBoostMode
                0x000000000800958c      0x184 ../../libDaisy//build/libdaisy.a(stm32h7xx_hal_adc.o)
                0x000000000800958c                ADC_ConfigureBoostMode
 .text.HAL_ADC_Init
                0x0000000008009710      0x218 ../../libDaisy//build/libdaisy.a(stm32h7xx_hal_adc.o)
                0x0000000008009710                HAL_ADC_Init
 .text.HAL_ADCEx_Calibration_Start
                0x0000000008009928       0xa4 ../../libDaisy//build/libdaisy.a(stm32h7xx_hal_adc_ex.o)
                0x0000000008009928                HAL_ADCEx_Calibration_Start
 .text.HAL_ADCEx_MultiModeConfigChannel
                0x00000000080099cc       0xc4 ../../libDaisy//build/libdaisy.a(stm32h7xx_hal_adc_ex.o)
                0x00000000080099cc                HAL_ADCEx_MultiModeConfigChannel
 .text.HAL_NVIC_SetPriorityGrouping
                0x0000000008009a90       0x24 ../../libDaisy//build/libdaisy.a(stm32h7xx_hal_cortex.o)
                0x0000000008009a90                HAL_NVIC_SetPriorityGrouping
 .text.HAL_NVIC_SetPriority
                0x0000000008009ab4       0x7c ../../libDaisy//build/libdaisy.a(stm32h7xx_hal_cortex.o)
                0x0000000008009ab4                HAL_NVIC_SetPriority
 .text.HAL_NVIC_EnableIRQ
                0x0000000008009b30       0x1c ../../libDaisy//build/libdaisy.a(stm32h7xx_hal_cortex.o)
                0x0000000008009b30                HAL_NVIC_EnableIRQ
 .text.HAL_NVIC_DisableIRQ
                0x0000000008009b4c       0x28 ../../libDaisy//build/libdaisy.a(stm32h7xx_hal_cortex.o)
                0x0000000008009b4c                HAL_NVIC_DisableIRQ
 .text.HAL_SYSTICK_Config
                0x0000000008009b74       0x2c ../../libDaisy//build/libdaisy.a(stm32h7xx_hal_cortex.o)
                0x0000000008009b74                HAL_SYSTICK_Config
 .text.HAL_MPU_Disable
                0x0000000008009ba0       0x1c ../../libDaisy//build/libdaisy.a(stm32h7xx_hal_cortex.o)
                0x0000000008009ba0                HAL_MPU_Disable
 .text.HAL_MPU_Enable
                0x0000000008009bbc       0x20 ../../libDaisy//build/libdaisy.a(stm32h7xx_hal_cortex.o)
                0x0000000008009bbc                HAL_MPU_Enable
 .text.HAL_MPU_ConfigRegion
                0x0000000008009bdc       0x64 ../../libDaisy//build/libdaisy.a(stm32h7xx_hal_cortex.o)
                0x0000000008009bdc                HAL_MPU_ConfigRegion
 .text.HAL_SYSTICK_Callback
                0x0000000008009c40        0x4 ../../libDaisy//build/libdaisy.a(stm32h7xx_hal_cortex.o)
                0x0000000008009c40                HAL_SYSTICK_Callback
 .text.HAL_SYSTICK_IRQHandler
                0x0000000008009c44        0x8 ../../libDaisy//build/libdaisy.a(stm32h7xx_hal_cortex.o)
                0x0000000008009c44                HAL_SYSTICK_IRQHandler
 .text.DMA_CalcBaseAndBitshift
                0x0000000008009c4c       0xf4 ../../libDaisy//build/libdaisy.a(stm32h7xx_hal_dma.o)
 .text.DMA_CalcDMAMUXChannelBaseAndMask
                0x0000000008009d40       0xd8 ../../libDaisy//build/libdaisy.a(stm32h7xx_hal_dma.o)
 .text.HAL_DMA_Init
                0x0000000008009e18      0x37c ../../libDaisy//build/libdaisy.a(stm32h7xx_hal_dma.o)
                0x0000000008009e18                HAL_DMA_Init
 .text.HAL_DMA_Start_IT
                0x000000000800a194      0x240 ../../libDaisy//build/libdaisy.a(stm32h7xx_hal_dma.o)
                0x000000000800a194                HAL_DMA_Start_IT
 .text.HAL_DMA_Abort_IT
                0x000000000800a3d4      0x134 ../../libDaisy//build/libdaisy.a(stm32h7xx_hal_dma.o)
                0x000000000800a3d4                HAL_DMA_Abort_IT
 .text.HAL_DMA_IRQHandler
                0x000000000800a508      0x6a0 ../../libDaisy//build/libdaisy.a(stm32h7xx_hal_dma.o)
                0x000000000800a508                HAL_DMA_IRQHandler
 .text.HAL_DMA_GetError
                0x000000000800aba8        0x4 ../../libDaisy//build/libdaisy.a(stm32h7xx_hal_dma.o)
                0x000000000800aba8                HAL_DMA_GetError
 .text.HAL_GPIO_Init
                0x000000000800abac      0x280 ../../libDaisy//build/libdaisy.a(stm32h7xx_hal_gpio.o)
                0x000000000800abac                HAL_GPIO_Init
 .text.HAL_GPIO_DeInit
                0x000000000800ae2c      0x190 ../../libDaisy//build/libdaisy.a(stm32h7xx_hal_gpio.o)
                0x000000000800ae2c                HAL_GPIO_DeInit
 .text.HAL_GPIO_ReadPin
                0x000000000800afbc        0xc ../../libDaisy//build/libdaisy.a(stm32h7xx_hal_gpio.o)
                0x000000000800afbc                HAL_GPIO_ReadPin
 .text.HAL_GPIO_WritePin
                0x000000000800afc8        0x8 ../../libDaisy//build/libdaisy.a(stm32h7xx_hal_gpio.o)
                0x000000000800afc8                HAL_GPIO_WritePin
 .text.HAL_HCD_HC_SubmitRequest
                0x000000000800afd0       0xd0 ../../libDaisy//build/libdaisy.a(stm32h7xx_hal_hcd.o)
                0x000000000800afd0                HAL_HCD_HC_SubmitRequest
 .text.HAL_HCD_IRQHandler
                0x000000000800b0a0      0x780 ../../libDaisy//build/libdaisy.a(stm32h7xx_hal_hcd.o)
                0x000000000800b0a0                HAL_HCD_IRQHandler
 .text.HAL_HCD_Stop
                0x000000000800b820       0x28 ../../libDaisy//build/libdaisy.a(stm32h7xx_hal_hcd.o)
                0x000000000800b820                HAL_HCD_Stop
 .text.HAL_HCD_HC_GetURBState
                0x000000000800b848       0x10 ../../libDaisy//build/libdaisy.a(stm32h7xx_hal_hcd.o)
                0x000000000800b848                HAL_HCD_HC_GetURBState
 .text.HAL_HCD_HC_GetXferCount
                0x000000000800b858        0xc ../../libDaisy//build/libdaisy.a(stm32h7xx_hal_hcd.o)
                0x000000000800b858                HAL_HCD_HC_GetXferCount
 .text.I2C_WaitOnTXISFlagUntilTimeout
                0x000000000800b864       0xb8 ../../libDaisy//build/libdaisy.a(stm32h7xx_hal_i2c.o)
 .text.I2C_WaitOnSTOPFlagUntilTimeout
                0x000000000800b91c       0xac ../../libDaisy//build/libdaisy.a(stm32h7xx_hal_i2c.o)
 .text.HAL_I2C_Init
                0x000000000800b9c8       0xac ../../libDaisy//build/libdaisy.a(stm32h7xx_hal_i2c.o)
                0x000000000800b9c8                HAL_I2C_Init
 .text.HAL_I2C_Master_Transmit
                0x000000000800ba74      0x1a8 ../../libDaisy//build/libdaisy.a(stm32h7xx_hal_i2c.o)
                0x000000000800ba74                HAL_I2C_Master_Transmit
 .text.HAL_I2C_Slave_Transmit
                0x000000000800bc1c      0x1c8 ../../libDaisy//build/libdaisy.a(stm32h7xx_hal_i2c.o)
                0x000000000800bc1c                HAL_I2C_Slave_Transmit
 .text.HAL_I2C_EV_IRQHandler
                0x000000000800bde4       0x10 ../../libDaisy//build/libdaisy.a(stm32h7xx_hal_i2c.o)
                0x000000000800bde4                HAL_I2C_EV_IRQHandler
 .text.HAL_I2C_GetState
                0x000000000800bdf4        0x8 ../../libDaisy//build/libdaisy.a(stm32h7xx_hal_i2c.o)
                0x000000000800bdf4                HAL_I2C_GetState
 .text.HAL_I2CEx_ConfigAnalogFilter
                0x000000000800bdfc       0x54 ../../libDaisy//build/libdaisy.a(stm32h7xx_hal_i2c_ex.o)
                0x000000000800bdfc                HAL_I2CEx_ConfigAnalogFilter
 .text.HAL_I2CEx_ConfigDigitalFilter
                0x000000000800be50       0x58 ../../libDaisy//build/libdaisy.a(stm32h7xx_hal_i2c_ex.o)
                0x000000000800be50                HAL_I2CEx_ConfigDigitalFilter
 .text.HAL_PCD_IRQHandler
                0x000000000800bea8      0x69c ../../libDaisy//build/libdaisy.a(stm32h7xx_hal_pcd.o)
                0x000000000800bea8                HAL_PCD_IRQHandler
 .text.HAL_PCD_SetAddress
                0x000000000800c544       0x2c ../../libDaisy//build/libdaisy.a(stm32h7xx_hal_pcd.o)
                0x000000000800c544                HAL_PCD_SetAddress
 .text.HAL_PCD_EP_Open
                0x000000000800c570       0x7c ../../libDaisy//build/libdaisy.a(stm32h7xx_hal_pcd.o)
                0x000000000800c570                HAL_PCD_EP_Open
 .text.HAL_PCD_EP_Receive
                0x000000000800c5ec       0x50 ../../libDaisy//build/libdaisy.a(stm32h7xx_hal_pcd.o)
                0x000000000800c5ec                HAL_PCD_EP_Receive
 .text.HAL_PCD_EP_Transmit
                0x000000000800c63c       0x50 ../../libDaisy//build/libdaisy.a(stm32h7xx_hal_pcd.o)
                0x000000000800c63c                HAL_PCD_EP_Transmit
 .text.HAL_PCD_EP_SetStall
                0x000000000800c68c       0x88 ../../libDaisy//build/libdaisy.a(stm32h7xx_hal_pcd.o)
                0x000000000800c68c                HAL_PCD_EP_SetStall
 .text.HAL_PCD_EP_ClrStall
                0x000000000800c714       0x78 ../../libDaisy//build/libdaisy.a(stm32h7xx_hal_pcd.o)
                0x000000000800c714                HAL_PCD_EP_ClrStall
 .text.HAL_PCDEx_LPM_Callback
                0x000000000800c78c        0x4 ../../libDaisy//build/libdaisy.a(stm32h7xx_hal_pcd_ex.o)
                0x000000000800c78c                HAL_PCDEx_LPM_Callback
 .text.HAL_PWREx_ConfigSupply
                0x000000000800c790       0x4c ../../libDaisy//build/libdaisy.a(stm32h7xx_hal_pwr_ex.o)
                0x000000000800c790                HAL_PWREx_ConfigSupply
 .text.HAL_PWREx_EnableUSBVoltageDetector
                0x000000000800c7dc       0x10 ../../libDaisy//build/libdaisy.a(stm32h7xx_hal_pwr_ex.o)
                0x000000000800c7dc                HAL_PWREx_EnableUSBVoltageDetector
 .text.QSPI_Config
                0x000000000800c7ec      0x174 ../../libDaisy//build/libdaisy.a(stm32h7xx_hal_qspi.o)
 .text.HAL_QSPI_Init
                0x000000000800c960       0xd8 ../../libDaisy//build/libdaisy.a(stm32h7xx_hal_qspi.o)
                0x000000000800c960                HAL_QSPI_Init
 .text.HAL_QSPI_DeInit
                0x000000000800ca38       0x3c ../../libDaisy//build/libdaisy.a(stm32h7xx_hal_qspi.o)
                0x000000000800ca38                HAL_QSPI_DeInit
 .text.HAL_QSPI_Command
                0x000000000800ca74       0xd4 ../../libDaisy//build/libdaisy.a(stm32h7xx_hal_qspi.o)
                0x000000000800ca74                HAL_QSPI_Command
 .text.HAL_QSPI_Transmit
                0x000000000800cb48       0xfc ../../libDaisy//build/libdaisy.a(stm32h7xx_hal_qspi.o)
                0x000000000800cb48                HAL_QSPI_Transmit
 .text.HAL_QSPI_Receive
                0x000000000800cc44      0x108 ../../libDaisy//build/libdaisy.a(stm32h7xx_hal_qspi.o)
                0x000000000800cc44                HAL_QSPI_Receive
 .text.HAL_QSPI_AutoPolling
                0x000000000800cd4c       0xf0 ../../libDaisy//build/libdaisy.a(stm32h7xx_hal_qspi.o)
                0x000000000800cd4c                HAL_QSPI_AutoPolling
 .text.HAL_QSPI_MemoryMapped
                0x000000000800ce3c       0xc0 ../../libDaisy//build/libdaisy.a(stm32h7xx_hal_qspi.o)
                0x000000000800ce3c                HAL_QSPI_MemoryMapped
 .text.HAL_QSPI_ErrorCallback
                0x000000000800cefc        0x4 ../../libDaisy//build/libdaisy.a(stm32h7xx_hal_qspi.o)
                0x000000000800cefc                HAL_QSPI_ErrorCallback
 .text.QSPI_DMAAbortCplt
                0x000000000800cf00       0x38 ../../libDaisy//build/libdaisy.a(stm32h7xx_hal_qspi.o)
 .text.HAL_QSPI_AbortCpltCallback
                0x000000000800cf38        0x4 ../../libDaisy//build/libdaisy.a(stm32h7xx_hal_qspi.o)
                0x000000000800cf38                HAL_QSPI_AbortCpltCallback
 .text.HAL_QSPI_CmdCpltCallback
                0x000000000800cf3c        0x4 ../../libDaisy//build/libdaisy.a(stm32h7xx_hal_qspi.o)
                0x000000000800cf3c                HAL_QSPI_CmdCpltCallback
 .text.HAL_QSPI_RxCpltCallback
                0x000000000800cf40        0x4 ../../libDaisy//build/libdaisy.a(stm32h7xx_hal_qspi.o)
                0x000000000800cf40                HAL_QSPI_RxCpltCallback
 .text.HAL_QSPI_TxCpltCallback
                0x000000000800cf44        0x4 ../../libDaisy//build/libdaisy.a(stm32h7xx_hal_qspi.o)
                0x000000000800cf44                HAL_QSPI_TxCpltCallback
 .text.HAL_QSPI_FifoThresholdCallback
                0x000000000800cf48        0x4 ../../libDaisy//build/libdaisy.a(stm32h7xx_hal_qspi.o)
                0x000000000800cf48                HAL_QSPI_FifoThresholdCallback
 .text.HAL_QSPI_StatusMatchCallback
                0x000000000800cf4c        0x4 ../../libDaisy//build/libdaisy.a(stm32h7xx_hal_qspi.o)
                0x000000000800cf4c                HAL_QSPI_StatusMatchCallback
 .text.HAL_QSPI_TimeOutCallback
                0x000000000800cf50        0x4 ../../libDaisy//build/libdaisy.a(stm32h7xx_hal_qspi.o)
                0x000000000800cf50                HAL_QSPI_TimeOutCallback
 .text.HAL_QSPI_IRQHandler
                0x000000000800cf54      0x210 ../../libDaisy//build/libdaisy.a(stm32h7xx_hal_qspi.o)
                0x000000000800cf54                HAL_QSPI_IRQHandler
 .text.HAL_RCC_OscConfig
                0x000000000800d164      0x51c ../../libDaisy//build/libdaisy.a(stm32h7xx_hal_rcc.o)
                0x000000000800d164                HAL_RCC_OscConfig
 .text.HAL_RCC_GetSysClockFreq
                0x000000000800d680      0x140 ../../libDaisy//build/libdaisy.a(stm32h7xx_hal_rcc.o)
                0x000000000800d680                HAL_RCC_GetSysClockFreq
 .text.HAL_RCC_ClockConfig
                0x000000000800d7c0      0x234 ../../libDaisy//build/libdaisy.a(stm32h7xx_hal_rcc.o)
                0x000000000800d7c0                HAL_RCC_ClockConfig
 .text.HAL_RCC_GetHCLKFreq
                0x000000000800d9f4       0x2c ../../libDaisy//build/libdaisy.a(stm32h7xx_hal_rcc.o)
                0x000000000800d9f4                HAL_RCC_GetHCLKFreq
 .text.HAL_RCC_GetPCLK1Freq
                0x000000000800da20       0x38 ../../libDaisy//build/libdaisy.a(stm32h7xx_hal_rcc.o)
                0x000000000800da20                HAL_RCC_GetPCLK1Freq
 .text.HAL_RCC_GetPCLK2Freq
                0x000000000800da58       0x38 ../../libDaisy//build/libdaisy.a(stm32h7xx_hal_rcc.o)
                0x000000000800da58                HAL_RCC_GetPCLK2Freq
 .text.RCCEx_PLL2_Config
                0x000000000800da90       0xf4 ../../libDaisy//build/libdaisy.a(stm32h7xx_hal_rcc_ex.o)
 .text.RCCEx_PLL3_Config
                0x000000000800db84       0xf4 ../../libDaisy//build/libdaisy.a(stm32h7xx_hal_rcc_ex.o)
 .text.HAL_RCCEx_PeriphCLKConfig
                0x000000000800dc78      0xa7c ../../libDaisy//build/libdaisy.a(stm32h7xx_hal_rcc_ex.o)
                0x000000000800dc78                HAL_RCCEx_PeriphCLKConfig
 .text.HAL_RCCEx_GetD3PCLK1Freq
                0x000000000800e6f4       0x24 ../../libDaisy//build/libdaisy.a(stm32h7xx_hal_rcc_ex.o)
                0x000000000800e6f4                HAL_RCCEx_GetD3PCLK1Freq
 .text.HAL_RCCEx_GetPLL2ClockFreq
                0x000000000800e718      0x17c ../../libDaisy//build/libdaisy.a(stm32h7xx_hal_rcc_ex.o)
                0x000000000800e718                HAL_RCCEx_GetPLL2ClockFreq
 .text.HAL_RCCEx_GetPLL3ClockFreq
                0x000000000800e894      0x17c ../../libDaisy//build/libdaisy.a(stm32h7xx_hal_rcc_ex.o)
                0x000000000800e894                HAL_RCCEx_GetPLL3ClockFreq
 .text.HAL_RCCEx_GetPLL1ClockFreq
                0x000000000800ea10      0x17c ../../libDaisy//build/libdaisy.a(stm32h7xx_hal_rcc_ex.o)
                0x000000000800ea10                HAL_RCCEx_GetPLL1ClockFreq
 .text.HAL_RCCEx_GetPeriphCLKFreq
                0x000000000800eb8c      0x198 ../../libDaisy//build/libdaisy.a(stm32h7xx_hal_rcc_ex.o)
                0x000000000800eb8c                HAL_RCCEx_GetPeriphCLKFreq
 .text.HAL_RCCEx_GetD1SysClockFreq
                0x000000000800ed24       0x2c ../../libDaisy//build/libdaisy.a(stm32h7xx_hal_rcc_ex.o)
                0x000000000800ed24                HAL_RCCEx_GetD1SysClockFreq
 .text.HAL_SAI_Init.part.0
                0x000000000800ed50      0x348 ../../libDaisy//build/libdaisy.a(stm32h7xx_hal_sai.o)
 .text.HAL_SAI_InitProtocol
                0x000000000800f098      0x178 ../../libDaisy//build/libdaisy.a(stm32h7xx_hal_sai.o)
                0x000000000800f098                HAL_SAI_InitProtocol
 .text.HAL_SAI_Transmit_DMA
                0x000000000800f210      0x124 ../../libDaisy//build/libdaisy.a(stm32h7xx_hal_sai.o)
                0x000000000800f210                HAL_SAI_Transmit_DMA
 .text.HAL_SAI_Receive_DMA
                0x000000000800f334       0xd0 ../../libDaisy//build/libdaisy.a(stm32h7xx_hal_sai.o)
                0x000000000800f334                HAL_SAI_Receive_DMA
 .text.HAL_SAI_TxCpltCallback
                0x000000000800f404        0x4 ../../libDaisy//build/libdaisy.a(stm32h7xx_hal_sai.o)
                0x000000000800f404                HAL_SAI_TxCpltCallback
 .text.SAI_DMATxCplt
                0x000000000800f408       0x64 ../../libDaisy//build/libdaisy.a(stm32h7xx_hal_sai.o)
 .text.HAL_SAI_TxHalfCpltCallback
                0x000000000800f46c        0x4 ../../libDaisy//build/libdaisy.a(stm32h7xx_hal_sai.o)
                0x000000000800f46c                HAL_SAI_TxHalfCpltCallback
 .text.SAI_DMATxHalfCplt
                0x000000000800f470        0xc ../../libDaisy//build/libdaisy.a(stm32h7xx_hal_sai.o)
 .text.SAI_DMARxCplt
                0x000000000800f47c       0x64 ../../libDaisy//build/libdaisy.a(stm32h7xx_hal_sai.o)
 .text.SAI_DMARxHalfCplt
                0x000000000800f4e0        0xc ../../libDaisy//build/libdaisy.a(stm32h7xx_hal_sai.o)
 .text.HAL_SAI_ErrorCallback
                0x000000000800f4ec        0x4 ../../libDaisy//build/libdaisy.a(stm32h7xx_hal_sai.o)
                0x000000000800f4ec                HAL_SAI_ErrorCallback
 .text.SAI_DMAError
                0x000000000800f4f0       0x6c ../../libDaisy//build/libdaisy.a(stm32h7xx_hal_sai.o)
 .text.SD_FindSCR
                0x000000000800f55c       0xe4 ../../libDaisy//build/libdaisy.a(stm32h7xx_hal_sd.o)
 .text.SD_HighSpeed
                0x000000000800f640      0x114 ../../libDaisy//build/libdaisy.a(stm32h7xx_hal_sd.o)
 .text.HAL_SD_ReadBlocks_DMA
                0x000000000800f754      0x114 ../../libDaisy//build/libdaisy.a(stm32h7xx_hal_sd.o)
                0x000000000800f754                HAL_SD_ReadBlocks_DMA
 .text.HAL_SD_WriteBlocks_DMA
                0x000000000800f868      0x108 ../../libDaisy//build/libdaisy.a(stm32h7xx_hal_sd.o)
                0x000000000800f868                HAL_SD_WriteBlocks_DMA
 .text.HAL_SD_ErrorCallback
                0x000000000800f970        0x4 ../../libDaisy//build/libdaisy.a(stm32h7xx_hal_sd.o)
                0x000000000800f970                HAL_SD_ErrorCallback
 .text.HAL_SD_GetCardCSD
                0x000000000800f974      0x17c ../../libDaisy//build/libdaisy.a(stm32h7xx_hal_sd.o)
                0x000000000800f974                HAL_SD_GetCardCSD
 .text.HAL_SD_InitCard
                0x000000000800faf0      0x1f4 ../../libDaisy//build/libdaisy.a(stm32h7xx_hal_sd.o)
                0x000000000800faf0                HAL_SD_InitCard
 .text.HAL_SD_GetCardStatus
                0x000000000800fce4      0x178 ../../libDaisy//build/libdaisy.a(stm32h7xx_hal_sd.o)
                0x000000000800fce4                HAL_SD_GetCardStatus
 .text.HAL_SD_GetCardInfo
                0x000000000800fe5c       0x28 ../../libDaisy//build/libdaisy.a(stm32h7xx_hal_sd.o)
                0x000000000800fe5c                HAL_SD_GetCardInfo
 .text.HAL_SD_ConfigWideBusOperation
                0x000000000800fe84      0x12c ../../libDaisy//build/libdaisy.a(stm32h7xx_hal_sd.o)
                0x000000000800fe84                HAL_SD_ConfigWideBusOperation
 .text.HAL_SD_Init
                0x000000000800ffb0       0xc8 ../../libDaisy//build/libdaisy.a(stm32h7xx_hal_sd.o)
                0x000000000800ffb0                HAL_SD_Init
 .text.HAL_SD_ConfigSpeedBusOperation
                0x0000000008010078       0xc0 ../../libDaisy//build/libdaisy.a(stm32h7xx_hal_sd.o)
                0x0000000008010078                HAL_SD_ConfigSpeedBusOperation
 .text.HAL_SD_GetCardState
                0x0000000008010138       0x28 ../../libDaisy//build/libdaisy.a(stm32h7xx_hal_sd.o)
                0x0000000008010138                HAL_SD_GetCardState
 .text.HAL_SDEx_Read_DMADoubleBuf0CpltCallback
                0x0000000008010160        0x4 ../../libDaisy//build/libdaisy.a(stm32h7xx_hal_sd.o)
                0x0000000008010160                HAL_SDEx_Read_DMADoubleBuf0CpltCallback
 .text.HAL_SDEx_Read_DMADoubleBuf1CpltCallback
                0x0000000008010164        0x4 ../../libDaisy//build/libdaisy.a(stm32h7xx_hal_sd.o)
                0x0000000008010164                HAL_SDEx_Read_DMADoubleBuf1CpltCallback
 .text.HAL_SDEx_Write_DMADoubleBuf0CpltCallback
                0x0000000008010168        0x4 ../../libDaisy//build/libdaisy.a(stm32h7xx_hal_sd.o)
                0x0000000008010168                HAL_SDEx_Write_DMADoubleBuf0CpltCallback
 .text.HAL_SDEx_Write_DMADoubleBuf1CpltCallback
                0x000000000801016c        0x4 ../../libDaisy//build/libdaisy.a(stm32h7xx_hal_sd.o)
                0x000000000801016c                HAL_SDEx_Write_DMADoubleBuf1CpltCallback
 .text.HAL_SD_IRQHandler
                0x0000000008010170      0x248 ../../libDaisy//build/libdaisy.a(stm32h7xx_hal_sd.o)
                0x0000000008010170                HAL_SD_IRQHandler
 .text.HAL_SDRAM_Init
                0x00000000080103b8       0x54 ../../libDaisy//build/libdaisy.a(stm32h7xx_hal_sdram.o)
                0x00000000080103b8                HAL_SDRAM_Init
 .text.HAL_SDRAM_SendCommand
                0x000000000801040c       0x40 ../../libDaisy//build/libdaisy.a(stm32h7xx_hal_sdram.o)
                0x000000000801040c                HAL_SDRAM_SendCommand
 .text.HAL_SDRAM_ProgramRefreshRate
                0x000000000801044c       0x30 ../../libDaisy//build/libdaisy.a(stm32h7xx_hal_sdram.o)
                0x000000000801044c                HAL_SDRAM_ProgramRefreshRate
 .text.HAL_UART_Transmit_DMA
                0x000000000801047c       0xa4 ../../libDaisy//build/libdaisy.a(stm32h7xx_hal_uart.o)
                0x000000000801047c                HAL_UART_Transmit_DMA
 .text.HAL_UART_Receive_DMA
                0x0000000008010520       0xac ../../libDaisy//build/libdaisy.a(stm32h7xx_hal_uart.o)
                0x0000000008010520                HAL_UART_Receive_DMA
 .text.UART_DMATransmitCplt
                0x00000000080105cc       0x2c ../../libDaisy//build/libdaisy.a(stm32h7xx_hal_uart.o)
 .text.HAL_UART_TxHalfCpltCallback
                0x00000000080105f8        0x4 ../../libDaisy//build/libdaisy.a(stm32h7xx_hal_uart.o)
                0x00000000080105f8                HAL_UART_TxHalfCpltCallback
 .text.UART_DMATxHalfCplt
                0x00000000080105fc        0xc ../../libDaisy//build/libdaisy.a(stm32h7xx_hal_uart.o)
 .text.UART_DMAReceiveCplt
                0x0000000008010608       0x38 ../../libDaisy//build/libdaisy.a(stm32h7xx_hal_uart.o)
 .text.HAL_UART_RxHalfCpltCallback
                0x0000000008010640        0x4 ../../libDaisy//build/libdaisy.a(stm32h7xx_hal_uart.o)
                0x0000000008010640                HAL_UART_RxHalfCpltCallback
 .text.UART_DMARxHalfCplt
                0x0000000008010644        0xc ../../libDaisy//build/libdaisy.a(stm32h7xx_hal_uart.o)
 .text.UART_DMAError
                0x0000000008010650       0x78 ../../libDaisy//build/libdaisy.a(stm32h7xx_hal_uart.o)
 .text.HAL_UART_IRQHandler
                0x00000000080106c8      0x1d0 ../../libDaisy//build/libdaisy.a(stm32h7xx_hal_uart.o)
                0x00000000080106c8                HAL_UART_IRQHandler
 .text.UART_DMAAbortOnError
                0x0000000008010898       0x14 ../../libDaisy//build/libdaisy.a(stm32h7xx_hal_uart.o)
 .text.HAL_UART_GetState
                0x00000000080108ac        0xc ../../libDaisy//build/libdaisy.a(stm32h7xx_hal_uart.o)
                0x00000000080108ac                HAL_UART_GetState
 .text.UART_SetConfig
                0x00000000080108b8     0x14b8 ../../libDaisy//build/libdaisy.a(stm32h7xx_hal_uart.o)
                0x00000000080108b8                UART_SetConfig
 .text.UART_AdvFeatureConfig
                0x0000000008011d70       0xb0 ../../libDaisy//build/libdaisy.a(stm32h7xx_hal_uart.o)
                0x0000000008011d70                UART_AdvFeatureConfig
 .text.UART_CheckIdleState
                0x0000000008011e20       0x84 ../../libDaisy//build/libdaisy.a(stm32h7xx_hal_uart.o)
                0x0000000008011e20                UART_CheckIdleState
 .text.HAL_UART_Init
                0x0000000008011ea4       0x68 ../../libDaisy//build/libdaisy.a(stm32h7xx_hal_uart.o)
                0x0000000008011ea4                HAL_UART_Init
 .text.HAL_UARTEx_WakeupCallback
                0x0000000008011f0c        0x4 ../../libDaisy//build/libdaisy.a(stm32h7xx_hal_uart_ex.o)
                0x0000000008011f0c                HAL_UARTEx_WakeupCallback
 .text.HAL_UARTEx_RxFifoFullCallback
                0x0000000008011f10        0x4 ../../libDaisy//build/libdaisy.a(stm32h7xx_hal_uart_ex.o)
                0x0000000008011f10                HAL_UARTEx_RxFifoFullCallback
 .text.HAL_UARTEx_TxFifoEmptyCallback
                0x0000000008011f14        0x4 ../../libDaisy//build/libdaisy.a(stm32h7xx_hal_uart_ex.o)
                0x0000000008011f14                HAL_UARTEx_TxFifoEmptyCallback
 .text.HAL_UARTEx_DisableFifoMode
                0x0000000008011f18       0x3c ../../libDaisy//build/libdaisy.a(stm32h7xx_hal_uart_ex.o)
                0x0000000008011f18                HAL_UARTEx_DisableFifoMode
 .text.HAL_UARTEx_SetTxFifoThreshold
                0x0000000008011f54       0xa4 ../../libDaisy//build/libdaisy.a(stm32h7xx_hal_uart_ex.o)
                0x0000000008011f54                HAL_UARTEx_SetTxFifoThreshold
 .text.HAL_UARTEx_SetRxFifoThreshold
                0x0000000008011ff8       0xa4 ../../libDaisy//build/libdaisy.a(stm32h7xx_hal_uart_ex.o)
                0x0000000008011ff8                HAL_UARTEx_SetRxFifoThreshold
 .text.FMC_SDRAM_Init
                0x000000000801209c       0x7c ../../libDaisy//build/libdaisy.a(stm32h7xx_ll_fmc.o)
                0x000000000801209c                FMC_SDRAM_Init
 .text.FMC_SDRAM_Timing_Init
                0x0000000008012118       0x98 ../../libDaisy//build/libdaisy.a(stm32h7xx_ll_fmc.o)
                0x0000000008012118                FMC_SDRAM_Timing_Init
 .text.FMC_SDRAM_SendCommand
                0x00000000080121b0       0x28 ../../libDaisy//build/libdaisy.a(stm32h7xx_ll_fmc.o)
                0x00000000080121b0                FMC_SDRAM_SendCommand
 .text.FMC_SDRAM_ProgramRefreshRate
                0x00000000080121d8       0x1c ../../libDaisy//build/libdaisy.a(stm32h7xx_ll_fmc.o)
                0x00000000080121d8                FMC_SDRAM_ProgramRefreshRate
 .text.SDMMC_Init
                0x00000000080121f4       0x38 ../../libDaisy//build/libdaisy.a(stm32h7xx_ll_sdmmc.o)
                0x00000000080121f4                SDMMC_Init
 .text.SDMMC_ReadFIFO
                0x000000000801222c        0x8 ../../libDaisy//build/libdaisy.a(stm32h7xx_ll_sdmmc.o)
                0x000000000801222c                SDMMC_ReadFIFO
 .text.SDMMC_WriteFIFO
                0x0000000008012234        0xc ../../libDaisy//build/libdaisy.a(stm32h7xx_ll_sdmmc.o)
                0x0000000008012234                SDMMC_WriteFIFO
 .text.SDMMC_PowerState_ON
                0x0000000008012240       0x18 ../../libDaisy//build/libdaisy.a(stm32h7xx_ll_sdmmc.o)
                0x0000000008012240                SDMMC_PowerState_ON
 .text.SDMMC_GetPowerState
                0x0000000008012258        0x8 ../../libDaisy//build/libdaisy.a(stm32h7xx_ll_sdmmc.o)
                0x0000000008012258                SDMMC_GetPowerState
 .text.SDMMC_GetResponse
                0x0000000008012260        0x8 ../../libDaisy//build/libdaisy.a(stm32h7xx_ll_sdmmc.o)
                0x0000000008012260                SDMMC_GetResponse
 .text.SDMMC_ConfigData
                0x0000000008012268       0x2c ../../libDaisy//build/libdaisy.a(stm32h7xx_ll_sdmmc.o)
                0x0000000008012268                SDMMC_ConfigData
 .text.SDMMC_CmdBlockLength
                0x0000000008012294      0x14c ../../libDaisy//build/libdaisy.a(stm32h7xx_ll_sdmmc.o)
                0x0000000008012294                SDMMC_CmdBlockLength
 .text.SDMMC_CmdReadSingleBlock
                0x00000000080123e0      0x14c ../../libDaisy//build/libdaisy.a(stm32h7xx_ll_sdmmc.o)
                0x00000000080123e0                SDMMC_CmdReadSingleBlock
 .text.SDMMC_CmdReadMultiBlock
                0x000000000801252c      0x14c ../../libDaisy//build/libdaisy.a(stm32h7xx_ll_sdmmc.o)
                0x000000000801252c                SDMMC_CmdReadMultiBlock
 .text.SDMMC_CmdWriteSingleBlock
                0x0000000008012678      0x14c ../../libDaisy//build/libdaisy.a(stm32h7xx_ll_sdmmc.o)
                0x0000000008012678                SDMMC_CmdWriteSingleBlock
 .text.SDMMC_CmdWriteMultiBlock
                0x00000000080127c4      0x14c ../../libDaisy//build/libdaisy.a(stm32h7xx_ll_sdmmc.o)
                0x00000000080127c4                SDMMC_CmdWriteMultiBlock
 .text.SDMMC_CmdStopTransfer
                0x0000000008012910      0x168 ../../libDaisy//build/libdaisy.a(stm32h7xx_ll_sdmmc.o)
                0x0000000008012910                SDMMC_CmdStopTransfer
 .text.SDMMC_CmdSelDesel
                0x0000000008012a78      0x14c ../../libDaisy//build/libdaisy.a(stm32h7xx_ll_sdmmc.o)
                0x0000000008012a78                SDMMC_CmdSelDesel
 .text.SDMMC_CmdGoIdleState
                0x0000000008012bc4       0x58 ../../libDaisy//build/libdaisy.a(stm32h7xx_ll_sdmmc.o)
                0x0000000008012bc4                SDMMC_CmdGoIdleState
 .text.SDMMC_CmdOperCond
                0x0000000008012c1c       0x80 ../../libDaisy//build/libdaisy.a(stm32h7xx_ll_sdmmc.o)
                0x0000000008012c1c                SDMMC_CmdOperCond
 .text.SDMMC_CmdAppCommand
                0x0000000008012c9c      0x14c ../../libDaisy//build/libdaisy.a(stm32h7xx_ll_sdmmc.o)
                0x0000000008012c9c                SDMMC_CmdAppCommand
 .text.SDMMC_CmdAppOperCommand
                0x0000000008012de8       0x74 ../../libDaisy//build/libdaisy.a(stm32h7xx_ll_sdmmc.o)
                0x0000000008012de8                SDMMC_CmdAppOperCommand
 .text.SDMMC_CmdBusWidth
                0x0000000008012e5c      0x14c ../../libDaisy//build/libdaisy.a(stm32h7xx_ll_sdmmc.o)
                0x0000000008012e5c                SDMMC_CmdBusWidth
 .text.SDMMC_CmdSendSCR
                0x0000000008012fa8      0x150 ../../libDaisy//build/libdaisy.a(stm32h7xx_ll_sdmmc.o)
                0x0000000008012fa8                SDMMC_CmdSendSCR
 .text.SDMMC_CmdSendCID
                0x00000000080130f8       0x7c ../../libDaisy//build/libdaisy.a(stm32h7xx_ll_sdmmc.o)
                0x00000000080130f8                SDMMC_CmdSendCID
 .text.SDMMC_CmdSendCSD
                0x0000000008013174       0x80 ../../libDaisy//build/libdaisy.a(stm32h7xx_ll_sdmmc.o)
                0x0000000008013174                SDMMC_CmdSendCSD
 .text.SDMMC_CmdSetRelAdd
                0x00000000080131f4       0xb0 ../../libDaisy//build/libdaisy.a(stm32h7xx_ll_sdmmc.o)
                0x00000000080131f4                SDMMC_CmdSetRelAdd
 .text.SDMMC_CmdSendStatus
                0x00000000080132a4      0x14c ../../libDaisy//build/libdaisy.a(stm32h7xx_ll_sdmmc.o)
                0x00000000080132a4                SDMMC_CmdSendStatus
 .text.SDMMC_CmdStatusRegister
                0x00000000080133f0      0x150 ../../libDaisy//build/libdaisy.a(stm32h7xx_ll_sdmmc.o)
                0x00000000080133f0                SDMMC_CmdStatusRegister
 .text.SDMMC_CmdSwitch
                0x0000000008013540      0x14c ../../libDaisy//build/libdaisy.a(stm32h7xx_ll_sdmmc.o)
                0x0000000008013540                SDMMC_CmdSwitch
 .text.USB_SetTurnaroundTime
                0x000000000801368c      0x104 ../../libDaisy//build/libdaisy.a(stm32h7xx_ll_usb.o)
                0x000000000801368c                USB_SetTurnaroundTime
 .text.USB_FlushTxFifo
                0x0000000008013790       0x34 ../../libDaisy//build/libdaisy.a(stm32h7xx_ll_usb.o)
                0x0000000008013790                USB_FlushTxFifo
 .text.USB_GetDevSpeed
                0x00000000080137c4       0x24 ../../libDaisy//build/libdaisy.a(stm32h7xx_ll_usb.o)
                0x00000000080137c4                USB_GetDevSpeed
 .text.USB_ActivateEndpoint
                0x00000000080137e8       0x90 ../../libDaisy//build/libdaisy.a(stm32h7xx_ll_usb.o)
                0x00000000080137e8                USB_ActivateEndpoint
 .text.USB_EPStartXfer
                0x0000000008013878      0x230 ../../libDaisy//build/libdaisy.a(stm32h7xx_ll_usb.o)
                0x0000000008013878                USB_EPStartXfer
 .text.USB_EP0StartXfer
                0x0000000008013aa8      0x174 ../../libDaisy//build/libdaisy.a(stm32h7xx_ll_usb.o)
                0x0000000008013aa8                USB_EP0StartXfer
 .text.USB_WritePacket
                0x0000000008013c1c       0x2c ../../libDaisy//build/libdaisy.a(stm32h7xx_ll_usb.o)
                0x0000000008013c1c                USB_WritePacket
 .text.USB_ReadPacket
                0x0000000008013c48       0x20 ../../libDaisy//build/libdaisy.a(stm32h7xx_ll_usb.o)
                0x0000000008013c48                USB_ReadPacket
 .text.USB_EPSetStall
                0x0000000008013c68       0x68 ../../libDaisy//build/libdaisy.a(stm32h7xx_ll_usb.o)
                0x0000000008013c68                USB_EPSetStall
 .text.USB_EPClearStall