Archive member included to satisfy reference by file (symbol)

../../../LEAF/leaf/build/libleaf.a(leaf-effects.o)
                              build/MyProj.o (tSimpleRetune_init)
../../../LEAF/leaf/build/libleaf.a(leaf-filters.o)
                              ../../../LEAF/leaf/build/libleaf.a(leaf-effects.o) (tHighpass_initToPool)
../../../LEAF/leaf/build/libleaf.a(leaf-math.o)
                              ../../../LEAF/leaf/build/libleaf.a(leaf-effects.o) (fastercosf)
../../../LEAF/leaf/build/libleaf.a(leaf-mempool.o)
                              ../../../LEAF/leaf/build/libleaf.a(leaf-effects.o) (mpool_alloc)
../../../LEAF/leaf/build/libleaf.a(leaf-tables.o)
                              ../../../LEAF/leaf/build/libleaf.a(leaf-filters.o) (__filterTanhTable_96000)
../../../LEAF/leaf/build/libleaf.a(leaf.o)
                              build/MyProj.o (LEAF_init)
../../../LEAF/leaf/build/libleaf.a(leaf-analysis.o)
                              ../../../LEAF/leaf/build/libleaf.a(leaf-effects.o) (tAttackDetection_initToPool)
../../../LEAF/leaf/build/libleaf.a(leaf-delay.o)
                              ../../../LEAF/leaf/build/libleaf.a(leaf-filters.o) (tLinearDelay_initToPool)
../../../LEAF/leaf/build/libleaf.a(leaf-dynamics.o)
                              ../../../LEAF/leaf/build/libleaf.a(leaf-effects.o) (tFeedbackLeveler_initToPool)
../../../LEAF/leaf/build/libleaf.a(d_fft_mayer.o)
                              ../../../LEAF/leaf/build/libleaf.a(leaf-analysis.o) (mayer_realfft)
../../libDaisy//build/libdaisy.a(daisy_pod.o)
                              build/MyProj.o (daisy::DaisyPod::StartAudio(void (*)(float const* const*, float**, unsigned int)))
../../libDaisy//build/libdaisy.a(daisy_seed.o)
                              ../../libDaisy//build/libdaisy.a(daisy_pod.o) (daisy::DaisySeed::Configure())
../../libDaisy//build/libdaisy.a(codec_ak4556.o)
                              ../../libDaisy//build/libdaisy.a(daisy_seed.o) (daisy::Ak4556::Init(dsy_gpio_pin))
../../libDaisy//build/libdaisy.a(codec_wm8731.o)
                              ../../libDaisy//build/libdaisy.a(daisy_seed.o) (daisy::Wm8731::Init(daisy::Wm8731::Config const&, daisy::I2CHandle))
../../libDaisy//build/libdaisy.a(sdram.o)
                              ../../libDaisy//build/libdaisy.a(daisy_seed.o) (SdramHandle::Init())
../../libDaisy//build/libdaisy.a(audio.o)
                              ../../libDaisy//build/libdaisy.a(daisy_seed.o) (daisy::AudioHandle::Init(daisy::AudioHandle::Config const&, daisy::SaiHandle))
../../libDaisy//build/libdaisy.a(ctrl.o)
                              ../../libDaisy//build/libdaisy.a(daisy_pod.o) (daisy::AnalogControl::Init(unsigned short*, float, bool, bool, float))
../../libDaisy//build/libdaisy.a(encoder.o)
                              ../../libDaisy//build/libdaisy.a(daisy_pod.o) (daisy::Encoder::Init(dsy_gpio_pin, dsy_gpio_pin, dsy_gpio_pin, float))
../../libDaisy//build/libdaisy.a(rgb_led.o)
                              ../../libDaisy//build/libdaisy.a(daisy_pod.o) (daisy::RgbLed::Init(dsy_gpio_pin, dsy_gpio_pin, dsy_gpio_pin, bool))
../../libDaisy//build/libdaisy.a(switch.o)
                              ../../libDaisy//build/libdaisy.a(daisy_pod.o) (daisy::Switch::Init(dsy_gpio_pin, float))
../../libDaisy//build/libdaisy.a(adc.o)
                              ../../libDaisy//build/libdaisy.a(daisy_pod.o) (daisy::AdcChannelConfig::InitSingle(dsy_gpio_pin))
../../libDaisy//build/libdaisy.a(gpio.o)
                              ../../libDaisy//build/libdaisy.a(daisy_seed.o) (dsy_gpio_init)
../../libDaisy//build/libdaisy.a(i2c.o)
                              ../../libDaisy//build/libdaisy.a(daisy_seed.o) (daisy::I2CHandle::Init(daisy::I2CHandle::Config const&))
../../libDaisy//build/libdaisy.a(qspi.o)
                              ../../libDaisy//build/libdaisy.a(daisy_seed.o) (daisy::QSPIHandle::Init(daisy::QSPIHandle::Config const&))
../../libDaisy//build/libdaisy.a(rng.o)
                              build/MyProj.o (daisy::Random::Init())
../../libDaisy//build/libdaisy.a(sai.o)
                              ../../libDaisy//build/libdaisy.a(daisy_seed.o) (daisy::SaiHandle::Init(daisy::SaiHandle::Config const&))
../../libDaisy//build/libdaisy.a(uart.o)
                              ../../libDaisy//build/libdaisy.a(daisy_pod.o) (daisy::UartHandler::Init(daisy::UartHandler::Config const&))
../../libDaisy//build/libdaisy.a(system.o)
                              ../../libDaisy//build/libdaisy.a(daisy_seed.o) (daisy::System::DeInit())
../../libDaisy//build/libdaisy.a(system_stm32h7xx.o)
                              build/startup_stm32h750xx.o (SystemInit)
../../libDaisy//build/libdaisy.a(usbd_conf.o)
                              ../../libDaisy//build/libdaisy.a(system.o) (hpcd_USB_OTG_HS)
../../libDaisy//build/libdaisy.a(usbh_conf.o)
                              ../../libDaisy//build/libdaisy.a(system.o) (hhcd_USB_OTG_HS)
../../libDaisy//build/libdaisy.a(color.o)
[...]
Memory Configuration

Name             Origin             Length             Attributes
FLASH            0x0000000008000000 0x0000000000020000 xr
DTCMRAM          0x0000000020000000 0x0000000000020000 xrw
SRAM             0x0000000024000000 0x0000000000080000 xrw
RAM_D2           0x0000000030000000 0x0000000000048000 xrw
RAM_D3           0x0000000038000000 0x0000000000010000 xrw
ITCMRAM          0x0000000000000000 0x0000000000010000 xrw
SDRAM            0x00000000c0000000 0x0000000004000000 xrw
QSPIFLASH        0x0000000090000000 0x0000000000800000 xr
*default*        0x0000000000000000 0xffffffffffffffff

Linker script and memory map

LOAD /Library/DaisyToolchain/0.2.0/arm/bin/../lib/gcc/arm-none-eabi/10.3.1/thumb/v7e-m+dp/hard/crti.o
LOAD /Library/DaisyToolchain/0.2.0/arm/bin/../lib/gcc/arm-none-eabi/10.3.1/thumb/v7e-m+dp/hard/crtbegin.o
LOAD /Library/DaisyToolchain/0.2.0/arm/bin/../lib/gcc/arm-none-eabi/10.3.1/../../../../arm-none-eabi/lib/thumb/v7e-m+dp/hard/crt0.o
LOAD build/startup_stm32h750xx.o
LOAD build/MyProj.o
LOAD ../../../LEAF/leaf/build/libleaf.a
LOAD ../../libDaisy//build/libdaisy.a
LOAD /Library/DaisyToolchain/0.2.0/arm/bin/../lib/gcc/arm-none-eabi/10.3.1/../../../../arm-none-eabi/lib/thumb/v7e-m+dp/hard/libnosys.a
LOAD /Library/DaisyToolchain/0.2.0/arm/bin/../lib/gcc/arm-none-eabi/10.3.1/../../../../arm-none-eabi/lib/thumb/v7e-m+dp/hard/libstdc++_nano.a
LOAD /Library/DaisyToolchain/0.2.0/arm/bin/../lib/gcc/arm-none-eabi/10.3.1/../../../../arm-none-eabi/lib/thumb/v7e-m+dp/hard/libm.a
LOAD /Library/DaisyToolchain/0.2.0/arm/bin/../lib/gcc/arm-none-eabi/10.3.1/../../../../arm-none-eabi/lib/thumb/v7e-m+dp/hard/libc_nano.a
START GROUP
LOAD /Library/DaisyToolchain/0.2.0/arm/bin/../lib/gcc/arm-none-eabi/10.3.1/thumb/v7e-m+dp/hard/libgcc.a
LOAD /Library/DaisyToolchain/0.2.0/arm/bin/../lib/gcc/arm-none-eabi/10.3.1/../../../../arm-none-eabi/lib/thumb/v7e-m+dp/hard/libc_nano.a
END GROUP
START GROUP
LOAD /Library/DaisyToolchain/0.2.0/arm/bin/../lib/gcc/arm-none-eabi/10.3.1/thumb/v7e-m+dp/hard/libgcc.a
LOAD /Library/DaisyToolchain/0.2.0/arm/bin/../lib/gcc/arm-none-eabi/10.3.1/../../../../arm-none-eabi/lib/thumb/v7e-m+dp/hard/libc_nano.a
LOAD /Library/DaisyToolchain/0.2.0/arm/bin/../lib/gcc/arm-none-eabi/10.3.1/../../../../arm-none-eabi/lib/thumb/v7e-m+dp/hard/libnosys.a
END GROUP
START GROUP
LOAD /Library/DaisyToolchain/0.2.0/arm/bin/../lib/gcc/arm-none-eabi/10.3.1/thumb/v7e-m+dp/hard/libgcc.a
LOAD /Library/DaisyToolchain/0.2.0/arm/bin/../lib/gcc/arm-none-eabi/10.3.1/../../../../arm-none-eabi/lib/thumb/v7e-m+dp/hard/libc_nano.a
LOAD /Library/DaisyToolchain/0.2.0/arm/bin/../lib/gcc/arm-none-eabi/10.3.1/../../../../arm-none-eabi/lib/thumb/v7e-m+dp/hard/libnosys.a
END GROUP
LOAD /Library/DaisyToolchain/0.2.0/arm/bin/../lib/gcc/arm-none-eabi/10.3.1/thumb/v7e-m+dp/hard/crtend.o
LOAD /Library/DaisyToolchain/0.2.0/arm/bin/../lib/gcc/arm-none-eabi/10.3.1/thumb/v7e-m+dp/hard/crtn.o
                0x0000000020020000                _estack = 0x20020000

.isr_vector     0x0000000008000000      0x298
                0x0000000008000000                . = ALIGN (0x4)
 *(.isr_vector)
 .isr_vector    0x0000000008000000      0x298 build/startup_stm32h750xx.o
                0x0000000008000000                g_pfnVectors
                0x0000000008000298                . = ALIGN (0x4)

.text           0x0000000008000298    0x17560
                0x0000000008000298                . = ALIGN (0x4)
                0x0000000008000298                _stext = .
 *(.text)
 .text          0x0000000008000298       0x40 /Library/DaisyToolchain/0.2.0/arm/bin/../lib/gcc/arm-none-eabi/10.3.1/thumb/v7e-m+dp/hard/crtbegin.o
 .text          0x00000000080002d8      0x378 /Library/DaisyToolchain/0.2.0/arm/bin/../lib/gcc/arm-none-eabi/10.3.1/thumb/v7e-m+dp/hard/libgcc.a(_arm_addsubdf3.o)
                0x00000000080002d8                __aeabi_drsub
                0x00000000080002e0                __subdf3
                0x00000000080002e0                __aeabi_dsub
                0x00000000080002e4                __aeabi_dadd
                0x00000000080002e4                __adddf3
                0x000000000800055c                __aeabi_ui2d
                0x000000000800055c                __floatunsidf
                0x000000000800057c                __floatsidf
                0x000000000800057c                __aeabi_i2d
                0x00000000080005a0                __extendsfdf2
                0x00000000080005a0                __aeabi_f2d
                0x00000000080005e4                __aeabi_ul2d
                0x00000000080005e4                __floatundidf
                0x00000000080005f4                __aeabi_l2d
                0x00000000080005f4                __floatdidf
 .text          0x0000000008000650       0x30 /Library/DaisyToolchain/0.2.0/arm/bin/../lib/gcc/arm-none-eabi/10.3.1/thumb/v7e-m+dp/hard/libgcc.a(_aeabi_uldivmod.o)
                0x0000000008000650                __aeabi_uldivmod
 .text          0x0000000008000680       0x28 /Library/DaisyToolchain/0.2.0/arm/bin/../lib/gcc/arm-none-eabi/10.3.1/thumb/v7e-m+dp/hard/libgcc.a(_popcountsi2.o)
                0x0000000008000680                __popcountsi2
 .text          0x00000000080006a8      0x2d0 /Library/DaisyToolchain/0.2.0/arm/bin/../lib/gcc/arm-none-eabi/10.3.1/thumb/v7e-m+dp/hard/libgcc.a(_udivmoddi4.o)
                0x00000000080006a8                __udivmoddi4
 .text          0x0000000008000978        0x4 /Library/DaisyToolchain/0.2.0/arm/bin/../lib/gcc/arm-none-eabi/10.3.1/thumb/v7e-m+dp/hard/libgcc.a(_dvmd_tls.o)
                0x0000000008000978                __aeabi_ldiv0
                0x0000000008000978                __aeabi_idiv0
 *(.text*)
 .text.Default_Handler
                0x000000000800097c        0x4 build/startup_stm32h750xx.o
                0x000000000800097c                SAI1_IRQHandler
                0x000000000800097c                HASH_RNG_IRQHandler
                0x000000000800097c                EXTI2_IRQHandler
                0x000000000800097c                TIM8_CC_IRQHandler
                0x000000000800097c                HRTIM1_Master_IRQHandler
                0x000000000800097c                DebugMon_Handler
                0x000000000800097c                TIM1_CC_IRQHandler
                0x000000000800097c                BDMA_Channel6_IRQHandler
                0x000000000800097c                DMA2_Stream5_IRQHandler
                0x000000000800097c                HRTIM1_FLT_IRQHandler
                0x000000000800097c                JPEG_IRQHandler
                0x000000000800097c                BDMA_Channel1_IRQHandler
                0x000000000800097c                HRTIM1_TIMD_IRQHandler
                0x000000000800097c                TAMP_STAMP_IRQHandler
                0x000000000800097c                PendSV_Handler
                0x000000000800097c                NMI_Handler
                0x000000000800097c                EXTI3_IRQHandler
                0x000000000800097c                LPTIM4_IRQHandler
                0x000000000800097c                TIM8_TRG_COM_TIM14_IRQHandler
                0x000000000800097c                LPTIM2_IRQHandler
                0x000000000800097c                DFSDM1_FLT1_IRQHandler
                0x000000000800097c                DMAMUX2_OVR_IRQHandler
                0x000000000800097c                TIM8_UP_TIM13_IRQHandler
                0x000000000800097c                I2C3_ER_IRQHandler
                0x000000000800097c                DFSDM1_FLT2_IRQHandler
                0x000000000800097c                MDMA_IRQHandler
                0x000000000800097c                LPTIM3_IRQHandler
                0x000000000800097c                HSEM1_IRQHandler
                0x000000000800097c                EXTI0_IRQHandler
                0x000000000800097c                FPU_IRQHandler
                0x000000000800097c                OTG_HS_WKUP_IRQHandler
                0x000000000800097c                FDCAN1_IT1_IRQHandler
                0x000000000800097c                UsageFault_Handler
                0x000000000800097c                LTDC_ER_IRQHandler
                0x000000000800097c                HRTIM1_TIME_IRQHandler
                0x000000000800097c                TIM6_DAC_IRQHandler
                0x000000000800097c                DCMI_IRQHandler
                0x000000000800097c                HRTIM1_TIMC_IRQHandler
                0x000000000800097c                SAI2_IRQHandler
                0x000000000800097c                DFSDM1_FLT3_IRQHandler
                0x000000000800097c                TIM17_IRQHandler
                0x000000000800097c                CRYP_IRQHandler
                0x000000000800097c                BDMA_Channel7_IRQHandler
                0x000000000800097c                LPTIM5_IRQHandler
                0x000000000800097c                ADC3_IRQHandler
                0x000000000800097c                DMA2_Stream0_IRQHandler
                0x000000000800097c                BDMA_Channel2_IRQHandler
                0x000000000800097c                DMAMUX1_OVR_IRQHandler
                0x000000000800097c                TIM16_IRQHandler
                0x000000000800097c                BDMA_Channel5_IRQHandler
                0x000000000800097c                RCC_IRQHandler
                0x000000000800097c                TIM8_BRK_TIM12_IRQHandler
                0x000000000800097c                TIM1_TRG_COM_IRQHandler
                0x000000000800097c                Default_Handler
                0x000000000800097c                ECC_IRQHandler
                0x000000000800097c                CEC_IRQHandler
                0x000000000800097c                EXTI15_10_IRQHandler
                0x000000000800097c                BDMA_Channel0_IRQHandler
                0x000000000800097c                ADC_IRQHandler
                0x000000000800097c                DMA1_Stream7_IRQHandler
                0x000000000800097c                HRTIM1_TIMA_IRQHandler
                0x000000000800097c                TIM7_IRQHandler
                0x000000000800097c                SDMMC1_IRQHandler
                0x000000000800097c                DMA2_Stream7_IRQHandler
                0x000000000800097c                TIM15_IRQHandler
                0x000000000800097c                PVD_AVD_IRQHandler
                0x000000000800097c                EXTI9_5_IRQHandler
                0x000000000800097c                RTC_WKUP_IRQHandler
                0x000000000800097c                LTDC_IRQHandler
                0x000000000800097c                SAI3_IRQHandler
                0x000000000800097c                ETH_WKUP_IRQHandler
                0x000000000800097c                SPDIF_RX_IRQHandler
                0x000000000800097c                MemManage_Handler
                0x000000000800097c                SVC_Handler
                0x000000000800097c                CRS_IRQHandler
                0x000000000800097c                EXTI4_IRQHandler
                0x000000000800097c                HRTIM1_TIMB_IRQHandler
                0x000000000800097c                FDCAN2_IT1_IRQHandler
                0x000000000800097c                ETH_IRQHandler
                0x000000000800097c                TIM1_UP_IRQHandler
                0x000000000800097c                BDMA_Channel4_IRQHandler
                0x000000000800097c                WWDG_IRQHandler
                0x000000000800097c                SPI6_IRQHandler
                0x000000000800097c                I2C4_EV_IRQHandler
                0x000000000800097c                MDIOS_IRQHandler
                0x000000000800097c                FDCAN2_IT0_IRQHandler
                0x000000000800097c                FDCAN1_IT0_IRQHandler
                0x000000000800097c                OTG_FS_WKUP_IRQHandler
                0x000000000800097c                DMA2D_IRQHandler
                0x000000000800097c                TIM1_BRK_IRQHandler
                0x000000000800097c                EXTI1_IRQHandler
                0x000000000800097c                SDMMC2_IRQHandler
                0x000000000800097c                OTG_FS_EP1_OUT_IRQHandler
                0x000000000800097c                BDMA_Channel3_IRQHandler
                0x000000000800097c                MDIOS_WKUP_IRQHandler
                0x000000000800097c                DFSDM1_FLT0_IRQHandler
                0x000000000800097c                SAI4_IRQHandler
                0x000000000800097c                I2C2_ER_IRQHandler
                0x000000000800097c                DMA2_Stream1_IRQHandler
                0x000000000800097c                FLASH_IRQHandler
                0x000000000800097c                BusFault_Handler
                0x000000000800097c                OTG_FS_IRQHandler
                0x000000000800097c                WAKEUP_PIN_IRQHandler
                0x000000000800097c                OTG_FS_EP1_IN_IRQHandler
                0x000000000800097c                I2C1_ER_IRQHandler
                0x000000000800097c                FMC_IRQHandler
                0x000000000800097c                FDCAN_CAL_IRQHandler
                0x000000000800097c                SWPMI1_IRQHandler
                0x000000000800097c                COMP1_IRQHandler
                0x000000000800097c                LPTIM1_IRQHandler
                0x000000000800097c                I2C4_ER_IRQHandler
                0x000000000800097c                DMA2_Stream6_IRQHandler
                0x000000000800097c                RTC_Alarm_IRQHandler
 .text.Reset_Handler
                0x0000000008000980       0x44 build/startup_stm32h750xx.o
                0x0000000008000980                Reset_Handler
 .text._ZN5daisy8DaisyPodD2Ev
                0x00000000080009c4        0x4 build/MyProj.o
                0x00000000080009c4                daisy::DaisyPod::~DaisyPod()
                0x00000000080009c4                daisy::DaisyPod::~DaisyPod()
 .text._Z12randomNumberv
                0x00000000080009c8       0x10 build/MyProj.o
                0x00000000080009c8                randomNumber()
 .text._Z13AudioCallbackPKPKfPPfj
                0x00000000080009d8       0x74 build/MyProj.o
                0x00000000080009d8                AudioCallback(float const* const*, float**, unsigned int)
 .text.startup.main
                0x0000000008000a4c       0x98 build/MyProj.o
                0x0000000008000a4c                main
 .text.startup._GLOBAL__sub_I_leaf
                0x0000000008000ae4       0x64 build/MyProj.o
 .text.tSOLAD_ioSamples
                0x0000000008000b48      0x3f0 ../../../LEAF/leaf/build/libleaf.a(leaf-effects.o)
                0x0000000008000b48                tSOLAD_ioSamples
 .text.tPitchShift_shiftBy
                0x0000000008000f38       0xbc ../../../LEAF/leaf/build/libleaf.a(leaf-effects.o)
                0x0000000008000f38                tPitchShift_shiftBy
 *fill*         0x0000000008000ff4        0x4 
 .text.tPitchShift_initToPool
                0x0000000008000ff8       0xd4 ../../../LEAF/leaf/build/libleaf.a(leaf-effects.o)
                0x0000000008000ff8                tPitchShift_initToPool
 .text.tSimpleRetune_initToPool
                0x00000000080010cc       0xc4 ../../../LEAF/leaf/build/libleaf.a(leaf-effects.o)
                0x00000000080010cc                tSimpleRetune_initToPool
 .text.tSimpleRetune_init
                0x0000000008001190        0x8 ../../../LEAF/leaf/build/libleaf.a(leaf-effects.o)
                0x0000000008001190                tSimpleRetune_init
 .text.tSimpleRetune_tick
                0x0000000008001198       0x74 ../../../LEAF/leaf/build/libleaf.a(leaf-effects.o)
                0x0000000008001198                tSimpleRetune_tick
 .text.tSimpleRetune_tuneVoice
                0x000000000800120c       0x10 ../../../LEAF/leaf/build/libleaf.a(leaf-effects.o)
                0x000000000800120c                tSimpleRetune_tuneVoice
 .text.tHighpass_initToPool
                0x000000000800121c       0x40 ../../../LEAF/leaf/build/libleaf.a(leaf-filters.o)
                0x000000000800121c                tHighpass_initToPool
 .text.tHighpass_tick
                0x000000000800125c       0x20 ../../../LEAF/leaf/build/libleaf.a(leaf-filters.o)
                0x000000000800125c                tHighpass_tick
 .text.interpolate3max
                0x000000000800127c       0x40 ../../../LEAF/leaf/build/libleaf.a(leaf-math.o)
                0x000000000800127c                interpolate3max
 .text.interpolate3phase
                0x00000000080012bc       0x38 ../../../LEAF/leaf/build/libleaf.a(leaf-math.o)
                0x00000000080012bc                interpolate3phase
 .text.fastabsf
                0x00000000080012f4       0x10 ../../../LEAF/leaf/build/libleaf.a(leaf-math.o)
                0x00000000080012f4                fastabsf
 .text.mtof     0x0000000008001304       0x54 ../../../LEAF/leaf/build/libleaf.a(leaf-math.o)
                0x0000000008001304                mtof
 .text.dbtoa    0x0000000008001358       0x18 ../../../LEAF/leaf/build/libleaf.a(leaf-math.o)
                0x0000000008001358                dbtoa
 .text.leaf_pool_init
                0x0000000008001370       0x30 ../../../LEAF/leaf/build/libleaf.a(leaf-mempool.o)
                0x0000000008001370                leaf_pool_init
 .text.mpool_alloc
                0x00000000080013a0       0xe8 ../../../LEAF/leaf/build/libleaf.a(leaf-mempool.o)
                0x00000000080013a0                mpool_alloc
 .text.mpool_calloc
                0x0000000008001488       0xd4 ../../../LEAF/leaf/build/libleaf.a(leaf-mempool.o)
                0x0000000008001488                mpool_calloc
 .text.LEAF_defaultErrorCallback
                0x000000000800155c        0x4 ../../../LEAF/leaf/build/libleaf.a(leaf.o)
                0x000000000800155c                LEAF_defaultErrorCallback
 .text.LEAF_init
                0x0000000008001560       0x54 ../../../LEAF/leaf/build/libleaf.a(leaf.o)
                0x0000000008001560                LEAF_init
 .text.LEAF_internalErrorCallback
                0x00000000080015b4       0x14 ../../../LEAF/leaf/build/libleaf.a(leaf.o)
                0x00000000080015b4                LEAF_internalErrorCallback
 .text.snac_biasbuf.isra.0
                0x00000000080015c8       0x88 ../../../LEAF/leaf/build/libleaf.a(leaf-analysis.o)
 .text.snac_analyzeframe
                0x0000000008001650      0x4b0 ../../../LEAF/leaf/build/libleaf.a(leaf-analysis.o)
 .text.tEnvPD_initToPool
                0x0000000008001b00      0x11c ../../../LEAF/leaf/build/libleaf.a(leaf-analysis.o)
                0x0000000008001b00                tEnvPD_initToPool
 .text.tEnvPD_processBlock
                0x0000000008001c1c       0xb0 ../../../LEAF/leaf/build/libleaf.a(leaf-analysis.o)
                0x0000000008001c1c                tEnvPD_processBlock
 .text.tAttackDetection_initToPool
                0x0000000008001ccc       0xb4 ../../../LEAF/leaf/build/libleaf.a(leaf-analysis.o)
                0x0000000008001ccc                tAttackDetection_initToPool
 .text.tAttackDetection_setBlocksize
                0x0000000008001d80        0x8 ../../../LEAF/leaf/build/libleaf.a(leaf-analysis.o)
                0x0000000008001d80                tAttackDetection_setBlocksize
 .text.tAttackDetection_detect
                0x0000000008001d88       0x64 ../../../LEAF/leaf/build/libleaf.a(leaf-analysis.o)
                0x0000000008001d88                tAttackDetection_detect
 .text.tSNAC_initToPool
                0x0000000008001dec       0x8c ../../../LEAF/leaf/build/libleaf.a(leaf-analysis.o)
                0x0000000008001dec                tSNAC_initToPool
 .text.tPeriodDetection_initToPool
                0x0000000008001e78       0xc0 ../../../LEAF/leaf/build/libleaf.a(leaf-analysis.o)
                0x0000000008001e78                tPeriodDetection_initToPool
 .text.tPeriodDetection_tick
                0x0000000008001f38       0xd0 ../../../LEAF/leaf/build/libleaf.a(leaf-analysis.o)
                0x0000000008001f38                tPeriodDetection_tick
 .text.tZeroCrossingCollector_initToPool
                0x0000000008002008      0x108 ../../../LEAF/leaf/build/libleaf.a(leaf-analysis.o)
                0x0000000008002008                tZeroCrossingCollector_initToPool
 .text.tZeroCrossingCollector_tick
                0x0000000008002110      0x244 ../../../LEAF/leaf/build/libleaf.a(leaf-analysis.o)
                0x0000000008002110                tZeroCrossingCollector_tick
 .text.tBitset_setMultiple
                0x0000000008002354       0xb0 ../../../LEAF/leaf/build/libleaf.a(leaf-analysis.o)
                0x0000000008002354                tBitset_setMultiple
 .text.tBACF_getCorrelation
                0x0000000008002404       0x8c ../../../LEAF/leaf/build/libleaf.a(leaf-analysis.o)
                0x0000000008002404                tBACF_getCorrelation
 .text.tPeriodDetector_initToPool
                0x0000000008002490      0x120 ../../../LEAF/leaf/build/libleaf.a(leaf-analysis.o)
                0x0000000008002490                tPeriodDetector_initToPool
 .text.tPeriodDetector_tick
                0x00000000080025b0      0x5b4 ../../../LEAF/leaf/build/libleaf.a(leaf-analysis.o)
                0x00000000080025b0                tPeriodDetector_tick
 .text.tDualPitchDetector_initToPool
                0x0000000008002b64       0xb8 ../../../LEAF/leaf/build/libleaf.a(leaf-analysis.o)
                0x0000000008002b64                tDualPitchDetector_initToPool
 *fill*         0x0000000008002c1c        0x4 
 .text.tDualPitchDetector_tick
                0x0000000008002c20      0x3d4 ../../../LEAF/leaf/build/libleaf.a(leaf-analysis.o)
                0x0000000008002c20                tDualPitchDetector_tick
 .text.tDualPitchDetector_getFrequency
                0x0000000008002ff4        0x8 ../../../LEAF/leaf/build/libleaf.a(leaf-analysis.o)
                0x0000000008002ff4                tDualPitchDetector_getFrequency
 .text.tDualPitchDetector_getPeriodicity
                0x0000000008002ffc        0x8 ../../../LEAF/leaf/build/libleaf.a(leaf-analysis.o)
                0x0000000008002ffc                tDualPitchDetector_getPeriodicity
 *fill*         0x0000000008003004        0x4 
 .text.mayer_fht
                0x0000000008003008      0x504 ../../../LEAF/leaf/build/libleaf.a(d_fft_mayer.o)
                0x0000000008003008                mayer_fht
 .text.mayer_realfft
                0x000000000800350c       0x54 ../../../LEAF/leaf/build/libleaf.a(d_fft_mayer.o)
                0x000000000800350c                mayer_realfft
 .text.mayer_realifft
                0x0000000008003560       0x4c ../../../LEAF/leaf/build/libleaf.a(d_fft_mayer.o)
                0x0000000008003560                mayer_realifft
 .text._ZN5daisy8DaisyPod10StartAudioEPFvPKPKfPPfjE
                0x00000000080035ac        0x4 ../../libDaisy//build/libdaisy.a(daisy_pod.o)
                0x00000000080035ac                daisy::DaisyPod::StartAudio(void (*)(float const* const*, float**, unsigned int))
 .text._ZN5daisy8DaisyPod17SetAudioBlockSizeEj
                0x00000000080035b0       0x2c ../../libDaisy//build/libdaisy.a(daisy_pod.o)
                0x00000000080035b0                daisy::DaisyPod::SetAudioBlockSize(unsigned int)
 .text._ZN5daisy8DaisyPod18SetAudioSampleRateENS_9SaiHandle6Config10SampleRateE
                0x00000000080035dc       0x2c ../../libDaisy//build/libdaisy.a(daisy_pod.o)
                0x00000000080035dc                daisy::DaisyPod::SetAudioSampleRate(daisy::SaiHandle::Config::SampleRate)
 .text._ZN5daisy8DaisyPod8StartAdcEv
                0x0000000008003608        0x8 ../../libDaisy//build/libdaisy.a(daisy_pod.o)
                0x0000000008003608                daisy::DaisyPod::StartAdc()
 .text._ZN5daisy8DaisyPod21ProcessAnalogControlsEv
                0x0000000008003610       0x18 ../../libDaisy//build/libdaisy.a(daisy_pod.o)
                0x0000000008003610                daisy::DaisyPod::ProcessAnalogControls()
 .text._ZN5daisy8DaisyPod22ProcessDigitalControlsEv
                0x0000000008003628       0x20 ../../libDaisy//build/libdaisy.a(daisy_pod.o)
                0x0000000008003628                daisy::DaisyPod::ProcessDigitalControls()
 .text._ZN5daisy8DaisyPod10UpdateLedsEv
                0x0000000008003648       0x18 ../../libDaisy//build/libdaisy.a(daisy_pod.o)
                0x0000000008003648                daisy::DaisyPod::UpdateLeds()
 .text._ZN5daisy8DaisyPod8InitLedsEv
                0x0000000008003660       0xac ../../libDaisy//build/libdaisy.a(daisy_pod.o)
                0x0000000008003660                daisy::DaisyPod::InitLeds()
 .text._ZN5daisy8DaisyPod9InitKnobsEv
                0x000000000800370c       0x98 ../../libDaisy//build/libdaisy.a(daisy_pod.o)
                0x000000000800370c                daisy::DaisyPod::InitKnobs()
 .text._ZN5daisy8DaisyPod4InitEb
                0x00000000080037a4      0x118 ../../libDaisy//build/libdaisy.a(daisy_pod.o)
                0x00000000080037a4                daisy::DaisyPod::Init(bool)
 .text._ZN5daisy9DaisySeed9ConfigureEv
                0x00000000080038bc        0x4 ../../libDaisy//build/libdaisy.a(daisy_seed.o)
                0x00000000080038bc                daisy::DaisySeed::Configure()
 .text._ZN5daisy9DaisySeed6GetPinEh
                0x00000000080038c0       0x2c ../../libDaisy//build/libdaisy.a(daisy_seed.o)
                0x00000000080038c0                daisy::DaisySeed::GetPin(unsigned char)
 .text._ZN5daisy9DaisySeed10StartAudioEPFvPKPKfPPfjE
                0x00000000080038ec        0x8 ../../libDaisy//build/libdaisy.a(daisy_seed.o)
                0x00000000080038ec                daisy::DaisySeed::StartAudio(void (*)(float const* const*, float**, unsigned int))
 .text._ZN5daisy9DaisySeed18SetAudioSampleRateENS_9SaiHandle6Config10SampleRateE
                0x00000000080038f4       0x38 ../../libDaisy//build/libdaisy.a(daisy_seed.o)
                0x00000000080038f4                daisy::DaisySeed::SetAudioSampleRate(daisy::SaiHandle::Config::SampleRate)
 .text._ZN5daisy9DaisySeed17SetAudioBlockSizeEj
                0x000000000800392c       0x38 ../../libDaisy//build/libdaisy.a(daisy_seed.o)
                0x000000000800392c                daisy::DaisySeed::SetAudioBlockSize(unsigned int)
 .text._ZNK5daisy9DaisySeed17AudioCallbackRateEv
                0x0000000008003964        0x8 ../../libDaisy//build/libdaisy.a(daisy_seed.o)
                0x0000000008003964                daisy::DaisySeed::AudioCallbackRate() const
 .text._ZN5daisy9DaisySeed14ConfigureAudioEv
                0x000000000800396c       0xd0 ../../libDaisy//build/libdaisy.a(daisy_seed.o)
                0x000000000800396c                daisy::DaisySeed::ConfigureAudio()
 .text._ZN5daisy9DaisySeed4InitEb
                0x0000000008003a3c       0xf0 ../../libDaisy//build/libdaisy.a(daisy_seed.o)
                0x0000000008003a3c                daisy::DaisySeed::Init(bool)
 .text._ZN5daisy6Ak45564InitE12dsy_gpio_pin
                0x0000000008003b2c       0x44 ../../libDaisy//build/libdaisy.a(codec_ak4556.o)
                0x0000000008003b2c                daisy::Ak4556::Init(dsy_gpio_pin)
 .text._ZN5daisy6Wm873120WriteControlRegisterEht
                0x0000000008003b70       0x3c ../../libDaisy//build/libdaisy.a(codec_wm8731.o)
                0x0000000008003b70                daisy::Wm8731::WriteControlRegister(unsigned char, unsigned short)
 .text._ZN5daisy6Wm87314InitERKNS0_6ConfigENS_9I2CHandleE
                0x0000000008003bac      0x1bc ../../libDaisy//build/libdaisy.a(codec_wm8731.o)
                0x0000000008003bac                daisy::Wm8731::Init(daisy::Wm8731::Config const&, daisy::I2CHandle)
 .text._ZN11SdramHandle10DeviceInitEv
                0x0000000008003d68       0x98 ../../libDaisy//build/libdaisy.a(sdram.o)
                0x0000000008003d68                SdramHandle::DeviceInit()
 .text._ZN11SdramHandle4InitEv
                0x0000000008003e00       0x7c ../../libDaisy//build/libdaisy.a(sdram.o)
                0x0000000008003e00                SdramHandle::Init()
 .text.HAL_SDRAM_MspInit
                0x0000000008003e7c      0x1a8 ../../libDaisy//build/libdaisy.a(sdram.o)
                0x0000000008003e7c                HAL_SDRAM_MspInit
 .text._ZN5daisy11AudioHandle4Impl16InternalCallbackEPlS2_j
                0x0000000008004024      0xbbc ../../libDaisy//build/libdaisy.a(audio.o)
                0x0000000008004024                daisy::AudioHandle::Impl::InternalCallback(long*, long*, unsigned int)
 .text._ZN5daisy11AudioHandle4InitERKNS0_6ConfigENS_9SaiHandleE
                0x0000000008004be0       0x70 ../../libDaisy//build/libdaisy.a(audio.o)
                0x0000000008004be0                daisy::AudioHandle::Init(daisy::AudioHandle::Config const&, daisy::SaiHandle)
 .text._ZNK5daisy11AudioHandle9GetConfigEv
                0x0000000008004c50        0x8 ../../libDaisy//build/libdaisy.a(audio.o)
                0x0000000008004c50                daisy::AudioHandle::GetConfig() const
 .text._ZN5daisy11AudioHandle12SetBlockSizeEj
                0x0000000008004c58       0x1c ../../libDaisy//build/libdaisy.a(audio.o)
                0x0000000008004c58                daisy::AudioHandle::SetBlockSize(unsigned int)
 .text._ZN5daisy11AudioHandle13GetSampleRateEv
                0x0000000008004c74        0x8 ../../libDaisy//build/libdaisy.a(audio.o)
                0x0000000008004c74                daisy::AudioHandle::GetSampleRate()
 .text._ZN5daisy11AudioHandle13SetSampleRateENS_9SaiHandle6Config10SampleRateE
                0x0000000008004c7c       0x88 ../../libDaisy//build/libdaisy.a(audio.o)
                0x0000000008004c7c                daisy::AudioHandle::SetSampleRate(daisy::SaiHandle::Config::SampleRate)
 .text._ZN5daisy11AudioHandle5StartEPFvPKPKfPPfjE
                0x0000000008004d04       0x44 ../../libDaisy//build/libdaisy.a(audio.o)
                0x0000000008004d04                daisy::AudioHandle::Start(void (*)(float const* const*, float**, unsigned int))
 .text.startup._GLOBAL__sub_I__ZN5daisy11AudioHandle4Impl4InitENS0_6ConfigENS_9SaiHandleE
                0x0000000008004d48       0x24 ../../libDaisy//build/libdaisy.a(audio.o)
 .text._ZN5daisy13AnalogControl4InitEPtfbbf
                0x0000000008004d6c       0x64 ../../libDaisy//build/libdaisy.a(ctrl.o)
                0x0000000008004d6c                daisy::AnalogControl::Init(unsigned short*, float, bool, bool, float)
 .text._ZN5daisy13AnalogControl7ProcessEv
                0x0000000008004dd0       0x48 ../../libDaisy//build/libdaisy.a(ctrl.o)
                0x0000000008004dd0                daisy::AnalogControl::Process()
 .text._ZN5daisy13AnalogControl13SetSampleRateEf
                0x0000000008004e18       0x58 ../../libDaisy//build/libdaisy.a(ctrl.o)
                0x0000000008004e18                daisy::AnalogControl::SetSampleRate(float)
 .text._ZN5daisy7Encoder4InitE12dsy_gpio_pinS1_S1_f
                0x0000000008004e70       0x60 ../../libDaisy//build/libdaisy.a(encoder.o)
                0x0000000008004e70                daisy::Encoder::Init(dsy_gpio_pin, dsy_gpio_pin, dsy_gpio_pin, float)
 .text._ZN5daisy7Encoder8DebounceEv
                0x0000000008004ed0       0x7c ../../libDaisy//build/libdaisy.a(encoder.o)
                0x0000000008004ed0                daisy::Encoder::Debounce()
 .text._ZN5daisy6RgbLed4InitE12dsy_gpio_pinS1_S1_b
                0x0000000008004f4c       0x50 ../../libDaisy//build/libdaisy.a(rgb_led.o)
                0x0000000008004f4c                daisy::RgbLed::Init(dsy_gpio_pin, dsy_gpio_pin, dsy_gpio_pin, bool)
 .text._ZN5daisy6RgbLed8SetColorENS_5ColorE
                0x0000000008004f9c       0x2c ../../libDaisy//build/libdaisy.a(rgb_led.o)
                0x0000000008004f9c                daisy::RgbLed::SetColor(daisy::Color)
 .text._ZN5daisy6RgbLed6UpdateEv
                0x0000000008004fc8       0x1c ../../libDaisy//build/libdaisy.a(rgb_led.o)
                0x0000000008004fc8                daisy::RgbLed::Update()
 .text._ZN5daisy6Switch4InitE12dsy_gpio_pinf
                0x0000000008004fe4       0x34 ../../libDaisy//build/libdaisy.a(switch.o)
                0x0000000008004fe4                daisy::Switch::Init(dsy_gpio_pin, float)
 .text._ZN5daisy6Switch8DebounceEv
                0x0000000008005018       0x5c ../../libDaisy//build/libdaisy.a(switch.o)
                0x0000000008005018                daisy::Switch::Debounce()
 .text._ZN5daisy16AdcChannelConfig10InitSingleE12dsy_gpio_pin
                0x0000000008005074       0x1c ../../libDaisy//build/libdaisy.a(adc.o)
                0x0000000008005074                daisy::AdcChannelConfig::InitSingle(dsy_gpio_pin)
 .text._ZN5daisy9AdcHandle4InitEPNS_16AdcChannelConfigEjNS0_12OverSamplingE
                0x0000000008005090      0x3c8 ../../libDaisy//build/libdaisy.a(adc.o)
                0x0000000008005090                daisy::AdcHandle::Init(daisy::AdcChannelConfig*, unsigned int, daisy::AdcHandle::OverSampling)
 .text._ZN5daisy9AdcHandle5StartEv
                0x0000000008005458       0x2c ../../libDaisy//build/libdaisy.a(adc.o)
                0x0000000008005458                daisy::AdcHandle::Start()
 .text._ZNK5daisy9AdcHandle6GetPtrEh
                0x0000000008005484       0x14 ../../libDaisy//build/libdaisy.a(adc.o)
                0x0000000008005484                daisy::AdcHandle::GetPtr(unsigned char) const
 .text.HAL_ADC_MspInit
                0x0000000008005498       0x98 ../../libDaisy//build/libdaisy.a(adc.o)
                0x0000000008005498                HAL_ADC_MspInit
 .text.DMA1_Stream2_IRQHandler
                0x0000000008005530        0xc ../../libDaisy//build/libdaisy.a(adc.o)
                0x0000000008005530                DMA1_Stream2_IRQHandler
 .text.HAL_ADC_ConvCpltCallback
                0x000000000800553c      0x148 ../../libDaisy//build/libdaisy.a(adc.o)
                0x000000000800553c                HAL_ADC_ConvCpltCallback
 .text.HAL_ADC_ErrorCallback
                0x0000000008005684        0x4 ../../libDaisy//build/libdaisy.a(adc.o)
                0x0000000008005684                HAL_ADC_ErrorCallback
 .text.dsy_gpio_init
                0x0000000008005688      0x1b8 ../../libDaisy//build/libdaisy.a(gpio.o)
                0x0000000008005688                dsy_gpio_init
 .text.dsy_gpio_read
                0x0000000008005840       0x1c ../../libDaisy//build/libdaisy.a(gpio.o)
                0x0000000008005840                dsy_gpio_read
 .text.dsy_gpio_write
                0x000000000800585c       0x24 ../../libDaisy//build/libdaisy.a(gpio.o)
                0x000000000800585c                dsy_gpio_write
 .text._ZN5daisy9I2CHandle4Impl8InitPinsEv
                0x0000000008005880       0x58 ../../libDaisy//build/libdaisy.a(i2c.o)
                0x0000000008005880                daisy::I2CHandle::Impl::InitPins()
 .text.HAL_I2C_MspInit
                0x00000000080058d8      0x1b4 ../../libDaisy//build/libdaisy.a(i2c.o)
                0x00000000080058d8                HAL_I2C_MspInit
 .text.dsy_i2c_global_init
                0x0000000008005a8c       0x78 ../../libDaisy//build/libdaisy.a(i2c.o)
                0x0000000008005a8c                dsy_i2c_global_init
 .text.DMA1_Stream6_IRQHandler
                0x0000000008005b04       0x34 ../../libDaisy//build/libdaisy.a(i2c.o)
                0x0000000008005b04                DMA1_Stream6_IRQHandler
 .text.I2C1_EV_IRQHandler
                0x0000000008005b38        0xc ../../libDaisy//build/libdaisy.a(i2c.o)
                0x0000000008005b38                I2C1_EV_IRQHandler
 .text.I2C2_EV_IRQHandler
                0x0000000008005b44        0xc ../../libDaisy//build/libdaisy.a(i2c.o)
                0x0000000008005b44                I2C2_EV_IRQHandler
 .text.I2C3_EV_IRQHandler
                0x0000000008005b50        0xc ../../libDaisy//build/libdaisy.a(i2c.o)
                0x0000000008005b50                I2C3_EV_IRQHandler
 .text._ZN5daisy9I2CHandle4InitERKNS0_6ConfigE
                0x0000000008005b5c      0x12c ../../libDaisy//build/libdaisy.a(i2c.o)
                0x0000000008005b5c                daisy::I2CHandle::Init(daisy::I2CHandle::Config const&)
 .text._ZN5daisy9I2CHandle16TransmitBlockingEtPhtm
                0x0000000008005c88       0x50 ../../libDaisy//build/libdaisy.a(i2c.o)
                0x0000000008005c88                daisy::I2CHandle::TransmitBlocking(unsigned short, unsigned char*, unsigned short, unsigned long)
 .text.startup._GLOBAL__sub_I__ZN5daisy9I2CHandle4Impl10GlobalInitEv
                0x0000000008005cd8       0x18 ../../libDaisy//build/libdaisy.a(i2c.o)
 .text._ZN5daisy10QSPIHandle4Impl11WriteEnableEv
                0x0000000008005cf0       0x8c ../../libDaisy//build/libdaisy.a(qspi.o)
                0x0000000008005cf0                daisy::QSPIHandle::Impl::WriteEnable()
 *fill*         0x0000000008005d7c        0x4 
 .text._ZN5daisy10QSPIHandle4Impl17DummyCyclesConfigENS0_6Config6DeviceE
                0x0000000008005d80      0x118 ../../libDaisy//build/libdaisy.a(qspi.o)
                0x0000000008005d80                daisy::QSPIHandle::Impl::DummyCyclesConfig(daisy::QSPIHandle::Config::Device)
 .text._ZN5daisy10QSPIHandle4Impl10QuadEnableEv
                0x0000000008005e98      0x158 ../../libDaisy//build/libdaisy.a(qspi.o)
                0x0000000008005e98                daisy::QSPIHandle::Impl::QuadEnable()
 .text._ZN5daisy10QSPIHandle4InitERKNS0_6ConfigE
                0x0000000008005ff0      0x198 ../../libDaisy//build/libdaisy.a(qspi.o)
                0x0000000008005ff0                daisy::QSPIHandle::Init(daisy::QSPIHandle::Config const&)
 .text.HAL_QSPI_MspInit
                0x0000000008006188      0x11c ../../libDaisy//build/libdaisy.a(qspi.o)
                0x0000000008006188                HAL_QSPI_MspInit
 .text.HAL_QSPI_MspDeInit
                0x00000000080062a4       0x54 ../../libDaisy//build/libdaisy.a(qspi.o)
                0x00000000080062a4                HAL_QSPI_MspDeInit
 .text.QUADSPI_IRQHandler
                0x00000000080062f8        0xc ../../libDaisy//build/libdaisy.a(qspi.o)
                0x00000000080062f8                QUADSPI_IRQHandler
 .text.startup._GLOBAL__sub_I__ZN5daisy10QSPIHandle4Impl4InitERKNS0_6ConfigE
                0x0000000008006304       0x28 ../../libDaisy//build/libdaisy.a(qspi.o)
 .text._ZN5daisy6Random4InitEv
                0x000000000800632c       0x3c ../../libDaisy//build/libdaisy.a(rng.o)
                0x000000000800632c                daisy::Random::Init()
 .text._ZN5daisy6Random8GetFloatEff
                0x0000000008006368       0x50 ../../libDaisy//build/libdaisy.a(rng.o)
                0x0000000008006368                daisy::Random::GetFloat(float, float)
 .text._ZN5daisy9SaiHandle4Impl7InitDmaENS1_15PeripheralBlockE
                0x00000000080063b8       0xa0 ../../libDaisy//build/libdaisy.a(sai.o)
                0x00000000080063b8                daisy::SaiHandle::Impl::InitDma(daisy::SaiHandle::Impl::PeripheralBlock)
 .text._ZN5daisy9SaiHandle4Impl8InitPinsEv
                0x0000000008006458       0xa8 ../../libDaisy//build/libdaisy.a(sai.o)
                0x0000000008006458                daisy::SaiHandle::Impl::InitPins()
 .text.HAL_SAI_MspInit
                0x0000000008006500      0x164 ../../libDaisy//build/libdaisy.a(sai.o)
                0x0000000008006500                HAL_SAI_MspInit
 .text.DMA1_Stream0_IRQHandler
                0x0000000008006664        0xc ../../libDaisy//build/libdaisy.a(sai.o)
                0x0000000008006664                DMA1_Stream0_IRQHandler
 .text.DMA1_Stream1_IRQHandler
                0x0000000008006670        0xc ../../libDaisy//build/libdaisy.a(sai.o)
                0x0000000008006670                DMA1_Stream1_IRQHandler
 .text.DMA1_Stream3_IRQHandler
                0x000000000800667c        0xc ../../libDaisy//build/libdaisy.a(sai.o)
                0x000000000800667c                DMA1_Stream3_IRQHandler
 .text.DMA1_Stream4_IRQHandler
                0x0000000008006688        0xc ../../libDaisy//build/libdaisy.a(sai.o)
                0x0000000008006688                DMA1_Stream4_IRQHandler
 .text.HAL_SAI_RxHalfCpltCallback
                0x0000000008006694       0x78 ../../libDaisy//build/libdaisy.a(sai.o)
                0x0000000008006694                HAL_SAI_RxHalfCpltCallback
 .text.HAL_SAI_RxCpltCallback
                0x000000000800670c       0x70 ../../libDaisy//build/libdaisy.a(sai.o)
                0x000000000800670c                HAL_SAI_RxCpltCallback
 *fill*         0x000000000800677c        0x4 
 .text._ZN5daisy9SaiHandle4InitERKNS0_6ConfigE
                0x0000000008006780      0x1f0 ../../libDaisy//build/libdaisy.a(sai.o)
                0x0000000008006780                daisy::SaiHandle::Init(daisy::SaiHandle::Config const&)
 .text._ZNK5daisy9SaiHandle9GetConfigEv
                0x0000000008006970        0x4 ../../libDaisy//build/libdaisy.a(sai.o)
                0x0000000008006970                daisy::SaiHandle::GetConfig() const
 .text._ZN5daisy9SaiHandle8StartDmaEPlS1_jPFvS1_S1_jE
                0x0000000008006974       0xbc ../../libDaisy//build/libdaisy.a(sai.o)
                0x0000000008006974                daisy::SaiHandle::StartDma(long*, long*, unsigned int, void (*)(long*, long*, unsigned int))
 .text._ZN5daisy9SaiHandle13GetSampleRateEv
                0x0000000008006a30       0x24 ../../libDaisy//build/libdaisy.a(sai.o)
                0x0000000008006a30                daisy::SaiHandle::GetSampleRate()
 .text._ZNK5daisy9SaiHandle9GetOffsetEv
                0x0000000008006a54        0x8 ../../libDaisy//build/libdaisy.a(sai.o)
                0x0000000008006a54                daisy::SaiHandle::GetOffset() const
 .text._ZN5daisy11UartHandler4Impl7InitDmaEbb
                0x0000000008006a5c      0x164 ../../libDaisy//build/libdaisy.a(uart.o)
                0x0000000008006a5c                daisy::UartHandler::Impl::InitDma(bool, bool)
 .text._ZN5daisy11UartHandler4Impl10HandleFifoEv
                0x0000000008006bc0       0xec ../../libDaisy//build/libdaisy.a(uart.o)
                0x0000000008006bc0                daisy::UartHandler::Impl::HandleFifo()
 .text._ZN5daisy11UartHandler4Impl10StartDmaTxEPhjPFvPvEPFvS3_NS0_6ResultEES3_
                0x0000000008006cac       0xcc ../../libDaisy//build/libdaisy.a(uart.o)
                0x0000000008006cac                daisy::UartHandler::Impl::StartDmaTx(unsigned char*, unsigned int, void (*)(void*), void (*)(void*, daisy::UartHandler::Result), void*)
 .text._ZN5daisy11UartHandler4Impl10StartDmaRxEPhjPFvPvEPFvS3_NS0_6ResultEES3_
                0x0000000008006d78       0xcc ../../libDaisy//build/libdaisy.a(uart.o)
                0x0000000008006d78                daisy::UartHandler::Impl::StartDmaRx(unsigned char*, unsigned int, void (*)(void*), void (*)(void*, daisy::UartHandler::Result), void*)
 .text._ZN5daisy11UartHandler4Impl19DmaTransferFinishedEP20__UART_HandleTypeDefNS0_6ResultE
                0x0000000008006e44       0xc0 ../../libDaisy//build/libdaisy.a(uart.o)
                0x0000000008006e44                daisy::UartHandler::Impl::DmaTransferFinished(__UART_HandleTypeDef*, daisy::UartHandler::Result)
 .text._ZN5daisy11UartHandler4Impl8InitPinsEv
                0x0000000008006f04      0x150 ../../libDaisy//build/libdaisy.a(uart.o)
                0x0000000008006f04                daisy::UartHandler::Impl::InitPins()
 .text.HAL_UART_MspInit
                0x0000000008007054      0x210 ../../libDaisy//build/libdaisy.a(uart.o)
                0x0000000008007054                HAL_UART_MspInit
 .text.dsy_uart_global_init
                0x0000000008007264       0xfc ../../libDaisy//build/libdaisy.a(uart.o)
                0x0000000008007264                dsy_uart_global_init
 .text.USART1_IRQHandler
                0x0000000008007360       0x30 ../../libDaisy//build/libdaisy.a(uart.o)
                0x0000000008007360                USART1_IRQHandler
 .text.USART2_IRQHandler
                0x0000000008007390       0x34 ../../libDaisy//build/libdaisy.a(uart.o)
                0x0000000008007390                USART2_IRQHandler
 .text.USART3_IRQHandler
                0x00000000080073c4       0x34 ../../libDaisy//build/libdaisy.a(uart.o)
                0x00000000080073c4                USART3_IRQHandler
 .text.UART4_IRQHandler
                0x00000000080073f8       0x34 ../../libDaisy//build/libdaisy.a(uart.o)
                0x00000000080073f8                UART4_IRQHandler
 .text.UART5_IRQHandler
                0x000000000800742c       0x34 ../../libDaisy//build/libdaisy.a(uart.o)
                0x000000000800742c                UART5_IRQHandler
 .text.USART6_IRQHandler
                0x0000000008007460       0x34 ../../libDaisy//build/libdaisy.a(uart.o)
                0x0000000008007460                USART6_IRQHandler
 .text.UART7_IRQHandler
                0x0000000008007494       0x30 ../../libDaisy//build/libdaisy.a(uart.o)
                0x0000000008007494                UART7_IRQHandler
 .text.UART8_IRQHandler
                0x00000000080074c4       0x34 ../../libDaisy//build/libdaisy.a(uart.o)
                0x00000000080074c4                UART8_IRQHandler
 .text.LPUART1_IRQHandler
                0x00000000080074f8       0x34 ../../libDaisy//build/libdaisy.a(uart.o)
                0x00000000080074f8                LPUART1_IRQHandler
 .text.DMA1_Stream5_IRQHandler
                0x000000000800752c       0x34 ../../libDaisy//build/libdaisy.a(uart.o)
                0x000000000800752c                DMA1_Stream5_IRQHandler
 .text.DMA2_Stream4_IRQHandler
                0x0000000008007560       0x34 ../../libDaisy//build/libdaisy.a(uart.o)
                0x0000000008007560                DMA2_Stream4_IRQHandler
 .text.HAL_UART_TxCpltCallback
                0x0000000008007594        0x8 ../../libDaisy//build/libdaisy.a(uart.o)
                0x0000000008007594                HAL_UART_TxCpltCallback
 .text.HAL_UART_RxCpltCallback
                0x000000000800759c        0x8 ../../libDaisy//build/libdaisy.a(uart.o)
                0x000000000800759c                HAL_UART_RxCpltCallback
 .text.HAL_UART_ErrorCallback
                0x00000000080075a4        0x8 ../../libDaisy//build/libdaisy.a(uart.o)
                0x00000000080075a4                HAL_UART_ErrorCallback
 .text._ZN5daisy11UartHandler4InitERKNS0_6ConfigE
                0x00000000080075ac       0xec ../../libDaisy//build/libdaisy.a(uart.o)
                0x00000000080075ac                daisy::UartHandler::Init(daisy::UartHandler::Config const&)
 .text.startup._GLOBAL__sub_I__Z19MapInstanceToHandleP13USART_TypeDef
                0x0000000008007698      0x190 ../../libDaisy//build/libdaisy.a(uart.o)
 .text._ZN5daisy11TimerHandleD2Ev
                0x0000000008007828        0x4 ../../libDaisy//build/libdaisy.a(system.o)
                0x0000000008007828                daisy::TimerHandle::~TimerHandle()
                0x0000000008007828                daisy::TimerHandle::~TimerHandle()
 .text.SysTick_Handler
                0x000000000800782c       0x10 ../../libDaisy//build/libdaisy.a(system.o)
                0x000000000800782c                SysTick_Handler
 .text.OTG_HS_EP1_OUT_IRQHandler
                0x000000000800783c       0x24 ../../libDaisy//build/libdaisy.a(system.o)
                0x000000000800783c                OTG_HS_EP1_OUT_IRQHandler
 .text.OTG_HS_EP1_IN_IRQHandler
                0x0000000008007860       0x24 ../../libDaisy//build/libdaisy.a(system.o)
                0x0000000008007860                OTG_HS_EP1_IN_IRQHandler
 .text.OTG_HS_IRQHandler
                0x0000000008007884       0x24 ../../libDaisy//build/libdaisy.a(system.o)
                0x0000000008007884                OTG_HS_IRQHandler
 .text.HardFault_Handler
                0x00000000080078a8       0xe0 ../../libDaisy//build/libdaisy.a(system.o)
                0x00000000080078a8                HardFault_Handler
 .text._ZN5daisy6System6GetNowEv
                0x0000000008007988        0x4 ../../libDaisy//build/libdaisy.a(system.o)
                0x0000000008007988                daisy::System::GetNow()
 .text._ZN5daisy6System5DelayEm
                0x000000000800798c        0x4 ../../libDaisy//build/libdaisy.a(system.o)
                0x000000000800798c                daisy::System::Delay(unsigned long)
 .text._ZN5daisy6System15ConfigureClocksEv
                0x0000000008007990      0x194 ../../libDaisy//build/libdaisy.a(system.o)
                0x0000000008007990                daisy::System::ConfigureClocks()
 .text._ZN5daisy6System4InitERKNS0_6ConfigE
                0x0000000008007b24      0x140 ../../libDaisy//build/libdaisy.a(system.o)
                0x0000000008007b24                daisy::System::Init(daisy::System::Config const&)
 .text._ZN5daisy6System12GetPClk1FreqEv
                0x0000000008007c64        0x4 ../../libDaisy//build/libdaisy.a(system.o)
                0x0000000008007c64                daisy::System::GetPClk1Freq()
 .text._ZN5daisy6System22GetProgramMemoryRegionEv
                0x0000000008007c68       0x78 ../../libDaisy//build/libdaisy.a(system.o)
                0x0000000008007c68                daisy::System::GetProgramMemoryRegion()
 .text.startup._GLOBAL__sub_I_SysTick_Handler
                0x0000000008007ce0       0x1c ../../libDaisy//build/libdaisy.a(system.o)
 .text.SystemInit
                0x0000000008007cfc       0x9c ../../libDaisy//build/libdaisy.a(system_stm32h7xx.o)
                0x0000000008007cfc                SystemInit
 .text.HAL_PCD_SetupStageCallback
                0x0000000008007d98        0xc ../../libDaisy//build/libdaisy.a(usbd_conf.o)
                0x0000000008007d98                HAL_PCD_SetupStageCallback
 .text.HAL_PCD_DataOutStageCallback
                0x0000000008007da4       0x14 ../../libDaisy//build/libdaisy.a(usbd_conf.o)
                0x0000000008007da4                HAL_PCD_DataOutStageCallback
 .text.HAL_PCD_DataInStageCallback
                0x0000000008007db8       0x14 ../../libDaisy//build/libdaisy.a(usbd_conf.o)
                0x0000000008007db8                HAL_PCD_DataInStageCallback
 .text.HAL_PCD_SOFCallback
                0x0000000008007dcc        0x8 ../../libDaisy//build/libdaisy.a(usbd_conf.o)
                0x0000000008007dcc                HAL_PCD_SOFCallback
 .text.HAL_PCD_ResetCallback
                0x0000000008007dd4       0x24 ../../libDaisy//build/libdaisy.a(usbd_conf.o)
                0x0000000008007dd4                HAL_PCD_ResetCallback
 .text.HAL_PCD_SuspendCallback
                0x0000000008007df8       0x30 ../../libDaisy//build/libdaisy.a(usbd_conf.o)
                0x0000000008007df8                HAL_PCD_SuspendCallback
 .text.HAL_PCD_ResumeCallback
                0x0000000008007e28        0x8 ../../libDaisy//build/libdaisy.a(usbd_conf.o)
                0x0000000008007e28                HAL_PCD_ResumeCallback
 .text.HAL_PCD_ISOOUTIncompleteCallback
                0x0000000008007e30        0x8 ../../libDaisy//build/libdaisy.a(usbd_conf.o)
                0x0000000008007e30                HAL_PCD_ISOOUTIncompleteCallback
 .text.HAL_PCD_ISOINIncompleteCallback
                0x0000000008007e38        0x8 ../../libDaisy//build/libdaisy.a(usbd_conf.o)
                0x0000000008007e38                HAL_PCD_ISOINIncompleteCallback
 .text.HAL_PCD_ConnectCallback
                0x0000000008007e40        0x8 ../../libDaisy//build/libdaisy.a(usbd_conf.o)
                0x0000000008007e40                HAL_PCD_ConnectCallback
 .text.HAL_PCD_DisconnectCallback
                0x0000000008007e48        0x8 ../../libDaisy//build/libdaisy.a(usbd_conf.o)
                0x0000000008007e48                HAL_PCD_DisconnectCallback
 .text.USBD_LL_OpenEP
                0x0000000008007e50       0x24 ../../libDaisy//build/libdaisy.a(usbd_conf.o)
                0x0000000008007e50                USBD_LL_OpenEP
 .text.USBD_LL_StallEP
                0x0000000008007e74       0x1c ../../libDaisy//build/libdaisy.a(usbd_conf.o)
                0x0000000008007e74                USBD_LL_StallEP
 .text.USBD_LL_ClearStallEP
                0x0000000008007e90       0x1c ../../libDaisy//build/libdaisy.a(usbd_conf.o)
                0x0000000008007e90                USBD_LL_ClearStallEP
 .text.USBD_LL_IsStallEP
                0x0000000008007eac       0x28 ../../libDaisy//build/libdaisy.a(usbd_conf.o)
                0x0000000008007eac                USBD_LL_IsStallEP
 .text.USBD_LL_SetUSBAddress
                0x0000000008007ed4       0x1c ../../libDaisy//build/libdaisy.a(usbd_conf.o)
                0x0000000008007ed4                USBD_LL_SetUSBAddress
 .text.USBD_LL_Transmit
                0x0000000008007ef0       0x1c ../../libDaisy//build/libdaisy.a(usbd_conf.o)
                0x0000000008007ef0                USBD_LL_Transmit
 .text.USBD_LL_PrepareReceive
                0x0000000008007f0c       0x1c ../../libDaisy//build/libdaisy.a(usbd_conf.o)
                0x0000000008007f0c                USBD_LL_PrepareReceive
 .text.HAL_HCD_SOF_Callback
                0x0000000008007f28        0x8 ../../libDaisy//build/libdaisy.a(usbh_conf.o)
                0x0000000008007f28                HAL_HCD_SOF_Callback
 .text.HAL_HCD_Connect_Callback
                0x0000000008007f30        0x8 ../../libDaisy//build/libdaisy.a(usbh_conf.o)
                0x0000000008007f30                HAL_HCD_Connect_Callback
 .text.HAL_HCD_Disconnect_Callback
                0x0000000008007f38        0x8 ../../libDaisy//build/libdaisy.a(usbh_conf.o)
                0x0000000008007f38                HAL_HCD_Disconnect_Callback
 .text.HAL_HCD_HC_NotifyURBChange_Callback
                0x0000000008007f40        0x4 ../../libDaisy//build/libdaisy.a(usbh_conf.o)
                0x0000000008007f40                HAL_HCD_HC_NotifyURBChange_Callback
 .text.HAL_HCD_PortEnabled_Callback
                0x0000000008007f44        0x8 ../../libDaisy//build/libdaisy.a(usbh_conf.o)
                0x0000000008007f44                HAL_HCD_PortEnabled_Callback
 .text.HAL_HCD_PortDisabled_Callback
                0x0000000008007f4c        0x8 ../../libDaisy//build/libdaisy.a(usbh_conf.o)
                0x0000000008007f4c                HAL_HCD_PortDisabled_Callback
 .text.USBH_LL_Stop
                0x0000000008007f54       0x1c ../../libDaisy//build/libdaisy.a(usbh_conf.o)
                0x0000000008007f54                USBH_LL_Stop
 .text._ZN5daisy5Color4InitENS0_11PresetColorE
                0x0000000008007f70       0x20 ../../libDaisy//build/libdaisy.a(color.o)
                0x0000000008007f70                daisy::Color::Init(daisy::Color::PresetColor)
 .text.dsy_hal_map_get_port
                0x0000000008007f90       0x10 ../../libDaisy//build/libdaisy.a(hal_map.o)
                0x0000000008007f90                dsy_hal_map_get_port
 .text.dsy_hal_map_get_pin
                0x0000000008007fa0       0x10 ../../libDaisy//build/libdaisy.a(hal_map.o)
                0x0000000008007fa0                dsy_hal_map_get_pin
 .text.dsy_hal_map_gpio_clk_enable
                0x0000000008007fb0      0x150 ../../libDaisy//build/libdaisy.a(hal_map.o)
                0x0000000008007fb0                dsy_hal_map_gpio_clk_enable
 .text.HAL_MspInit
                0x0000000008008100        0x4 ../../libDaisy//build/libdaisy.a(stm32h7xx_hal.o)
                0x0000000008008100                HAL_MspInit
 .text.HAL_InitTick
                0x0000000008008104       0x4c ../../libDaisy//build/libdaisy.a(stm32h7xx_hal.o)
                0x0000000008008104                HAL_InitTick
 .text.HAL_Init
                0x0000000008008150       0x60 ../../libDaisy//build/libdaisy.a(stm32h7xx_hal.o)
                0x0000000008008150                HAL_Init
 .text.HAL_IncTick
                0x00000000080081b0       0x18 ../../libDaisy//build/libdaisy.a(stm32h7xx_hal.o)
                0x00000000080081b0                HAL_IncTick
 .text.HAL_GetTick
                0x00000000080081c8        0xc ../../libDaisy//build/libdaisy.a(stm32h7xx_hal.o)
                0x00000000080081c8                HAL_GetTick
 .text.HAL_Delay
                0x00000000080081d4       0x24 ../../libDaisy//build/libdaisy.a(stm32h7xx_hal.o)
                0x00000000080081d4                HAL_Delay
 .text.HAL_GetREVID
                0x00000000080081f8        0xc ../../libDaisy//build/libdaisy.a(stm32h7xx_hal.o)
                0x00000000080081f8                HAL_GetREVID
 .text.HAL_ADC_ConvHalfCpltCallback
                0x0000000008008204        0x4 ../../libDaisy//build/libdaisy.a(stm32h7xx_hal_adc.o)
                0x0000000008008204                HAL_ADC_ConvHalfCpltCallback
 .text.ADC_DMAHalfConvCplt
                0x0000000008008208        0xc ../../libDaisy//build/libdaisy.a(stm32h7xx_hal_adc.o)
                0x0000000008008208                ADC_DMAHalfConvCplt
 .text.ADC_DMAConvCplt
                0x0000000008008214       0x6c ../../libDaisy//build/libdaisy.a(stm32h7xx_hal_adc.o)
                0x0000000008008214                ADC_DMAConvCplt
 .text.ADC_DMAError
                0x0000000008008280       0x1c ../../libDaisy//build/libdaisy.a(stm32h7xx_hal_adc.o)
                0x0000000008008280                ADC_DMAError
 .text.HAL_ADC_ConfigChannel
                0x000000000800829c      0x3fc ../../libDaisy//build/libdaisy.a(stm32h7xx_hal_adc.o)
                0x000000000800829c                HAL_ADC_ConfigChannel
 .text.ADC_Enable
                0x0000000008008698       0xac ../../libDaisy//build/libdaisy.a(stm32h7xx_hal_adc.o)
                0x0000000008008698                ADC_Enable
 .text.HAL_ADC_Start_DMA
                0x0000000008008744      0x114 ../../libDaisy//build/libdaisy.a(stm32h7xx_hal_adc.o)
                0x0000000008008744                HAL_ADC_Start_DMA
 .text.ADC_Disable
                0x0000000008008858       0x68 ../../libDaisy//build/libdaisy.a(stm32h7xx_hal_adc.o)
                0x0000000008008858                ADC_Disable
 .text.ADC_ConfigureBoostMode
                0x00000000080088c0      0x184 ../../libDaisy//build/libdaisy.a(stm32h7xx_hal_adc.o)
                0x00000000080088c0                ADC_ConfigureBoostMode
 .text.HAL_ADC_Init
                0x0000000008008a44      0x218 ../../libDaisy//build/libdaisy.a(stm32h7xx_hal_adc.o)
                0x0000000008008a44                HAL_ADC_Init
 .text.HAL_ADCEx_Calibration_Start
                0x0000000008008c5c       0xa4 ../../libDaisy//build/libdaisy.a(stm32h7xx_hal_adc_ex.o)
                0x0000000008008c5c                HAL_ADCEx_Calibration_Start
 .text.HAL_ADCEx_MultiModeConfigChannel
                0x0000000008008d00       0xc4 ../../libDaisy//build/libdaisy.a(stm32h7xx_hal_adc_ex.o)
                0x0000000008008d00                HAL_ADCEx_MultiModeConfigChannel
 .text.HAL_NVIC_SetPriorityGrouping
                0x0000000008008dc4       0x24 ../../libDaisy//build/libdaisy.a(stm32h7xx_hal_cortex.o)
                0x0000000008008dc4                HAL_NVIC_SetPriorityGrouping
 .text.HAL_NVIC_SetPriority
                0x0000000008008de8       0x7c ../../libDaisy//build/libdaisy.a(stm32h7xx_hal_cortex.o)
                0x0000000008008de8                HAL_NVIC_SetPriority
 .text.HAL_NVIC_EnableIRQ
                0x0000000008008e64       0x1c ../../libDaisy//build/libdaisy.a(stm32h7xx_hal_cortex.o)
                0x0000000008008e64                HAL_NVIC_EnableIRQ
 .text.HAL_NVIC_DisableIRQ
                0x0000000008008e80       0x28 ../../libDaisy//build/libdaisy.a(stm32h7xx_hal_cortex.o)
                0x0000000008008e80                HAL_NVIC_DisableIRQ
 .text.HAL_SYSTICK_Config
                0x0000000008008ea8       0x2c ../../libDaisy//build/libdaisy.a(stm32h7xx_hal_cortex.o)
                0x0000000008008ea8                HAL_SYSTICK_Config
 .text.HAL_MPU_Disable
                0x0000000008008ed4       0x1c ../../libDaisy//build/libdaisy.a(stm32h7xx_hal_cortex.o)
                0x0000000008008ed4                HAL_MPU_Disable
 .text.HAL_MPU_Enable
                0x0000000008008ef0       0x20 ../../libDaisy//build/libdaisy.a(stm32h7xx_hal_cortex.o)
                0x0000000008008ef0                HAL_MPU_Enable
 .text.HAL_MPU_ConfigRegion
                0x0000000008008f10       0x64 ../../libDaisy//build/libdaisy.a(stm32h7xx_hal_cortex.o)
                0x0000000008008f10                HAL_MPU_ConfigRegion
 .text.HAL_SYSTICK_Callback
                0x0000000008008f74        0x4 ../../libDaisy//build/libdaisy.a(stm32h7xx_hal_cortex.o)
                0x0000000008008f74                HAL_SYSTICK_Callback
 .text.HAL_SYSTICK_IRQHandler
                0x0000000008008f78        0x8 ../../libDaisy//build/libdaisy.a(stm32h7xx_hal_cortex.o)
                0x0000000008008f78                HAL_SYSTICK_IRQHandler
 .text.DMA_CalcBaseAndBitshift
                0x0000000008008f80       0xf4 ../../libDaisy//build/libdaisy.a(stm32h7xx_hal_dma.o)
 .text.DMA_CalcDMAMUXChannelBaseAndMask
                0x0000000008009074       0xd8 ../../libDaisy//build/libdaisy.a(stm32h7xx_hal_dma.o)
 .text.HAL_DMA_Init
                0x000000000800914c      0x37c ../../libDaisy//build/libdaisy.a(stm32h7xx_hal_dma.o)
                0x000000000800914c                HAL_DMA_Init
 .text.HAL_DMA_Start_IT
                0x00000000080094c8      0x240 ../../libDaisy//build/libdaisy.a(stm32h7xx_hal_dma.o)
                0x00000000080094c8                HAL_DMA_Start_IT
 .text.HAL_DMA_Abort_IT
                0x0000000008009708      0x134 ../../libDaisy//build/libdaisy.a(stm32h7xx_hal_dma.o)
                0x0000000008009708                HAL_DMA_Abort_IT
 .text.HAL_DMA_IRQHandler
                0x000000000800983c      0x6a0 ../../libDaisy//build/libdaisy.a(stm32h7xx_hal_dma.o)
                0x000000000800983c                HAL_DMA_IRQHandler
 .text.HAL_DMA_GetError
                0x0000000008009edc        0x4 ../../libDaisy//build/libdaisy.a(stm32h7xx_hal_dma.o)
                0x0000000008009edc                HAL_DMA_GetError
 .text.HAL_GPIO_Init
                0x0000000008009ee0      0x280 ../../libDaisy//build/libdaisy.a(stm32h7xx_hal_gpio.o)
                0x0000000008009ee0                HAL_GPIO_Init
 .text.HAL_GPIO_DeInit
                0x000000000800a160      0x190 ../../libDaisy//build/libdaisy.a(stm32h7xx_hal_gpio.o)
                0x000000000800a160                HAL_GPIO_DeInit
 .text.HAL_GPIO_ReadPin
                0x000000000800a2f0        0xc ../../libDaisy//build/libdaisy.a(stm32h7xx_hal_gpio.o)
                0x000000000800a2f0                HAL_GPIO_ReadPin
 .text.HAL_GPIO_WritePin
                0x000000000800a2fc        0x8 ../../libDaisy//build/libdaisy.a(stm32h7xx_hal_gpio.o)
                0x000000000800a2fc                HAL_GPIO_WritePin
 .text.HAL_HCD_IRQHandler
                0x000000000800a304      0x780 ../../libDaisy//build/libdaisy.a(stm32h7xx_hal_hcd.o)
                0x000000000800a304                HAL_HCD_IRQHandler
 .text.HAL_HCD_Stop
                0x000000000800aa84       0x28 ../../libDaisy//build/libdaisy.a(stm32h7xx_hal_hcd.o)
                0x000000000800aa84                HAL_HCD_Stop
 .text.I2C_WaitOnTXISFlagUntilTimeout
                0x000000000800aaac       0xb8 ../../libDaisy//build/libdaisy.a(stm32h7xx_hal_i2c.o)
 .text.I2C_WaitOnSTOPFlagUntilTimeout
                0x000000000800ab64       0xac ../../libDaisy//build/libdaisy.a(stm32h7xx_hal_i2c.o)
 .text.HAL_I2C_Init
                0x000000000800ac10       0xac ../../libDaisy//build/libdaisy.a(stm32h7xx_hal_i2c.o)
                0x000000000800ac10                HAL_I2C_Init
 .text.HAL_I2C_Master_Transmit
                0x000000000800acbc      0x1a8 ../../libDaisy//build/libdaisy.a(stm32h7xx_hal_i2c.o)
                0x000000000800acbc                HAL_I2C_Master_Transmit
 .text.HAL_I2C_Slave_Transmit
                0x000000000800ae64      0x1c8 ../../libDaisy//build/libdaisy.a(stm32h7xx_hal_i2c.o)
                0x000000000800ae64                HAL_I2C_Slave_Transmit
 .text.HAL_I2C_EV_IRQHandler
                0x000000000800b02c       0x10 ../../libDaisy//build/libdaisy.a(stm32h7xx_hal_i2c.o)
                0x000000000800b02c                HAL_I2C_EV_IRQHandler
 .text.HAL_I2C_GetState
                0x000000000800b03c        0x8 ../../libDaisy//build/libdaisy.a(stm32h7xx_hal_i2c.o)
                0x000000000800b03c                HAL_I2C_GetState
 .text.HAL_I2CEx_ConfigAnalogFilter
                0x000000000800b044       0x54 ../../libDaisy//build/libdaisy.a(stm32h7xx_hal_i2c_ex.o)
                0x000000000800b044                HAL_I2CEx_ConfigAnalogFilter
 .text.HAL_I2CEx_ConfigDigitalFilter
                0x000000000800b098       0x58 ../../libDaisy//build/libdaisy.a(stm32h7xx_hal_i2c_ex.o)
                0x000000000800b098                HAL_I2CEx_ConfigDigitalFilter
 .text.HAL_PCD_IRQHandler
                0x000000000800b0f0      0x69c ../../libDaisy//build/libdaisy.a(stm32h7xx_hal_pcd.o)
                0x000000000800b0f0                HAL_PCD_IRQHandler
 .text.HAL_PCD_SetAddress
                0x000000000800b78c       0x2c ../../libDaisy//build/libdaisy.a(stm32h7xx_hal_pcd.o)
                0x000000000800b78c                HAL_PCD_SetAddress
 .text.HAL_PCD_EP_Open
                0x000000000800b7b8       0x7c ../../libDaisy//build/libdaisy.a(stm32h7xx_hal_pcd.o)
                0x000000000800b7b8                HAL_PCD_EP_Open
 .text.HAL_PCD_EP_Receive
                0x000000000800b834       0x50 ../../libDaisy//build/libdaisy.a(stm32h7xx_hal_pcd.o)
                0x000000000800b834                HAL_PCD_EP_Receive
 .text.HAL_PCD_EP_Transmit
                0x000000000800b884       0x50 ../../libDaisy//build/libdaisy.a(stm32h7xx_hal_pcd.o)
                0x000000000800b884                HAL_PCD_EP_Transmit
 .text.HAL_PCD_EP_SetStall
                0x000000000800b8d4       0x88 ../../libDaisy//build/libdaisy.a(stm32h7xx_hal_pcd.o)
                0x000000000800b8d4                HAL_PCD_EP_SetStall
 .text.HAL_PCD_EP_ClrStall
                0x000000000800b95c       0x78 ../../libDaisy//build/libdaisy.a(stm32h7xx_hal_pcd.o)
                0x000000000800b95c                HAL_PCD_EP_ClrStall
 .text.HAL_PCDEx_LPM_Callback
                0x000000000800b9d4        0x4 ../../libDaisy//build/libdaisy.a(stm32h7xx_hal_pcd_ex.o)
                0x000000000800b9d4                HAL_PCDEx_LPM_Callback
 .text.HAL_PWREx_ConfigSupply
                0x000000000800b9d8       0x4c ../../libDaisy//build/libdaisy.a(stm32h7xx_hal_pwr_ex.o)
                0x000000000800b9d8                HAL_PWREx_ConfigSupply
 .text.HAL_PWREx_EnableUSBVoltageDetector
                0x000000000800ba24       0x10 ../../libDaisy//build/libdaisy.a(stm32h7xx_hal_pwr_ex.o)
                0x000000000800ba24                HAL_PWREx_EnableUSBVoltageDetector
 .text.QSPI_Config
                0x000000000800ba34      0x174 ../../libDaisy//build/libdaisy.a(stm32h7xx_hal_qspi.o)
 .text.HAL_QSPI_Init
                0x000000000800bba8       0xd8 ../../libDaisy//build/libdaisy.a(stm32h7xx_hal_qspi.o)
                0x000000000800bba8                HAL_QSPI_Init
 .text.HAL_QSPI_DeInit
                0x000000000800bc80       0x3c ../../libDaisy//build/libdaisy.a(stm32h7xx_hal_qspi.o)
                0x000000000800bc80                HAL_QSPI_DeInit
 .text.HAL_QSPI_Command
                0x000000000800bcbc       0xd4 ../../libDaisy//build/libdaisy.a(stm32h7xx_hal_qspi.o)
                0x000000000800bcbc                HAL_QSPI_Command
 .text.HAL_QSPI_Transmit
                0x000000000800bd90       0xfc ../../libDaisy//build/libdaisy.a(stm32h7xx_hal_qspi.o)
                0x000000000800bd90                HAL_QSPI_Transmit
 .text.HAL_QSPI_Receive
                0x000000000800be8c      0x108 ../../libDaisy//build/libdaisy.a(stm32h7xx_hal_qspi.o)
                0x000000000800be8c                HAL_QSPI_Receive
 .text.HAL_QSPI_AutoPolling
                0x000000000800bf94       0xf0 ../../libDaisy//build/libdaisy.a(stm32h7xx_hal_qspi.o)
                0x000000000800bf94                HAL_QSPI_AutoPolling
 .text.HAL_QSPI_MemoryMapped
                0x000000000800c084       0xc0 ../../libDaisy//build/libdaisy.a(stm32h7xx_hal_qspi.o)
                0x000000000800c084                HAL_QSPI_MemoryMapped
 .text.HAL_QSPI_ErrorCallback
                0x000000000800c144        0x4 ../../libDaisy//build/libdaisy.a(stm32h7xx_hal_qspi.o)
                0x000000000800c144                HAL_QSPI_ErrorCallback
 .text.QSPI_DMAAbortCplt
                0x000000000800c148       0x38 ../../libDaisy//build/libdaisy.a(stm32h7xx_hal_qspi.o)
 .text.HAL_QSPI_AbortCpltCallback
                0x000000000800c180        0x4 ../../libDaisy//build/libdaisy.a(stm32h7xx_hal_qspi.o)
                0x000000000800c180                HAL_QSPI_AbortCpltCallback
 .text.HAL_QSPI_CmdCpltCallback
                0x000000000800c184        0x4 ../../libDaisy//build/libdaisy.a(stm32h7xx_hal_qspi.o)
                0x000000000800c184                HAL_QSPI_CmdCpltCallback
 .text.HAL_QSPI_RxCpltCallback
                0x000000000800c188        0x4 ../../libDaisy//build/libdaisy.a(stm32h7xx_hal_qspi.o)
                0x000000000800c188                HAL_QSPI_RxCpltCallback
 .text.HAL_QSPI_TxCpltCallback
                0x000000000800c18c        0x4 ../../libDaisy//build/libdaisy.a(stm32h7xx_hal_qspi.o)
                0x000000000800c18c                HAL_QSPI_TxCpltCallback
 .text.HAL_QSPI_FifoThresholdCallback
                0x000000000800c190        0x4 ../../libDaisy//build/libdaisy.a(stm32h7xx_hal_qspi.o)
                0x000000000800c190                HAL_QSPI_FifoThresholdCallback
 .text.HAL_QSPI_StatusMatchCallback
                0x000000000800c194        0x4 ../../libDaisy//build/libdaisy.a(stm32h7xx_hal_qspi.o)
                0x000000000800c194                HAL_QSPI_StatusMatchCallback
 .text.HAL_QSPI_TimeOutCallback
                0x000000000800c198        0x4 ../../libDaisy//build/libdaisy.a(stm32h7xx_hal_qspi.o)
                0x000000000800c198                HAL_QSPI_TimeOutCallback
 .text.HAL_QSPI_IRQHandler
                0x000000000800c19c      0x210 ../../libDaisy//build/libdaisy.a(stm32h7xx_hal_qspi.o)
                0x000000000800c19c                HAL_QSPI_IRQHandler
 .text.HAL_RCC_OscConfig
                0x000000000800c3ac      0x51c ../../libDaisy//build/libdaisy.a(stm32h7xx_hal_rcc.o)
                0x000000000800c3ac                HAL_RCC_OscConfig
 .text.HAL_RCC_GetSysClockFreq
                0x000000000800c8c8      0x140 ../../libDaisy//build/libdaisy.a(stm32h7xx_hal_rcc.o)
                0x000000000800c8c8                HAL_RCC_GetSysClockFreq
 .text.HAL_RCC_ClockConfig
                0x000000000800ca08      0x234 ../../libDaisy//build/libdaisy.a(stm32h7xx_hal_rcc.o)
                0x000000000800ca08                HAL_RCC_ClockConfig
 .text.HAL_RCC_GetHCLKFreq
                0x000000000800cc3c       0x2c ../../libDaisy//build/libdaisy.a(stm32h7xx_hal_rcc.o)
                0x000000000800cc3c                HAL_RCC_GetHCLKFreq
 .text.HAL_RCC_GetPCLK1Freq
                0x000000000800cc68       0x38 ../../libDaisy//build/libdaisy.a(stm32h7xx_hal_rcc.o)
                0x000000000800cc68                HAL_RCC_GetPCLK1Freq
 .text.HAL_RCC_GetPCLK2Freq
                0x000000000800cca0       0x38 ../../libDaisy//build/libdaisy.a(stm32h7xx_hal_rcc.o)
                0x000000000800cca0                HAL_RCC_GetPCLK2Freq
 .text.RCCEx_PLL2_Config
                0x000000000800ccd8       0xf4 ../../libDaisy//build/libdaisy.a(stm32h7xx_hal_rcc_ex.o)
 .text.RCCEx_PLL3_Config
                0x000000000800cdcc       0xf4 ../../libDaisy//build/libdaisy.a(stm32h7xx_hal_rcc_ex.o)
 .text.HAL_RCCEx_PeriphCLKConfig
                0x000000000800cec0      0xa7c ../../libDaisy//build/libdaisy.a(stm32h7xx_hal_rcc_ex.o)
                0x000000000800cec0                HAL_RCCEx_PeriphCLKConfig
 .text.HAL_RCCEx_GetD3PCLK1Freq
                0x000000000800d93c       0x24 ../../libDaisy//build/libdaisy.a(stm32h7xx_hal_rcc_ex.o)
                0x000000000800d93c                HAL_RCCEx_GetD3PCLK1Freq
 .text.HAL_RCCEx_GetPLL2ClockFreq
                0x000000000800d960      0x17c ../../libDaisy//build/libdaisy.a(stm32h7xx_hal_rcc_ex.o)
                0x000000000800d960                HAL_RCCEx_GetPLL2ClockFreq
 .text.HAL_RCCEx_GetPLL3ClockFreq
                0x000000000800dadc      0x17c ../../libDaisy//build/libdaisy.a(stm32h7xx_hal_rcc_ex.o)
                0x000000000800dadc                HAL_RCCEx_GetPLL3ClockFreq
 .text.HAL_RCCEx_GetPLL1ClockFreq
                0x000000000800dc58      0x17c ../../libDaisy//build/libdaisy.a(stm32h7xx_hal_rcc_ex.o)
                0x000000000800dc58                HAL_RCCEx_GetPLL1ClockFreq
 .text.HAL_RCCEx_GetPeriphCLKFreq
                0x000000000800ddd4      0x198 ../../libDaisy//build/libdaisy.a(stm32h7xx_hal_rcc_ex.o)
                0x000000000800ddd4                HAL_RCCEx_GetPeriphCLKFreq
 .text.HAL_RCCEx_GetD1SysClockFreq
                0x000000000800df6c       0x2c ../../libDaisy//build/libdaisy.a(stm32h7xx_hal_rcc_ex.o)
                0x000000000800df6c                HAL_RCCEx_GetD1SysClockFreq
 .text.HAL_SAI_Init.part.0
                0x000000000800df98      0x348 ../../libDaisy//build/libdaisy.a(stm32h7xx_hal_sai.o)
 .text.HAL_SAI_InitProtocol
                0x000000000800e2e0      0x178 ../../libDaisy//build/libdaisy.a(stm32h7xx_hal_sai.o)
                0x000000000800e2e0                HAL_SAI_InitProtocol
 .text.HAL_SAI_Transmit_DMA
                0x000000000800e458      0x124 ../../libDaisy//build/libdaisy.a(stm32h7xx_hal_sai.o)
                0x000000000800e458                HAL_SAI_Transmit_DMA
 .text.HAL_SAI_Receive_DMA
                0x000000000800e57c       0xd0 ../../libDaisy//build/libdaisy.a(stm32h7xx_hal_sai.o)
                0x000000000800e57c                HAL_SAI_Receive_DMA
 .text.HAL_SAI_TxCpltCallback
                0x000000000800e64c        0x4 ../../libDaisy//build/libdaisy.a(stm32h7xx_hal_sai.o)
                0x000000000800e64c                HAL_SAI_TxCpltCallback
 .text.SAI_DMATxCplt
                0x000000000800e650       0x64 ../../libDaisy//build/libdaisy.a(stm32h7xx_hal_sai.o)
 .text.HAL_SAI_TxHalfCpltCallback
                0x000000000800e6b4        0x4 ../../libDaisy//build/libdaisy.a(stm32h7xx_hal_sai.o)
                0x000000000800e6b4                HAL_SAI_TxHalfCpltCallback
 .text.SAI_DMATxHalfCplt
                0x000000000800e6b8        0xc ../../libDaisy//build/libdaisy.a(stm32h7xx_hal_sai.o)
 .text.SAI_DMARxCplt
                0x000000000800e6c4       0x64 ../../libDaisy//build/libdaisy.a(stm32h7xx_hal_sai.o)
 .text.SAI_DMARxHalfCplt
                0x000000000800e728        0xc ../../libDaisy//build/libdaisy.a(stm32h7xx_hal_sai.o)
 .text.HAL_SAI_ErrorCallback
                0x000000000800e734        0x4 ../../libDaisy//build/libdaisy.a(stm32h7xx_hal_sai.o)
                0x000000000800e734                HAL_SAI_ErrorCallback
 .text.SAI_DMAError
                0x000000000800e738       0x6c ../../libDaisy//build/libdaisy.a(stm32h7xx_hal_sai.o)
 .text.HAL_SDRAM_Init
                0x000000000800e7a4       0x54 ../../libDaisy//build/libdaisy.a(stm32h7xx_hal_sdram.o)
                0x000000000800e7a4                HAL_SDRAM_Init
 .text.HAL_SDRAM_SendCommand
                0x000000000800e7f8       0x40 ../../libDaisy//build/libdaisy.a(stm32h7xx_hal_sdram.o)
                0x000000000800e7f8                HAL_SDRAM_SendCommand
 .text.HAL_SDRAM_ProgramRefreshRate
                0x000000000800e838       0x30 ../../libDaisy//build/libdaisy.a(stm32h7xx_hal_sdram.o)
                0x000000000800e838                HAL_SDRAM_ProgramRefreshRate
 .text.HAL_UART_Transmit_DMA
                0x000000000800e868       0xa4 ../../libDaisy//build/libdaisy.a(stm32h7xx_hal_uart.o)
                0x000000000800e868                HAL_UART_Transmit_DMA
 .text.HAL_UART_Receive_DMA
                0x000000000800e90c       0xac ../../libDaisy//build/libdaisy.a(stm32h7xx_hal_uart.o)
                0x000000000800e90c                HAL_UART_Receive_DMA
 .text.UART_DMATransmitCplt
                0x000000000800e9b8       0x2c ../../libDaisy//build/libdaisy.a(stm32h7xx_hal_uart.o)
 .text.HAL_UART_TxHalfCpltCallback
                0x000000000800e9e4        0x4 ../../libDaisy//build/libdaisy.a(stm32h7xx_hal_uart.o)
                0x000000000800e9e4                HAL_UART_TxHalfCpltCallback
 .text.UART_DMATxHalfCplt
                0x000000000800e9e8        0xc ../../libDaisy//build/libdaisy.a(stm32h7xx_hal_uart.o)
 .text.UART_DMAReceiveCplt
                0x000000000800e9f4       0x38 ../../libDaisy//build/libdaisy.a(stm32h7xx_hal_uart.o)
 .text.HAL_UART_RxHalfCpltCallback
                0x000000000800ea2c        0x4 ../../libDaisy//build/libdaisy.a(stm32h7xx_hal_uart.o)
                0x000000000800ea2c                HAL_UART_RxHalfCpltCallback
 .text.UART_DMARxHalfCplt
                0x000000000800ea30        0xc ../../libDaisy//build/libdaisy.a(stm32h7xx_hal_uart.o)
 .text.UART_DMAError
                0x000000000800ea3c       0x78 ../../libDaisy//build/libdaisy.a(stm32h7xx_hal_uart.o)
 .text.HAL_UART_IRQHandler
                0x000000000800eab4      0x1d0 ../../libDaisy//build/libdaisy.a(stm32h7xx_hal_uart.o)
                0x000000000800eab4                HAL_UART_IRQHandler
 .text.UART_DMAAbortOnError
                0x000000000800ec84       0x14 ../../libDaisy//build/libdaisy.a(stm32h7xx_hal_uart.o)
 .text.HAL_UART_GetState
                0x000000000800ec98        0xc ../../libDaisy//build/libdaisy.a(stm32h7xx_hal_uart.o)
                0x000000000800ec98                HAL_UART_GetState
 .text.UART_SetConfig
                0x000000000800eca4     0x14b8 ../../libDaisy//build/libdaisy.a(stm32h7xx_hal_uart.o)
                0x000000000800eca4                UART_SetConfig
 .text.UART_AdvFeatureConfig
                0x000000000801015c       0xb0 ../../libDaisy//build/libdaisy.a(stm32h7xx_hal_uart.o)
                0x000000000801015c                UART_AdvFeatureConfig
 .text.UART_CheckIdleState
                0x000000000801020c       0x84 ../../libDaisy//build/libdaisy.a(stm32h7xx_hal_uart.o)
                0x000000000801020c                UART_CheckIdleState
 .text.HAL_UART_Init
                0x0000000008010290       0x68 ../../libDaisy//build/libdaisy.a(stm32h7xx_hal_uart.o)
                0x0000000008010290                HAL_UART_Init
 .text.HAL_UARTEx_WakeupCallback
                0x00000000080102f8        0x4 ../../libDaisy//build/libdaisy.a(stm32h7xx_hal_uart_ex.o)
                0x00000000080102f8                HAL_UARTEx_WakeupCallback
 .text.HAL_UARTEx_RxFifoFullCallback
                0x00000000080102fc        0x4 ../../libDaisy//build/libdaisy.a(stm32h7xx_hal_uart_ex.o)
                0x00000000080102fc                HAL_UARTEx_RxFifoFullCallback
 .text.HAL_UARTEx_TxFifoEmptyCallback
                0x0000000008010300        0x4 ../../libDaisy//build/libdaisy.a(stm32h7xx_hal_uart_ex.o)
                0x0000000008010300                HAL_UARTEx_TxFifoEmptyCallback
 .text.HAL_UARTEx_DisableFifoMode
                0x0000000008010304       0x3c ../../libDaisy//build/libdaisy.a(stm32h7xx_hal_uart_ex.o)
                0x0000000008010304                HAL_UARTEx_DisableFifoMode
 .text.HAL_UARTEx_SetTxFifoThreshold
                0x0000000008010340       0xa4 ../../libDaisy//build/libdaisy.a(stm32h7xx_hal_uart_ex.o)
                0x0000000008010340                HAL_UARTEx_SetTxFifoThreshold
 .text.HAL_UARTEx_SetRxFifoThreshold
                0x00000000080103e4       0xa4 ../../libDaisy//build/libdaisy.a(stm32h7xx_hal_uart_ex.o)
                0x00000000080103e4                HAL_UARTEx_SetRxFifoThreshold
 .text.FMC_SDRAM_Init
                0x0000000008010488       0x7c ../../libDaisy//build/libdaisy.a(stm32h7xx_ll_fmc.o)
                0x0000000008010488                FMC_SDRAM_Init
 .text.FMC_SDRAM_Timing_Init
                0x0000000008010504       0x98 ../../libDaisy//build/libdaisy.a(stm32h7xx_ll_fmc.o)
                0x0000000008010504                FMC_SDRAM_Timing_Init
 .text.FMC_SDRAM_SendCommand
                0x000000000801059c       0x28 ../../libDaisy//build/libdaisy.a(stm32h7xx_ll_fmc.o)
                0x000000000801059c                FMC_SDRAM_SendCommand
 .text.FMC_SDRAM_ProgramRefreshRate
                0x00000000080105c4       0x1c ../../libDaisy//build/libdaisy.a(stm32h7xx_ll_fmc.o)
                0x00000000080105c4                FMC_SDRAM_ProgramRefreshRate
 .text.USB_SetTurnaroundTime
                0x00000000080105e0      0x104 ../../libDaisy//build/libdaisy.a(stm32h7xx_ll_usb.o)
                0x00000000080105e0                USB_SetTurnaroundTime
 .text.USB_FlushTxFifo
                0x00000000080106e4       0x34 ../../libDaisy//build/libdaisy.a(stm32h7xx_ll_usb.o)
                0x00000000080106e4                USB_FlushTxFifo
 .text.USB_GetDevSpeed
                0x0000000008010718       0x24 ../../libDaisy//build/libdaisy.a(stm32h7xx_ll_usb.o)
                0x0000000008010718                USB_GetDevSpeed
 .text.USB_ActivateEndpoint
                0x000000000801073c       0x90 ../../libDaisy//build/libdaisy.a(stm32h7xx_ll_usb.o)
                0x000000000801073c                USB_ActivateEndpoint
 .text.USB_EPStartXfer
                0x00000000080107cc      0x230 ../../libDaisy//build/libdaisy.a(stm32h7xx_ll_usb.o)
                0x00000000080107cc                USB_EPStartXfer
 .text.USB_EP0StartXfer
                0x00000000080109fc      0x174 ../../libDaisy//build/libdaisy.a(stm32h7xx_ll_usb.o)
                0x00000000080109fc                USB_EP0StartXfer
 .text.USB_WritePacket
                0x0000000008010b70       0x2c ../../libDaisy//build/libdaisy.a(stm32h7xx_ll_usb.o)
                0x0000000008010b70                USB_WritePacket
 .text.USB_ReadPacket
                0x0000000008010b9c       0x20 ../../libDaisy//build/libdaisy.a(stm32h7xx_ll_usb.o)
                0x0000000008010b9c                USB_ReadPacket
 .text.USB_EPSetStall
                0x0000000008010bbc       0x68 ../../libDaisy//build/libdaisy.a(stm32h7xx_ll_usb.o)
                0x0000000008010bbc                USB_EPSetStall
 .text.USB_EPClearStall
                0x0000000008010c24       0x58 ../../libDaisy//build/libdaisy.a(stm32h7xx_ll_usb.o)
                0x0000000008010c24                USB_EPClearStall
 .text.USB_SetDevAddress
                0x0000000008010c7c       0x24 ../../libDaisy//build/libdaisy.a(stm32h7xx_ll_usb.o)
                0x0000000008010c7c                USB_SetDevAddress
 .text.USB_ReadInterrupts
                0x0000000008010ca0       0x14 ../../libDaisy//build/libdaisy.a(stm32h7xx_ll_usb.o)
                0x0000000008010ca0                USB_ReadInterrupts
 .text.USB_ReadDevAllOutEpInterrupt
                0x0000000008010cb4       0x1c ../../libDaisy//build/libdaisy.a(stm32h7xx_ll_usb.o)
                0x0000000008010cb4                USB_ReadDevAllOutEpInterrupt
 .text.USB_ReadDevAllInEpInterrupt
                0x0000000008010cd0       0x1c ../../libDaisy//build/libdaisy.a(stm32h7xx_ll_usb.o)
                0x0000000008010cd0                USB_ReadDevAllInEpInterrupt
 .text.USB_ReadDevOutEPInterrupt
                0x0000000008010cec       0x1c ../../libDaisy//build/libdaisy.a(stm32h7xx_ll_usb.o)
                0x0000000008010cec                USB_ReadDevOutEPInterrupt
 .text.USB_ReadDevInEPInterrupt
                0x0000000008010d08       0x38 ../../libDaisy//build/libdaisy.a(stm32h7xx_ll_usb.o)
                0x0000000008010d08                USB_ReadDevInEPInterrupt
 .text.USB_GetMode
                0x0000000008010d40        0x8 ../../libDaisy//build/libdaisy.a(stm32h7xx_ll_usb.o)
                0x0000000008010d40                USB_GetMode
 .text.USB_ActivateSetup
                0x0000000008010d48       0x38 ../../libDaisy//build/libdaisy.a(stm32h7xx_ll_usb.o)
                0x0000000008010d48                USB_ActivateSetup
 .text.USB_EP0_OutStart
                0x0000000008010d80       0x58 ../../libDaisy//build/libdaisy.a(stm32h7xx_ll_usb.o)
                0x0000000008010d80                USB_EP0_OutStart
 .text.USB_InitFSLSPClkSel
                0x0000000008010dd8       0x44 ../../libDaisy//build/libdaisy.a(stm32h7xx_ll_usb.o)
                0x0000000008010dd8                USB_InitFSLSPClkSel
 .text.USB_HC_ReadInterrupt
                0x0000000008010e1c        0x8 ../../libDaisy//build/libdaisy.a(stm32h7xx_ll_usb.o)
                0x0000000008010e1c                USB_HC_ReadInterrupt
 .text.USB_HC_Halt
                0x0000000008010e24       0xc0 ../../libDaisy//build/libdaisy.a(stm32h7xx_ll_usb.o)
                0x0000000008010e24                USB_HC_Halt
 .text.USB_StopHost
                0x0000000008010ee4      0x2ec ../../libDaisy//build/libdaisy.a(stm32h7xx_ll_usb.o)
                0x0000000008010ee4                USB_StopHost
 .text.USBD_SetClassConfig
                0x00000000080111d0       0x14 ../../libDaisy//build/libdaisy.a(usbd_core.o)
                0x00000000080111d0                USBD_SetClassConfig
 .text.USBD_ClrClassConfig
                0x00000000080111e4       0x10 ../../libDaisy//build/libdaisy.a(usbd_core.o)
                0x00000000080111e4                USBD_ClrClassConfig
 .text.USBD_LL_SetupStage
                0x00000000080111f4       0x5c ../../libDaisy//build/libdaisy.a(usbd_core.o)
                0x00000000080111f4                USBD_LL_SetupStage
 .text.USBD_LL_DataOutStage
                0x0000000008011250       0x7c ../../libDaisy//build/libdaisy.a(usbd_core.o)
                0x0000000008011250                USBD_LL_DataOutStage
 .text.USBD_LL_DataInStage
                0x00000000080112cc       0xcc ../../libDaisy//build/libdaisy.a(usbd_core.o)
                0x00000000080112cc                USBD_LL_DataInStage
 .text.USBD_LL_Reset
                0x0000000008011398       0x50 ../../libDaisy//build/libdaisy.a(usbd_core.o)
                0x0000000008011398                USBD_LL_Reset
 .text.USBD_LL_SetSpeed
                0x00000000080113e8        0x8 ../../libDaisy//build/libdaisy.a(usbd_core.o)
                0x00000000080113e8                USBD_LL_SetSpeed
 .text.USBD_LL_Suspend
                0x00000000080113f0       0x14 ../../libDaisy//build/libdaisy.a(usbd_core.o)
                0x00000000080113f0                USBD_LL_Suspend
 .text.USBD_LL_Resume
                0x0000000008011404       0x10 ../../libDaisy//build/libdaisy.a(usbd_core.o)
                0x0000000008011404                USBD_LL_Resume
 .text.USBD_LL_SOF
                0x0000000008011414       0x1c ../../libDaisy//build/libdaisy.a(usbd_core.o)
                0x0000000008011414                USBD_LL_SOF
 .text.USBD_LL_IsoINIncomplete
                0x0000000008011430        0x4 ../../libDaisy//build/libdaisy.a(usbd_core.o)
                0x0000000008011430                USBD_LL_IsoINIncomplete
 .text.USBD_LL_IsoOUTIncomplete
                0x0000000008011434        0x4 ../../libDaisy//build/libdaisy.a(usbd_core.o)
                0x0000000008011434                USBD_LL_IsoOUTIncomplete
 .text.USBD_LL_DevConnected
                0x0000000008011438        0x4 ../../libDaisy//build/libdaisy.a(usbd_core.o)
                0x0000000008011438                USBD_LL_DevConnected
 .text.USBD_LL_DevDisconnected
                0x000000000801143c       0x18 ../../libDaisy//build/libdaisy.a(usbd_core.o)
                0x000000000801143c                USBD_LL_DevDisconnected
 .text.USBD_StdDevReq
                0x0000000008011454      0x304 ../../libDaisy//build/libdaisy.a(usbd_ctlreq.o)
                0x0000000008011454                USBD_StdDevReq
 .text.USBD_StdItfReq
                0x0000000008011758       0x68 ../../libDaisy//build/libdaisy.a(usbd_ctlreq.o)
                0x0000000008011758                USBD_StdItfReq
 .text.USBD_StdEPReq
                0x00000000080117c0      0x13c ../../libDaisy//build/libdaisy.a(usbd_ctlreq.o)
                0x00000000080117c0                USBD_StdEPReq
 .text.USBD_ParseSetupRequest
                0x00000000080118fc       0x28 ../../libDaisy//build/libdaisy.a(usbd_ctlreq.o)
                0x00000000080118fc                USBD_ParseSetupRequest
 .text.USBD_CtlSendData
                0x0000000008011924       0x1c ../../libDaisy//build/libdaisy.a(usbd_ioreq.o)
                0x0000000008011924                USBD_CtlSendData
 .text.USBD_CtlContinueSendData
                0x0000000008011940       0x14 ../../libDaisy//build/libdaisy.a(usbd_ioreq.o)
                0x0000000008011940                USBD_CtlContinueSendData
 .text.USBD_CtlContinueRx
                0x0000000008011954       0x14 ../../libDaisy//build/libdaisy.a(usbd_ioreq.o)
                0x0000000008011954                USBD_CtlContinueRx
 .text.USBD_CtlSendStatus
                0x0000000008011968       0x18 ../../libDaisy//build/libdaisy.a(usbd_ioreq.o)
                0x0000000008011968                USBD_CtlSendStatus
 .text.USBD_CtlReceiveStatus
                0x0000000008011980       0x18 ../../libDaisy//build/libdaisy.a(usbd_ioreq.o)
                0x0000000008011980                USBD_CtlReceiveStatus
 .text.USBH_LL_IncTimer
                0x0000000008011998       0x20 ../../libDaisy//build/libdaisy.a(usbh_core.o)
                0x0000000008011998                USBH_LL_IncTimer
 .text.USBH_LL_PortEnabled
                0x00000000080119b8        0x8 ../../libDaisy//build/libdaisy.a(usbh_core.o)
                0x00000000080119b8                USBH_LL_PortEnabled
 .text.USBH_LL_PortDisabled
                0x00000000080119c0        0x8 ../../libDaisy//build/libdaisy.a(usbh_core.o)
                0x00000000080119c0                USBH_LL_PortDisabled
 .text.USBH_LL_Connect
                0x00000000080119c8       0x18 ../../libDaisy//build/libdaisy.a(usbh_core.o)
                0x00000000080119c8                USBH_LL_Connect
 .text.USBH_LL_Disconnect
                0x00000000080119e0       0x2c ../../libDaisy//build/libdaisy.a(usbh_core.o)
                0x00000000080119e0                USBH_LL_Disconnect
 .text.USBH_FreePipe
                0x0000000008011a0c       0x18 ../../libDaisy//build/libdaisy.a(usbh_pipes.o)
                0x0000000008011a0c                USBH_FreePipe
 .text._ZN5daisy3Led4InitE12dsy_gpio_pinbf
                0x0000000008011a24       0x48 ../../libDaisy//build/libdaisy.a(led.o)
                0x0000000008011a24                daisy::Led::Init(dsy_gpio_pin, bool, float)
 .text._ZN5daisy3Led3SetEf
                0x0000000008011a6c       0x24 ../../libDaisy//build/libdaisy.a(led.o)
                0x0000000008011a6c                daisy::Led::Set(float)
 .text._ZN5daisy3Led6UpdateEv
                0x0000000008011a90       0x48 ../../libDaisy//build/libdaisy.a(led.o)
                0x0000000008011a90                daisy::Led::Update()
 .text._ZN5daisy9SpiHandle4Impl7InitDmaEv
                0x0000000008011ad8       0xec ../../libDaisy//build/libdaisy.a(spi.o)
                0x0000000008011ad8                daisy::SpiHandle::Impl::InitDma()
 .text._ZN5daisy9SpiHandle4Impl10StartDmaTxEPhjPFvPvEPFvS3_NS0_6ResultEES3_
                0x0000000008011bc4       0xc8 ../../libDaisy//build/libdaisy.a(spi.o)
                0x0000000008011bc4                daisy::SpiHandle::Impl::StartDmaTx(unsigned char*, unsigned int, void (*)(void*), void (*)(void*, daisy::SpiHandle::Result), void*)
 .text._ZN5daisy9SpiHandle4Impl10StartDmaRxEPhjPFvPvEPFvS3_NS0_6ResultEES3_
                0x0000000008011c8c       0xc8 ../../libDaisy//build/libdaisy.a(spi.o)
                0x0000000008011c8c                daisy::SpiHandle::Impl::StartDmaRx(unsigned char*, unsigned int, void (*)(void*), void (*)(void*, daisy::SpiHandle::Result), void*)
 .text._ZN5daisy9SpiHandle4Impl12StartDmaRxTxEPhS2_jPFvPvEPFvS3_NS0_6ResultEES3_
                0x0000000008011d54       0xcc ../../libDaisy//build/libdaisy.a(spi.o)
                0x0000000008011d54                daisy::SpiHandle::Impl::StartDmaRxTx(unsigned char*, unsigned char*, unsigned int, void (*)(void*), void (*)(void*, daisy::SpiHandle::Result), void*)
 .text._ZN5daisy9SpiHandle4Impl8InitPinsEv
                0x0000000008011e20      0x274 ../../libDaisy//build/libdaisy.a(spi.o)
                0x0000000008011e20                daisy::SpiHandle::Impl::InitPins()
 .text.HAL_SPI_MspInit
                0x0000000008012094      0x1a8 ../../libDaisy//build/libdaisy.a(spi.o)
                0x0000000008012094                HAL_SPI_MspInit
 .text.dsy_spi_global_init
                0x000000000801223c       0x80 ../../libDaisy//build/libdaisy.a(spi.o)
                0x000000000801223c                dsy_spi_global_init
 .text.SPI1_IRQHandler
                0x00000000080122bc        0xc ../../libDaisy//build/libdaisy.a(spi.o)
                0x00000000080122bc                SPI1_IRQHandler
 .text.SPI2_IRQHandler
                0x00000000080122c8        0xc ../../libDaisy//build/libdaisy.a(spi.o)
                0x00000000080122c8                SPI2_IRQHandler
 .text.SPI3_IRQHandler
                0x00000000080122d4        0xc ../../libDaisy//build/libdaisy.a(spi.o)
                0x00000000080122d4                SPI3_IRQHandler
 .text.SPI4_IRQHandler
                0x00000000080122e0        0xc ../../libDaisy//build/libdaisy.a(spi.o)
                0x00000000080122e0                SPI4_IRQHandler
 .text.SPI5_IRQHandler
                0x00000000080122ec        0xc ../../libDaisy//build/libdaisy.a(spi.o)
                0x00000000080122ec                SPI5_IRQHandler
 .text.DMA2_Stream2_IRQHandler
                0x00000000080122f8       0x34 ../../libDaisy//build/libdaisy.a(spi.o)
                0x00000000080122f8                DMA2_Stream2_IRQHandler
 .text.DMA2_Stream3_IRQHandler
                0x000000000801232c       0x38 ../../libDaisy//build/libdaisy.a(spi.o)
                0x000000000801232c                DMA2_Stream3_IRQHandler
 .text.HAL_SPI_TxCpltCallback
                0x0000000008012364       0xc4 ../../libDaisy//build/libdaisy.a(spi.o)